(node:30086) Warning: The 'NO_COLOR  ✓   3 [chromium] › e2e/controls.spec.ts:407:0 › hovering timezone suggestions preserves typed values while explicit selections still commit (1.7s)
  ✓   1 [chromium] › e2e/controls.spec.ts:339:0 › timezone search preserves freeform offsets and recovers from empty and invalid choices (2.6s)
  ✓   4 [chromium] › e2e/controls.spec.ts:232:0 › choice menus support keyboard selection, nested Escape and pointer dismissal (4.2s)
  ✓   7 [firefox] › e2e/controls.spec.ts:339:0 › timezone search preserves freeform offsets and recovers from empty and invalid choices (3.2s)
  ✓   6 [firefox] › e2e/controls.spec.ts:232:0 › choice menus support keyboard selection, nested Escape and pointer dismissal (5.2s)
  ✓   2 [chromium] › e2e/controls.spec.ts:55:0 › themed choices align and their opened menus fit every breakpoint without losing work (9.4s)
  ✓   5 [firefox] › e2e/controls.spec.ts:55:0 › themed choices align and their opened menus fit every breakpoint without losing work (11.3s)
  ✓  10 [webkit] › e2e/controls.spec.ts:232:0 › choice menus support keyboard selection, nested Escape and pointer dismissal (4.2s)
  ✓  12 [webkit] › e2e/controls.spec.ts:407:0 › hovering timezone suggestions preserves typed values while explicit selections still commit (1.8s)
  ✓  11 [webkit] › e2e/controls.spec.ts:339:0 › timezone search preserves freeform offsets and recovers from empty and invalid choices (2.7s)
  ✓   9 [webkit] › e2e/controls.spec.ts:55:0 › themed choices align and their opened menus fit every breakpoint without losing work (9.9s)
  ✓  14 [android-emulation] › e2e/controls.spec.ts:232:0 › choice menus support keyboard selection, nested Escape and pointer dismissal (4.1s)
  ✓  15 [android-emulation] › e2e/controls.spec.ts:339:0 › timezone search preserves freeform offsets and recovers from empty and invalid choices (2.5s)
  ✓  16 [android-emulation] › e2e/controls.spec.ts:407:0 › hovering timezone suggestions preserves typed values while explicit selections still commit (1.6s)
  ✓  13 [android-emulation] › e2e/controls.spec.ts:55:0 › themed choices align and their opened menus fit every breakpoint without losing work (9.3s)
  ✓  18 [iphone-emulation] › e2e/controls.spec.ts:232:0 › choice menus support keyboard selection, nested Escape and pointer dismissal (4.3s)
  ✓  19 [iphone-emulation] › e2e/controls.spec.ts:339:0 › timezone search preserves freeform offsets and recovers from empty and invalid choices (2.8s)
  ✓  20 [iphone-emulation] › e2e/controls.spec.ts:407:0 › hovering timezone suggestions preserves typed values while explicit selections still commit (1.7s)
  ✓  17 [iphone-emulation] › e2e/controls.spec.ts:55:0 › themed choices align and their opened menus fit every breakpoint without losing work (9.9s)
  ✘   8 [firefox] › e2e/controls.spec.ts:407:0 › hovering timezone suggestions preserves typed values while explicit selections still commit (30.1s)


  1) [firefox] › e2e/controls.spec.ts:407:0 › hovering timezone suggestions preserves typed values while explicit selections still commit 

    Test timeout of 30000ms exceeded.

    Error: hover: Test timeout of 30000ms exceeded.
    Call log:
      - waiting for locator('[id="null"]').getByRole('option', { name: 'Osaka', exact: true })


      436 |     // Leave any prior pointer position so this exercises a fresh hover event.
      437 |     await page.mouse.move(0, 0);
    > 438 |     await alias.hover();
          |                ^
      439 |     await expect(alias).toHaveAttribute("data-hovered", "true");
      440 |     await input.press("Tab");
      441 |     await expect(input).toHaveValue("Asia/Tokyo");
        at /Users/tien/Developer/ChronoShift/e2e/controls.spec.ts:438:16

    attachment #1: screenshot (image/png) ──────────────────────────────────────────────────────────
    docs/qa/ci-virtualized-zones-2026-10-05/controls/2-candidate/results/controls-hovering-timezone-df152-cit-selections-still-commit-firefox/test-failed-1.png
    ────────────────────────────────────────────────────────────────────────────────────────────────

    Error Context: docs/qa/ci-virtualized-zones-2026-10-05/controls/2-candidate/results/controls-hovering-timezone-df152-cit-selections-still-commit-firefox/error-context.md

  1 failed
    [firefox] › e2e/controls.spec.ts:407:0 › hovering timezone suggestions preserves typed values while explicit selections still commit 
  19 passed (38.5s)
