8583 | 
8584 | // packages/utils/stackTrace.ts
8585 | function captureRawStack() {
8586 |   const stackTraceLimit = Error.stackTraceLimit;
8587 |   Error.stackTraceLimit = 50;
8588 |   const error = new Error();
                           ^
error: expect(locator).toHaveAttribute(expected) failed

Locator: getByLabel('Convert to', { exact: true })
Expected pattern: /option-osaka$/
Received string:  "react-aria1352159032-_r_b_-option-Asia/Tokyo"
Timeout: 5000ms

Call log:
  - Expect "toHaveAttribute" getByLabel('Convert to', { exact: true }) with timeout 5000ms
  - waiting for getByLabel('Convert to', { exact: true })
    14 × locator resolved to <input data-rac="" type="text" tabindex="0" role="combobox" id="target-zone" autocorrect="off" autocomplete="off" spellcheck="false" value="Asia/Tokyo" data-focused="true" aria-expanded="true" aria-label="Convert to" aria-autocomplete="list" class="react-aria-Input" data-focus-visible="true" aria-describedby="target-zone-help" placeholder="Your timezone · Sydney" aria-controls="react-aria1352159032-_r_b_" aria-activedescendant="react-aria1352159032-_r_b_-option-Asia/Tokyo"/>
       - unexpected value "react-aria1352159032-_r_b_-option-Asia/Tokyo"

 matcherResult: {
  name: "toHaveAttribute",
  expected: /option-osaka$/,
  message: "expect(locator).toHaveAttribute(expected) failed\n\nLocator: getByLabel('Convert to', { exact: true })\nExpected pattern: /option-osaka$/\nReceived string:  \"react-aria1352159032-_r_b_-option-Asia/Tokyo\"\nTimeout: 5000ms\n\nCall log:\n  - Expect \"toHaveAttribute\" getByLabel('Convert to', { exact: true }) with timeout 5000ms\n  - waiting for getByLabel('Convert to', { exact: true })\n    14 × locator resolved to <input data-rac=\"\" type=\"text\" tabindex=\"0\" role=\"combobox\" id=\"target-zone\" autocorrect=\"off\" autocomplete=\"off\" spellcheck=\"false\" value=\"Asia/Tokyo\" data-focused=\"true\" aria-expanded=\"true\" aria-label=\"Convert to\" aria-autocomplete=\"list\" class=\"react-aria-Input\" data-focus-visible=\"true\" aria-describedby=\"target-zone-help\" placeholder=\"Your timezone · Sydney\" aria-controls=\"react-aria1352159032-_r_b_\" aria-activedescendant=\"react-aria1352159032-_r_b_-option-Asia/Tokyo\"/>\n       - unexpected value \"react-aria1352159032-_r_b_-option-Asia/Tokyo\"\n",
  pass: false,
  actual: "react-aria1352159032-_r_b_-option-Asia/Tokyo",
  log: [ "  - Expect \"toHaveAttribute\" getByLabel('Convert to', { exact: true }) with timeout 5000ms",
    "  - waiting for getByLabel('Convert to', { exact: true })", "    14 × locator resolved to <input data-rac=\"\" type=\"text\" tabindex=\"0\" role=\"combobox\" id=\"target-zone\" autocorrect=\"off\" autocomplete=\"off\" spellcheck=\"false\" value=\"Asia/Tokyo\" data-focused=\"true\" aria-expanded=\"true\" aria-label=\"Convert to\" aria-autocomplete=\"list\" class=\"react-aria-Input\" data-focus-visible=\"true\" aria-describedby=\"target-zone-help\" placeholder=\"Your timezone · Sydney\" aria-controls=\"react-aria1352159032-_r_b_\" aria-activedescendant=\"react-aria1352159032-_r_b_-option-Asia/Tokyo\"/>",
    "       - unexpected value \"react-aria1352159032-_r_b_-option-Asia/Tokyo\""
  ],
  timeout: 5000,
  ariaSnapshot: "- combobox \"Convert to\" [expanded]: Asia/Tokyo",
},

      at captureRawStack (/Users/tien/Developer/ChronoShift/node_modules/playwright-core/lib/coreBundle.js:8588:21)
      at callMatcherAsStep (/Users/tien/Developer/ChronoShift/node_modules/playwright/lib/matchers/expect.js:13310:57)

Bun v1.4.0 (macOS arm64)
