{
  "observedAt": "2026-10-05T08:28:52.402Z",
  "sourceRun": 37281970385,
  "head": "299e3864f01d4e87a1770594628b84cf5a3972c8",
  "rows": 258,
  "passes": 249,
  "roundedPassingCaseSeconds": 1399.4,
  "byFile": [
    {
      "name": "e2e/controls.spec.ts",
      "passed": 20,
      "skipped": 0,
      "sumRoundedListSeconds": 277.79999999999995
    },
    {
      "name": "e2e/app.spec.ts",
      "passed": 60,
      "skipped": 0,
      "sumRoundedListSeconds": 268.7
    },
    {
      "name": "e2e/updates.spec.ts",
      "passed": 25,
      "skipped": 0,
      "sumRoundedListSeconds": 195.50000000000003
    },
    {
      "name": "e2e/diagnostics.spec.ts",
      "passed": 30,
      "skipped": 0,
      "sumRoundedListSeconds": 116.89999999999999
    },
    {
      "name": "e2e/offline-install.spec.ts",
      "passed": 30,
      "skipped": 0,
      "sumRoundedListSeconds": 114.39999999999999
    },
    {
      "name": "e2e/privacy.spec.ts",
      "passed": 25,
      "skipped": 0,
      "sumRoundedListSeconds": 109
    },
    {
      "name": "e2e/imports.spec.ts",
      "passed": 15,
      "skipped": 0,
      "sumRoundedListSeconds": 108.7
    },
    {
      "name": "e2e/live.spec.ts",
      "passed": 10,
      "skipped": 0,
      "sumRoundedListSeconds": 61.10000000000001
    },
    {
      "name": "e2e/motion.spec.ts",
      "passed": 10,
      "skipped": 0,
      "sumRoundedListSeconds": 47.9
    },
    {
      "name": "e2e/responsive.spec.ts",
      "passed": 10,
      "skipped": 0,
      "sumRoundedListSeconds": 44.300000000000004
    },
    {
      "name": "e2e/uncontrolled.spec.ts",
      "passed": 6,
      "skipped": 9,
      "sumRoundedListSeconds": 35
    },
    {
      "name": "e2e/engine.spec.ts",
      "passed": 5,
      "skipped": 0,
      "sumRoundedListSeconds": 13.2
    },
    {
      "name": "e2e/foldable.spec.ts",
      "passed": 3,
      "skipped": 0,
      "sumRoundedListSeconds": 6.8999999999999995
    }
  ],
  "byProject": [
    {
      "name": "webkit",
      "passed": 48,
      "skipped": 3,
      "sumRoundedListSeconds": 383.59999999999997
    },
    {
      "name": "firefox",
      "passed": 48,
      "skipped": 3,
      "sumRoundedListSeconds": 313.9
    },
    {
      "name": "iphone-emulation",
      "passed": 48,
      "skipped": 3,
      "sumRoundedListSeconds": 262.09999999999997
    },
    {
      "name": "android-emulation",
      "passed": 51,
      "skipped": 0,
      "sumRoundedListSeconds": 217.20000000000005
    },
    {
      "name": "chromium",
      "passed": 51,
      "skipped": 0,
      "sumRoundedListSeconds": 215.69999999999993
    },
    {
      "name": "foldable",
      "passed": 3,
      "skipped": 0,
      "sumRoundedListSeconds": 6.8999999999999995
    }
  ],
  "byTitle": [
    {
      "name": "themed choices align and their opened menus fit every breakpoint without losing work",
      "passed": 5,
      "skipped": 0,
      "sumRoundedListSeconds": 146.4
    },
    {
      "name": "old and new tabs retain their own workers across successive releases and offline restart",
      "passed": 5,
      "skipped": 0,
      "sumRoundedListSeconds": 62
    },
    {
      "name": "rollback preserves draft and preferences and removes obsolete caches with one remaining tab",
      "passed": 5,
      "skipped": 0,
      "sumRoundedListSeconds": 59.39999999999999
    },
    {
      "name": "choice menus support keyboard selection, nested Escape and pointer dismissal",
      "passed": 5,
      "skipped": 0,
      "sumRoundedListSeconds": 57.5
    },
    {
      "name": "delayed share offers replacement instead of overwriting edited or cleared work",
      "passed": 5,
      "skipped": 0,
      "sumRoundedListSeconds": 48.199999999999996
    },
    {
      "name": "timezone search preserves freeform offsets and recovers from empty and invalid choices",
      "passed": 5,
      "skipped": 0,
      "sumRoundedListSeconds": 45.5
    },
    {
      "name": "delayed clipboard offers replacement instead of overwriting edited or cleared work",
      "passed": 5,
      "skipped": 0,
      "sumRoundedListSeconds": 37.6
    },
    {
      "name": "persistently wrong release bytes never activate or claim offline readiness",
      "passed": 5,
      "skipped": 0,
      "sumRoundedListSeconds": 36.4
    },
    {
      "name": "live feedback covers debounce and worker completion, then settles or cancels",
      "passed": 5,
      "skipped": 0,
      "sumRoundedListSeconds": 34.5
    },
    {
      "name": "an interrupted rollback preserves a retained cache and its old tab worker",
      "passed": 5,
      "skipped": 0,
      "sumRoundedListSeconds": 33.4
    }
  ],
  "longestCases": [
    {
      "symbol": "✓",
      "ordinal": 118,
      "project": "webkit",
      "file": "e2e/controls.spec.ts",
      "title": "themed choices align and their opened menus fit every breakpoint without losing work",
      "roundedListSeconds": 51.2
    },
    {
      "symbol": "✓",
      "ordinal": 67,
      "project": "firefox",
      "file": "e2e/controls.spec.ts",
      "title": "themed choices align and their opened menus fit every breakpoint without losing work",
      "roundedListSeconds": 31.9
    },
    {
      "symbol": "✓",
      "ordinal": 220,
      "project": "iphone-emulation",
      "file": "e2e/controls.spec.ts",
      "title": "themed choices align and their opened menus fit every breakpoint without losing work",
      "roundedListSeconds": 31
    },
    {
      "symbol": "✓",
      "ordinal": 119,
      "project": "webkit",
      "file": "e2e/controls.spec.ts",
      "title": "choice menus support keyboard selection, nested Escape and pointer dismissal",
      "roundedListSeconds": 18.6
    },
    {
      "symbol": "✓",
      "ordinal": 16,
      "project": "chromium",
      "file": "e2e/controls.spec.ts",
      "title": "themed choices align and their opened menus fit every breakpoint without losing work",
      "roundedListSeconds": 16.4
    },
    {
      "symbol": "✓",
      "ordinal": 169,
      "project": "android-emulation",
      "file": "e2e/controls.spec.ts",
      "title": "themed choices align and their opened menus fit every breakpoint without losing work",
      "roundedListSeconds": 15.9
    }
  ],
  "resource": {
    "cpuProcessorSeconds": 1288.368651,
    "resourceBracketSeconds": 367.336,
    "averageCpuProcessorSecondsPerWallSecond": 3.5073302126663326
  },
  "limits": [
    "List durations are rounded case elapsed times; their sum is concurrent worker time, not additive exclusive wall time or CPU attribution.",
    "Case duration rankings do not identify avoidable overhead or prove causes.",
    "Cgroup CPU includes browser/protocol/server processes; it does not identify script, layout, polling or individual test costs.",
    "Offline aggregation of already saved evidence; no browser/CI benchmark or source change."
  ]
}
