$ bun run typecheck && bun scripts/third-party-notices.ts && bunx --bun vite build && bun scripts/build-offline.ts
$ bunx --bun tsc --noEmit
Included notices for 19 production packages.
vite v8.3.2 building client environment for production...
transforming...
✓ 644 modules transformed.
rendering chunks...
computing gzip size...
dist/index.html                                    0.80 kB │ gzip:   0.44 kB
dist/assets/geist-latin-variable-Dm3htQBi.woff2   28.40 kB
dist/assets/worker-C690IjaR.js                   221.14 kB
dist/assets/index-Bst_xchV.css                    20.74 kB │ gzip:   4.83 kB
dist/assets/index-B3d9YDa-.js                    775.64 kB │ gzip: 235.35 kB

✓ built in 124ms
[plugin builtin:vite-reporter] 
(!) Some chunks are larger than 500 kB after minification. Consider:
- Using dynamic import() to code-split the application
- Use build.rolldownOptions.output.codeSplitting to improve chunking: https://rolldown.rs/reference/OutputOptions.codeSplitting
- Adjust chunk size limit for this warning via build.chunkSizeWarningLimit.
Offline version 137a92f4186517c7: 13 local assets, /
