{"profile":"chromium","block":0,"index":0,"mode":"A","totalMs":813.3532920000002,"postSettleObservationMs":506.60000002384186}
{"profile":"chromium","block":0,"index":1,"mode":"B","totalMs":316.55387500000006,"postSettleObservationMs":5.0999999940395355}
{"profile":"chromium","block":0,"index":2,"mode":"B","totalMs":302.0790420000003,"postSettleObservationMs":4.0999999940395355}
{"profile":"chromium","block":0,"index":3,"mode":"A","totalMs":291.8325420000001,"postSettleObservationMs":6.5999999940395355}
{"profile":"chromium","block":1,"index":0,"mode":"A","totalMs":294.5967919999998,"postSettleObservationMs":2.9000000059604645}
{"profile":"chromium","block":1,"index":1,"mode":"B","totalMs":304.4031249999998,"postSettleObservationMs":9.5}
{"profile":"chromium","block":1,"index":2,"mode":"B","totalMs":309.3554170000002,"postSettleObservationMs":4}
{"profile":"chromium","block":1,"index":3,"mode":"A","totalMs":801.4382500000002,"postSettleObservationMs":492.40000000596046}
{"profile":"chromium","block":2,"index":0,"mode":"A","totalMs":797.5287499999995,"postSettleObservationMs":498}
{"profile":"chromium","block":2,"index":1,"mode":"B","totalMs":310.5939160000007,"postSettleObservationMs":3.9000000059604645}
{"profile":"chromium","block":2,"index":2,"mode":"B","totalMs":308.57654100000036,"postSettleObservationMs":4.200000017881393}
{"profile":"chromium","block":2,"index":3,"mode":"A","totalMs":802.979875,"postSettleObservationMs":497}
{"profile":"firefox","block":0,"index":0,"mode":"A","totalMs":837.2713750000003,"postSettleObservationMs":509}
{"profile":"firefox","block":0,"index":1,"mode":"B","totalMs":342.19745899999907,"postSettleObservationMs":4}
{"profile":"firefox","block":0,"index":2,"mode":"B","totalMs":337.7546249999996,"postSettleObservationMs":6}
{"profile":"firefox","block":0,"index":3,"mode":"A","totalMs":320.77958299999955,"postSettleObservationMs":8}
{"profile":"firefox","block":1,"index":0,"mode":"A","totalMs":322.8235000000004,"postSettleObservationMs":6}
{"profile":"firefox","block":1,"index":1,"mode":"B","totalMs":326.38283299999966,"postSettleObservationMs":6}
{"profile":"firefox","block":1,"index":2,"mode":"B","totalMs":338.408958,"postSettleObservationMs":10}
{"profile":"firefox","block":1,"index":3,"mode":"A","totalMs":835.4252079999987,"postSettleObservationMs":495}
{"profile":"firefox","block":2,"index":0,"mode":"A","totalMs":333.4277089999996,"postSettleObservationMs":6}
{"profile":"firefox","block":2,"index":1,"mode":"B","totalMs":332.3780000000006,"postSettleObservationMs":5}
{"profile":"firefox","block":2,"index":2,"mode":"B","totalMs":331.72970800000076,"postSettleObservationMs":5}
{"profile":"firefox","block":2,"index":3,"mode":"A","totalMs":821.8364579999998,"postSettleObservationMs":499}
{"profile":"webkit","block":0,"index":0,"mode":"A","totalMs":814.7322920000006,"postSettleObservationMs":510}
{"profile":"webkit","block":0,"index":1,"mode":"B","totalMs":304.7105420000007,"postSettleObservationMs":5}
{"profile":"webkit","block":0,"index":2,"mode":"B","totalMs":305.07687499999884,"postSettleObservationMs":5}
{"profile":"webkit","block":0,"index":3,"mode":"A","totalMs":299.7985840000001,"postSettleObservationMs":4}
{"profile":"webkit","block":1,"index":0,"mode":"A","totalMs":805.5329999999994,"postSettleObservationMs":508}
{"profile":"webkit","block":1,"index":1,"mode":"B","totalMs":314.59999999999854,"postSettleObservationMs":8}
{"profile":"webkit","block":1,"index":2,"mode":"B","totalMs":298.7958749999998,"postSettleObservationMs":5}
{"profile":"webkit","block":1,"index":3,"mode":"A","totalMs":297.2431250000009,"postSettleObservationMs":3}
{"profile":"webkit","block":2,"index":0,"mode":"A","totalMs":807.6790839999994,"postSettleObservationMs":509}
{"profile":"webkit","block":2,"index":1,"mode":"B","totalMs":306.53433399999994,"postSettleObservationMs":5}
{"profile":"webkit","block":2,"index":2,"mode":"B","totalMs":301.4741670000003,"postSettleObservationMs":6}
{"profile":"webkit","block":2,"index":3,"mode":"A","totalMs":805.4794159999983,"postSettleObservationMs":508}
