{
  "capturedAt": "2026-10-05T06:53:19.204Z",
  "runId": 37274080414,
  "head": "52e8d9c3bc2ba50f6ba2990dde5a128a37849172",
  "conclusion": "success",
  "runCreatedAt": "2026-10-05T06:45:56Z",
  "runUpdatedAt": "2026-10-05T06:52:02Z",
  "runElapsedSeconds": 366,
  "jobs": [
    {
      "id": 111647128698,
      "name": "web",
      "conclusion": "success",
      "startedAt": "2026-10-05T06:46:00Z",
      "completedAt": "2026-10-05T06:52:02Z",
      "runnerSeconds": 362,
      "roundedMinutes": 7,
      "intervalBeforeFirstStepSeconds": 1,
      "steps": [
        {
          "name": "Set up job",
          "conclusion": "success",
          "seconds": 2
        },
        {
          "name": "Initialize containers",
          "conclusion": "success",
          "seconds": 25
        },
        {
          "name": "Run actions/checkout@34e114876b0b11c390a56381ad16ebd13914f8d5",
          "conclusion": "success",
          "seconds": 3
        },
        {
          "name": "Capture the checked-in corpus audit",
          "conclusion": "success",
          "seconds": 0
        },
        {
          "name": "Run jdx/mise-action@5228313ee0372e111a38da051671ca30fc5a96db",
          "conclusion": "success",
          "seconds": 19
        },
        {
          "name": "Run bun install --frozen-lockfile",
          "conclusion": "success",
          "seconds": 1
        },
        {
          "name": "Verify the pinned browser image matches the dependency",
          "conclusion": "success",
          "seconds": 0
        },
        {
          "name": "Run bun run format:check",
          "conclusion": "success",
          "seconds": 1
        },
        {
          "name": "Unit tests and production build",
          "conclusion": "success",
          "seconds": 2
        },
        {
          "name": "Verify the standalone conversion corpus audit",
          "conclusion": "success",
          "seconds": 0
        },
        {
          "name": "Run bun run test:browser",
          "conclusion": "success",
          "seconds": 300
        },
        {
          "name": "Record browser resource usage",
          "conclusion": "success",
          "seconds": 0
        },
        {
          "name": "Verify repository-subpath deployment",
          "conclusion": "success",
          "seconds": 4
        },
        {
          "name": "Upload the verified Pages build",
          "conclusion": "success",
          "seconds": 1
        },
        {
          "name": "Post Run actions/checkout@34e114876b0b11c390a56381ad16ebd13914f8d5",
          "conclusion": "success",
          "seconds": 0
        },
        {
          "name": "Stop containers",
          "conclusion": "success",
          "seconds": 1
        },
        {
          "name": "Complete job",
          "conclusion": "success",
          "seconds": 0
        }
      ]
    }
  ],
  "runnerSeconds": 362,
  "roundedMinutes": 7,
  "artifacts": [
    {
      "name": "github-pages",
      "id": 11328734137,
      "bytes": 376315,
      "digest": "sha256:4c720cbd8f54e664b14dc4988b106e25267807c51b1e4ea563834e684c3bef3a",
      "createdAt": "2026-10-05T06:51:59Z",
      "expiresAt": "2026-10-06T06:51:58Z",
      "configuredRetentionHours": 23.99972222222222,
      "projectedByteHours": 9031455.468055556
    }
  ],
  "webOnlyComparisons": [
    {
      "label": "Original expanded-suite published Web",
      "seconds": 301,
      "roundedMinutes": 6,
      "rawSecondsReduction": -61,
      "rawPercentReduction": -20.26578073089702,
      "roundedMinuteReduction": -1,
      "roundedPercentReduction": -16.666666666666675
    },
    {
      "label": "Four-worker instrumented Linux control Web",
      "seconds": 356,
      "roundedMinutes": 6,
      "rawSecondsReduction": -6,
      "rawPercentReduction": -1.6853932584269593,
      "roundedMinuteReduction": -1,
      "roundedPercentReduction": -16.666666666666675
    }
  ],
  "limits": [
    "Web-only comparison; matching main publication pending. Do not infer complete-pair acceptance.",
    "Different source/optional instrumentation conditions; do not isolate causal speedup from this comparison.",
    "API job spans include interval before the first step, as the existing metric script does.",
    "Rounded minutes and configured artifact byte-hours are repository proxies, not an account billing statement."
  ]
}
