{
  "began": "2026-10-05T11:06:45.983Z",
  "ended": "2026-10-05T11:06:56.781Z",
  "verdict": "approved: exact trusted tested artifact and reviewed source tree deployed",
  "checks": [
    {
      "name": "trusted complete successful Web PR run",
      "passed": true
    },
    {
      "name": "successful main Pages publication in expected mode",
      "passed": true
    },
    {
      "name": "PR merged exactly the reviewed candidate",
      "passed": true
    },
    {
      "name": "pages artifact list complete",
      "passed": true
    },
    {
      "name": "pages exactly one Pages artifact",
      "passed": true
    },
    {
      "name": "pages nonexpired digest metadata",
      "passed": true
    },
    {
      "name": "ci artifact list complete",
      "passed": true
    },
    {
      "name": "ci exactly one Pages artifact",
      "passed": true
    },
    {
      "name": "ci nonexpired digest metadata",
      "passed": true
    },
    {
      "name": "ci zip digest matches GitHub",
      "passed": true
    },
    {
      "name": "ci single artifact.tar wrapper",
      "passed": true
    },
    {
      "name": "ci bounded tar",
      "passed": true
    },
    {
      "name": "ci safe unique tar names",
      "passed": true
    },
    {
      "name": "ci no tar links or special entries",
      "passed": true
    },
    {
      "name": "extracted member regular or directory index.html",
      "passed": true
    },
    {
      "name": "extracted member regular or directory icon-192.png",
      "passed": true
    },
    {
      "name": "extracted member regular or directory icon.svg",
      "passed": true
    },
    {
      "name": "extracted member regular or directory release.json",
      "passed": true
    },
    {
      "name": "extracted member regular or directory third-party-notices.txt",
      "passed": true
    },
    {
      "name": "extracted member regular or directory manifest.webmanifest",
      "passed": true
    },
    {
      "name": "extracted member regular or directory fonts",
      "passed": true
    },
    {
      "name": "extracted member regular or directory fonts/README.txt",
      "passed": true
    },
    {
      "name": "extracted member regular or directory fonts/geist-OFL.txt",
      "passed": true
    },
    {
      "name": "extracted member regular or directory assets",
      "passed": true
    },
    {
      "name": "extracted member regular or directory assets/index-CQJea-JE.css",
      "passed": true
    },
    {
      "name": "extracted member regular or directory assets/index-1VRzNw7L.js",
      "passed": true
    },
    {
      "name": "extracted member regular or directory assets/worker-C690IjaR.js",
      "passed": true
    },
    {
      "name": "extracted member regular or directory assets/geist-latin-variable-Dm3htQBi.woff2",
      "passed": true
    },
    {
      "name": "extracted member regular or directory sw.js",
      "passed": true
    },
    {
      "name": "extracted member regular or directory icon-512.png",
      "passed": true
    },
    {
      "name": "pages zip digest matches GitHub",
      "passed": true
    },
    {
      "name": "pages single artifact.tar wrapper",
      "passed": true
    },
    {
      "name": "pages bounded tar",
      "passed": true
    },
    {
      "name": "pages safe unique tar names",
      "passed": true
    },
    {
      "name": "pages no tar links or special entries",
      "passed": true
    },
    {
      "name": "extracted member regular or directory index.html",
      "passed": true
    },
    {
      "name": "extracted member regular or directory icon-192.png",
      "passed": true
    },
    {
      "name": "extracted member regular or directory icon.svg",
      "passed": true
    },
    {
      "name": "extracted member regular or directory release.json",
      "passed": true
    },
    {
      "name": "extracted member regular or directory third-party-notices.txt",
      "passed": true
    },
    {
      "name": "extracted member regular or directory manifest.webmanifest",
      "passed": true
    },
    {
      "name": "extracted member regular or directory fonts",
      "passed": true
    },
    {
      "name": "extracted member regular or directory fonts/README.txt",
      "passed": true
    },
    {
      "name": "extracted member regular or directory fonts/geist-OFL.txt",
      "passed": true
    },
    {
      "name": "extracted member regular or directory assets",
      "passed": true
    },
    {
      "name": "extracted member regular or directory assets/index-CQJea-JE.css",
      "passed": true
    },
    {
      "name": "extracted member regular or directory assets/index-1VRzNw7L.js",
      "passed": true
    },
    {
      "name": "extracted member regular or directory assets/worker-C690IjaR.js",
      "passed": true
    },
    {
      "name": "extracted member regular or directory assets/geist-latin-variable-Dm3htQBi.woff2",
      "passed": true
    },
    {
      "name": "extracted member regular or directory sw.js",
      "passed": true
    },
    {
      "name": "extracted member regular or directory icon-512.png",
      "passed": true
    },
    {
      "name": "CI artifact source has a valid commit shape",
      "passed": true
    },
    {
      "name": "CI artifact has the reviewed source tree and expected base",
      "passed": true
    },
    {
      "name": "complete CI job inventory",
      "passed": true
    },
    {
      "name": "all full gate steps success",
      "passed": true
    },
    {
      "name": "candidate successful Web check present",
      "passed": true
    },
    {
      "name": "complete Pages job inventory",
      "passed": true
    },
    {
      "name": "actual deployment step and expected publication branch succeeded",
      "passed": true
    },
    {
      "name": "Pages logs exact trusted artifact reuse",
      "passed": true
    },
    {
      "name": "both artifacts contain immutable runtime assets",
      "passed": true
    },
    {
      "name": "CI and Pages extracted file inventories match",
      "passed": true
    },
    {
      "name": "CI and Pages release metadata match",
      "passed": true
    },
    {
      "name": "release expected base and source shape",
      "passed": true
    },
    {
      "name": "reviewed head tested release merge and current main exact trees",
      "passed": true
    },
    {
      "name": "every public artifact file exact bytes",
      "passed": true
    },
    {
      "name": "public root exact index bytes",
      "passed": true
    }
  ],
  "trees": {
    "head": {
      "ref": "cb8206c280494341632821d13b4e90f8f1c3a3e9",
      "sha": "cb8206c280494341632821d13b4e90f8f1c3a3e9",
      "tree": "e42d8c81cc83befed6ff9d57dbf56066c7238d07",
      "parents": [
        "af28e0739c7c7d8de2dfa77c508ee2e08be1c539"
      ]
    },
    "merge": {
      "ref": "cf4d5b9244278da591a33c1952283e76acb6116c",
      "sha": "cf4d5b9244278da591a33c1952283e76acb6116c",
      "tree": "e42d8c81cc83befed6ff9d57dbf56066c7238d07",
      "parents": [
        "f8c073a289f2c4af1f369a4588d5e0e74daf392c",
        "cb8206c280494341632821d13b4e90f8f1c3a3e9"
      ]
    },
    "main": {
      "ref": "main",
      "sha": "cf4d5b9244278da591a33c1952283e76acb6116c",
      "tree": "e42d8c81cc83befed6ff9d57dbf56066c7238d07",
      "parents": [
        "f8c073a289f2c4af1f369a4588d5e0e74daf392c",
        "cb8206c280494341632821d13b4e90f8f1c3a3e9"
      ]
    },
    "tested": {
      "ref": "8fd325dd79afdd6dcf33e77503aca7f97541d25c",
      "sha": "8fd325dd79afdd6dcf33e77503aca7f97541d25c",
      "tree": "e42d8c81cc83befed6ff9d57dbf56066c7238d07",
      "parents": [
        "f8c073a289f2c4af1f369a4588d5e0e74daf392c",
        "cb8206c280494341632821d13b4e90f8f1c3a3e9"
      ]
    }
  },
  "publicFiles": [
    {
      "path": "assets/geist-latin-variable-Dm3htQBi.woff2",
      "matched": true
    },
    {
      "path": "assets/index-1VRzNw7L.js",
      "matched": true
    },
    {
      "path": "assets/index-CQJea-JE.css",
      "matched": true
    },
    {
      "path": "assets/worker-C690IjaR.js",
      "matched": true
    },
    {
      "path": "fonts/geist-OFL.txt",
      "matched": true
    },
    {
      "path": "fonts/README.txt",
      "matched": true
    },
    {
      "path": "icon-192.png",
      "matched": true
    },
    {
      "path": "icon-512.png",
      "matched": true
    },
    {
      "path": "icon.svg",
      "matched": true
    },
    {
      "path": "index.html",
      "matched": true
    },
    {
      "path": "manifest.webmanifest",
      "matched": true
    },
    {
      "path": "release.json",
      "matched": true
    },
    {
      "path": "sw.js",
      "matched": true
    },
    {
      "path": "third-party-notices.txt",
      "matched": true
    }
  ],
  "gaps": [
    "main has no branch-protection required status checks (HTTP404 Branch not protected); full named gate steps and Web check independently verified.",
    "This audit establishes byte/source/workflow identity only; hosted behavior, browser lifecycle/device acceptance remain in separate evidence."
  ]
}
