baseline failure: Error: expect(locator).toHaveCount(expected) failed

Locator:  locator('[id="react-aria9629558822-_r_b_"]').locator('[role="option"]')
Expected: 563
Received: 454
Timeout:  5000ms

Call log:
  - Expect "toHaveCount" locator('[id="react-aria9629558822-_r_b_"]').locator('[role="option"]') with timeout 5000ms
  - waiting for locator('[id="react-aria9629558822-_r_b_"]').locator('[role="option"]')
    14 × locator resolved to 454 elements
       - unexpected value "454"

candidate failure: Error: expect(locator).toHaveCount(expected) failed

Locator:  locator('[id="react-aria9454956921-_r_b_"]').locator('[role="option"]')
Expected: 563
Received: 454
Timeout:  5000ms

Call log:
  - Expect "toHaveCount" locator('[id="react-aria9454956921-_r_b_"]').locator('[role="option"]') with timeout 5000ms
  - waiting for locator('[id="react-aria9454956921-_r_b_"]').locator('[role="option"]')
    14 × locator resolved to 454 elements
       - unexpected value "454"

{
  "startedAt": "2026-10-05T12:21:51.799Z",
  "endedAt": "2026-10-05T12:22:02.450Z",
  "browser": "153.0.8010.12",
  "conditions": [
    {
      "name": "baseline",
      "passed": false,
      "observations": 0,
      "failure": {
        "at": "2026-10-05T12:21:57.094Z",
        "text": "Error: expect(locator).toHaveCount(expected) failed\n\nLocator:  locator('[id=\"react-aria9629558822-_r_b_\"]').locator('[role=\"option\"]')\nExpected: 563\nReceived: 454\nTimeout:  5000ms\n\nCall log:\n  - Expect \"toHaveCount\" locator('[id=\"react-aria9629558822-_r_b_\"]').locator('[role=\"option\"]') with timeout 5000ms\n  - waiting for locator('[id=\"react-aria9629558822-_r_b_\"]').locator('[role=\"option\"]')\n    14 × locator resolved to 454 elements\n       - unexpected value \"454\"\n",
        "stack": "Error: expect(locator).toHaveCount(expected) failed\n\nLocator:  locator('[id=\"react-aria9629558822-_r_b_\"]').locator('[role=\"option\"]')\nExpected: 563\nReceived: 454\nTimeout:  5000ms\n\nCall log:\n  - Expect \"toHaveCount\" locator('[id=\"react-aria9629558822-_r_b_\"]').locator('[role=\"option\"]') with timeout 5000ms\n  - waiting for locator('[id=\"react-aria9629558822-_r_b_\"]').locator('[role=\"option\"]')\n    14 × locator resolved to 454 elements\n       - unexpected value \"454\"\n\n    at captureRawStack (/Users/tien/Developer/ChronoShift/node_modules/playwright-core/lib/coreBundle.js:8588:21)\n    at callMatcherAsStep (/Users/tien/Developer/ChronoShift/node_modules/playwright/lib/matchers/expect.js:13310:57)\n    at /Users/tien/Developer/ChronoShift/docs/qa/ci-data-zones-2026-10-05/newcode/runtime-probe.ts:49:53\n    at processTicksAndRejections (native:7:39)"
      },
      "console": [],
      "errors": []
    },
    {
      "name": "candidate",
      "passed": false,
      "observations": 0,
      "failure": {
        "at": "2026-10-05T12:22:02.373Z",
        "text": "Error: expect(locator).toHaveCount(expected) failed\n\nLocator:  locator('[id=\"react-aria9454956921-_r_b_\"]').locator('[role=\"option\"]')\nExpected: 563\nReceived: 454\nTimeout:  5000ms\n\nCall log:\n  - Expect \"toHaveCount\" locator('[id=\"react-aria9454956921-_r_b_\"]').locator('[role=\"option\"]') with timeout 5000ms\n  - waiting for locator('[id=\"react-aria9454956921-_r_b_\"]').locator('[role=\"option\"]')\n    14 × locator resolved to 454 elements\n       - unexpected value \"454\"\n",
        "stack": "Error: expect(locator).toHaveCount(expected) failed\n\nLocator:  locator('[id=\"react-aria9454956921-_r_b_\"]').locator('[role=\"option\"]')\nExpected: 563\nReceived: 454\nTimeout:  5000ms\n\nCall log:\n  - Expect \"toHaveCount\" locator('[id=\"react-aria9454956921-_r_b_\"]').locator('[role=\"option\"]') with timeout 5000ms\n  - waiting for locator('[id=\"react-aria9454956921-_r_b_\"]').locator('[role=\"option\"]')\n    14 × locator resolved to 454 elements\n       - unexpected value \"454\"\n\n    at captureRawStack (/Users/tien/Developer/ChronoShift/node_modules/playwright-core/lib/coreBundle.js:8588:21)\n    at callMatcherAsStep (/Users/tien/Developer/ChronoShift/node_modules/playwright/lib/matchers/expect.js:13310:57)\n    at /Users/tien/Developer/ChronoShift/docs/qa/ci-data-zones-2026-10-05/newcode/runtime-probe.ts:49:53\n    at processTicksAndRejections (native:7:39)"
      },
      "console": [],
      "errors": []
    }
  ]
}
