[
  {
    "mode": "transient-drop",
    "elapsedMs": 3011,
    "calls": [
      {
        "at": 169.30000001192093,
        "since": 0.10000002384185791,
        "action": "drop-once",
        "controller": true
      },
      {
        "at": 1375.199999988079,
        "since": 1206,
        "action": "capture",
        "controller": true
      }
    ],
    "ready": "true",
    "directReady": true
  },
  {
    "mode": "transport-throw",
    "elapsedMs": 2707,
    "calls": [
      {
        "at": 166.90000000596046,
        "since": 0.19999998807907104,
        "action": "throw-once",
        "controller": true
      },
      {
        "at": 1170.5,
        "since": 1003.7999999821186,
        "action": "capture",
        "controller": true
      }
    ],
    "ready": "true",
    "directReady": true
  },
  {
    "mode": "permanent-drop",
    "elapsedMs": 6607,
    "calls": [
      {
        "at": 173.5,
        "since": 0.19999998807907104,
        "action": "drop",
        "controller": true
      },
      {
        "at": 1378.199999988079,
        "since": 1204.8999999761581,
        "action": "drop",
        "controller": true
      },
      {
        "at": 4583.4000000059605,
        "since": 4410.0999999940395,
        "action": "drop",
        "controller": true
      }
    ],
    "ready": "false",
    "directReady": true
  },
  {
    "mode": "abort-pending",
    "elapsedMs": 1707,
    "calls": [
      {
        "at": 172.39999997615814,
        "since": 0.19999998807907104,
        "action": "drop",
        "controller": true
      }
    ],
    "ready": "false",
    "directReady": true
  },
  {
    "mode": "external-lifecycle",
    "elapsedMs": 1706,
    "calls": [
      {
        "at": 172.80000001192093,
        "since": 0.20000001788139343,
        "action": "drop",
        "controller": true
      },
      {
        "at": 460.90000000596046,
        "since": 288.30000001192093,
        "action": "capture",
        "controller": true
      }
    ],
    "ready": "true",
    "directReady": true
  },
  {
    "mode": "integrity-false",
    "elapsedMs": 1420,
    "calls": [
      {
        "at": 172.7999999821186,
        "since": 0.19999998807907104,
        "action": "capture",
        "controller": true
      }
    ],
    "ready": "false",
    "directReady": false
  }
]
