8583 | 
8584 | // packages/utils/stackTrace.ts
8585 | function captureRawStack() {
8586 |   const stackTraceLimit = Error.stackTraceLimit;
8587 |   Error.stackTraceLimit = 50;
8588 |   const error = new Error();
                           ^
error: expect(locator).toHaveText(expected) failed

Locator: locator('.result-date')
Expected pattern: /10 April? 2026/
Received string:  "Fri, 10 Apr 2026"
Timeout: 5000ms

Call log:
  - Expect "toHaveText" locator('.result-date') with timeout 5000ms
  - waiting for locator('.result-date')
    14 × locator resolved to <p class="result-date">Fri, 10 Apr 2026</p>
       - unexpected value "Fri, 10 Apr 2026"

 matcherResult: {
  name: "toHaveText",
  expected: /10 April? 2026/,
  message: "expect(locator).toHaveText(expected) failed\n\nLocator: locator('.result-date')\nExpected pattern: /10 April? 2026/\nReceived string:  \"Fri, 10 Apr 2026\"\nTimeout: 5000ms\n\nCall log:\n  - Expect \"toHaveText\" locator('.result-date') with timeout 5000ms\n  - waiting for locator('.result-date')\n    14 × locator resolved to <p class=\"result-date\">Fri, 10 Apr 2026</p>\n       - unexpected value \"Fri, 10 Apr 2026\"\n",
  pass: false,
  actual: "Fri, 10 Apr 2026",
  log: [ "  - Expect \"toHaveText\" locator('.result-date') with timeout 5000ms", "  - waiting for locator('.result-date')",
    "    14 × locator resolved to <p class=\"result-date\">Fri, 10 Apr 2026</p>", "       - unexpected value \"Fri, 10 Apr 2026\""
  ],
  timeout: 5000,
  ariaSnapshot: "- paragraph: Fri, 10 Apr 2026",
},

      at captureRawStack (/Users/tien/Developer/ChronoShift/node_modules/playwright-core/lib/coreBundle.js:8588:21)
      at callMatcherAsStep (/Users/tien/Developer/ChronoShift/node_modules/playwright/lib/matchers/expect.js:13310:57)

Bun v1.4.0 (macOS arm64)
