{
  "at": "2026-10-05T07:43:15.496Z",
  "identityStable": true,
  "operations": 36,
  "cpuOperations": 12,
  "samplingValidation": {
    "profileCount": 12,
    "profilesWithNegativeDeltas": 12,
    "negativeDeltaCount": 50,
    "minimumDeltaUs": -1233,
    "negativeSignedSumUs": -24015,
    "weightedDurationsAndRankingsReliable": false
  },
  "perProfileSamplingValidation": [
    {
      "width": 1280,
      "operation": "small-select-open",
      "sampleCount": 268,
      "deltaCount": 268,
      "nonFiniteDeltaCount": 0,
      "negativeDeltaCount": 7,
      "minimumDeltaUs": -1151,
      "negativeSignedSumUs": -1961,
      "totalSignedSumUs": 99303,
      "weightedDurationsReliable": false,
      "weightedRankingsReliable": false
    },
    {
      "width": 1280,
      "operation": "small-select-close",
      "sampleCount": 356,
      "deltaCount": 356,
      "nonFiniteDeltaCount": 0,
      "negativeDeltaCount": 4,
      "minimumDeltaUs": -1233,
      "negativeSignedSumUs": -2438,
      "totalSignedSumUs": 214202,
      "weightedDurationsReliable": false,
      "weightedRankingsReliable": false
    },
    {
      "width": 1280,
      "operation": "zone-all-open",
      "sampleCount": 253,
      "deltaCount": 253,
      "nonFiniteDeltaCount": 0,
      "negativeDeltaCount": 4,
      "minimumDeltaUs": -1201,
      "negativeSignedSumUs": -2457,
      "totalSignedSumUs": 128843,
      "weightedDurationsReliable": false,
      "weightedRankingsReliable": false
    },
    {
      "width": 1280,
      "operation": "zone-filter",
      "sampleCount": 92,
      "deltaCount": 92,
      "nonFiniteDeltaCount": 0,
      "negativeDeltaCount": 3,
      "minimumDeltaUs": -911,
      "negativeSignedSumUs": -2042,
      "totalSignedSumUs": 95292,
      "weightedDurationsReliable": false,
      "weightedRankingsReliable": false
    },
    {
      "width": 1280,
      "operation": "zone-clear-filter",
      "sampleCount": 149,
      "deltaCount": 149,
      "nonFiniteDeltaCount": 0,
      "negativeDeltaCount": 5,
      "minimumDeltaUs": -907,
      "negativeSignedSumUs": -2544,
      "totalSignedSumUs": 95431,
      "weightedDurationsReliable": false,
      "weightedRankingsReliable": false
    },
    {
      "width": 1280,
      "operation": "zone-all-close",
      "sampleCount": 81,
      "deltaCount": 81,
      "nonFiniteDeltaCount": 0,
      "negativeDeltaCount": 3,
      "minimumDeltaUs": -1060,
      "negativeSignedSumUs": -2078,
      "totalSignedSumUs": 95186,
      "weightedDurationsReliable": false,
      "weightedRankingsReliable": false
    },
    {
      "width": 390,
      "operation": "small-select-open",
      "sampleCount": 271,
      "deltaCount": 271,
      "nonFiniteDeltaCount": 0,
      "negativeDeltaCount": 4,
      "minimumDeltaUs": -945,
      "negativeSignedSumUs": -2625,
      "totalSignedSumUs": 100669,
      "weightedDurationsReliable": false,
      "weightedRankingsReliable": false
    },
    {
      "width": 390,
      "operation": "small-select-close",
      "sampleCount": 358,
      "deltaCount": 358,
      "nonFiniteDeltaCount": 0,
      "negativeDeltaCount": 7,
      "minimumDeltaUs": -458,
      "negativeSignedSumUs": -1331,
      "totalSignedSumUs": 214394,
      "weightedDurationsReliable": false,
      "weightedRankingsReliable": false
    },
    {
      "width": 390,
      "operation": "zone-all-open",
      "sampleCount": 251,
      "deltaCount": 251,
      "nonFiniteDeltaCount": 0,
      "negativeDeltaCount": 7,
      "minimumDeltaUs": -861,
      "negativeSignedSumUs": -3053,
      "totalSignedSumUs": 128689,
      "weightedDurationsReliable": false,
      "weightedRankingsReliable": false
    },
    {
      "width": 390,
      "operation": "zone-filter",
      "sampleCount": 142,
      "deltaCount": 142,
      "nonFiniteDeltaCount": 0,
      "negativeDeltaCount": 2,
      "minimumDeltaUs": -893,
      "negativeSignedSumUs": -953,
      "totalSignedSumUs": 112538,
      "weightedDurationsReliable": false,
      "weightedRankingsReliable": false
    },
    {
      "width": 390,
      "operation": "zone-clear-filter",
      "sampleCount": 110,
      "deltaCount": 110,
      "nonFiniteDeltaCount": 0,
      "negativeDeltaCount": 3,
      "minimumDeltaUs": -1142,
      "negativeSignedSumUs": -1774,
      "totalSignedSumUs": 95758,
      "weightedDurationsReliable": false,
      "weightedRankingsReliable": false
    },
    {
      "width": 390,
      "operation": "zone-all-close",
      "sampleCount": 77,
      "deltaCount": 77,
      "nonFiniteDeltaCount": 0,
      "negativeDeltaCount": 1,
      "minimumDeltaUs": -759,
      "negativeSignedSumUs": -759,
      "totalSignedSumUs": 111785,
      "weightedDurationsReliable": false,
      "weightedRankingsReliable": false
    }
  ],
  "measurements": [
    {
      "key": "1280/small-select-open",
      "count": 3,
      "meanActionMs": 43.54958333333328,
      "meanObservedWallMs": 72.24495866666659,
      "meanTaskThreadMs": 17.01766666666668,
      "meanScriptThreadMs": 7.6946666666666585,
      "meanLayoutThreadMs": 0.43466666666666615,
      "meanStyleThreadMs": 2.244333333333334,
      "optionCounts": [
        3
      ],
      "descendantCounts": [
        22
      ]
    },
    {
      "key": "1280/small-select-close",
      "count": 3,
      "meanActionMs": 3.295986333333341,
      "meanObservedWallMs": 218.639889,
      "meanTaskThreadMs": 14.583666666666664,
      "meanScriptThreadMs": 3.2349999999999945,
      "meanLayoutThreadMs": 0.2813333333333338,
      "meanStyleThreadMs": 2.1606666666666654,
      "optionCounts": [
        0
      ],
      "descendantCounts": [
        0
      ]
    },
    {
      "key": "1280/zone-all-open",
      "count": 3,
      "meanActionMs": 71.3944166666666,
      "meanObservedWallMs": 106.95870833333318,
      "meanTaskThreadMs": 54.67533333333333,
      "meanScriptThreadMs": 34.52233333333333,
      "meanLayoutThreadMs": 3.823666666666666,
      "meanStyleThreadMs": 5.115666666666666,
      "optionCounts": [
        454
      ],
      "descendantCounts": [
        2728
      ]
    },
    {
      "key": "1280/zone-filter",
      "count": 3,
      "meanActionMs": 36.395694666666635,
      "meanObservedWallMs": 67.05627766666665,
      "meanTaskThreadMs": 43.47966666666668,
      "meanScriptThreadMs": 30.571,
      "meanLayoutThreadMs": 0.42533333333333284,
      "meanStyleThreadMs": 0.592,
      "optionCounts": [
        2
      ],
      "descendantCounts": [
        17
      ]
    },
    {
      "key": "1280/zone-clear-filter",
      "count": 3,
      "meanActionMs": 54.389819333333286,
      "meanObservedWallMs": 85.58780566666678,
      "meanTaskThreadMs": 54.53033333333335,
      "meanScriptThreadMs": 43.658666666666655,
      "meanLayoutThreadMs": 2.4866666666666672,
      "meanStyleThreadMs": 1.7093333333333327,
      "optionCounts": [
        454
      ],
      "descendantCounts": [
        2728
      ]
    },
    {
      "key": "1280/zone-all-close",
      "count": 3,
      "meanActionMs": 27.552374999999984,
      "meanObservedWallMs": 54.7327363333333,
      "meanTaskThreadMs": 25.749000000000006,
      "meanScriptThreadMs": 23.816333333333347,
      "meanLayoutThreadMs": 0.04666666666666708,
      "meanStyleThreadMs": 0.20300000000000007,
      "optionCounts": [
        0
      ],
      "descendantCounts": [
        0
      ]
    },
    {
      "key": "390/small-select-open",
      "count": 3,
      "meanActionMs": 44.21306966666649,
      "meanObservedWallMs": 71.90352800000012,
      "meanTaskThreadMs": 17.769000000000002,
      "meanScriptThreadMs": 7.930999999999995,
      "meanLayoutThreadMs": 0.4179999999999997,
      "meanStyleThreadMs": 2.425333333333333,
      "optionCounts": [
        3
      ],
      "descendantCounts": [
        22
      ]
    },
    {
      "key": "390/small-select-close",
      "count": 3,
      "meanActionMs": 2.979888666666587,
      "meanObservedWallMs": 210.26329199999978,
      "meanTaskThreadMs": 13.11766666666666,
      "meanScriptThreadMs": 3.040000000000004,
      "meanLayoutThreadMs": 0.30400000000000055,
      "meanStyleThreadMs": 2.005333333333333,
      "optionCounts": [
        0
      ],
      "descendantCounts": [
        0
      ]
    },
    {
      "key": "390/zone-all-open",
      "count": 3,
      "meanActionMs": 71.42058333333337,
      "meanObservedWallMs": 103.79772233333354,
      "meanTaskThreadMs": 51.49899999999999,
      "meanScriptThreadMs": 32.705666666666666,
      "meanLayoutThreadMs": 3.5463333333333336,
      "meanStyleThreadMs": 5.088,
      "optionCounts": [
        454
      ],
      "descendantCounts": [
        2728
      ]
    },
    {
      "key": "390/zone-filter",
      "count": 3,
      "meanActionMs": 35.60620833333314,
      "meanObservedWallMs": 66.75495833333314,
      "meanTaskThreadMs": 40.85199999999998,
      "meanScriptThreadMs": 29.99333333333334,
      "meanLayoutThreadMs": 0.3943333333333325,
      "meanStyleThreadMs": 0.6203333333333326,
      "optionCounts": [
        2
      ],
      "descendantCounts": [
        17
      ]
    },
    {
      "key": "390/zone-clear-filter",
      "count": 3,
      "meanActionMs": 55.53406899999997,
      "meanObservedWallMs": 81.17520800000027,
      "meanTaskThreadMs": 56.137333333333366,
      "meanScriptThreadMs": 43.96033333333333,
      "meanLayoutThreadMs": 2.5223333333333335,
      "meanStyleThreadMs": 1.7733333333333334,
      "optionCounts": [
        454
      ],
      "descendantCounts": [
        2728
      ]
    },
    {
      "key": "390/zone-all-close",
      "count": 3,
      "meanActionMs": 27.704555666666693,
      "meanObservedWallMs": 49.119555666666805,
      "meanTaskThreadMs": 26.078333333333294,
      "meanScriptThreadMs": 24.142333333333358,
      "meanLayoutThreadMs": 0.04633333333333398,
      "meanStyleThreadMs": 0.19399999999999973,
      "optionCounts": [
        0
      ],
      "descendantCounts": [
        0
      ]
    }
  ]
}
