{
  "began": "2026-10-05T07:34:48.381Z",
  "ended": "2026-10-05T07:34:49.557Z",
  "origin": "http://127.0.0.1:4298/",
  "viewport": {
    "width": 1280,
    "height": 900
  },
  "reducedMotion": "no-preference",
  "rows": [
    {
      "condition": "early",
      "actionMs": 2.716791999999998,
      "totalHostMs": 181.973209,
      "start": 236.5,
      "removed": 407.69999998807907,
      "animationFinished": [
        405.90000000596046
      ],
      "entering": true,
      "runningAnimations": 1,
      "expectObserved": 418,
      "removalAfterStartMs": 171.19999998807907,
      "assertionAfterRemovalMs": 10.300000011920929
    },
    {
      "condition": "settled",
      "actionMs": 6.317083000000025,
      "totalHostMs": 8.692499999999995,
      "start": 609.8000000119209,
      "removed": 615.6999999880791,
      "animationFinished": [],
      "entering": false,
      "runningAnimations": 0,
      "expectObserved": 618.5,
      "removalAfterStartMs": 5.899999976158142,
      "assertionAfterRemovalMs": 2.800000011920929
    },
    {
      "condition": "early",
      "actionMs": 2.42937500000005,
      "totalHostMs": 190.11358299999995,
      "start": 650.0999999940395,
      "removed": 807,
      "animationFinished": [
        805.9000000059605
      ],
      "entering": true,
      "runningAnimations": 1,
      "expectObserved": 840.0999999940395,
      "removalAfterStartMs": 156.90000000596046,
      "assertionAfterRemovalMs": 33.099999994039536
    },
    {
      "condition": "settled",
      "actionMs": 8.114458000000013,
      "totalHostMs": 10.633542000000034,
      "start": 1043.5,
      "removed": 1051.199999988079,
      "animationFinished": [],
      "entering": false,
      "runningAnimations": 0,
      "expectObserved": 1054.199999988079,
      "removalAfterStartMs": 7.699999988079071,
      "assertionAfterRemovalMs": 3
    }
  ],
  "limit": "Observational early versus native-animation-settled close, no animation suppression; does not establish a Linux or whole-suite improvement."
}
