
Running 60 tests using 4 workers

(node:95315) Warning: The 'NO_COLOR' env is ignored due to the 'FORCE_COLOR' env being set.
(Use `bun --trace-warnings ...` to show where the warning was created)
(node:95317) Warning: The 'NO_COLOR' env is ignored due to the 'FORCE_COLOR' env being set.
(Use `bun --trace-warnings ...` to show where the warning was created)
(node:95316) Warning: The 'NO_COLOR' env is ignored due to the 'FORCE_COLOR' env being set.
(Use `bun --trace-warnings ...` to show where the warning was created)
(node:95314) Warning: The 'NO_COLOR' env is ignored due to the 'FORCE_COLOR' env being set.
(Use `bun --trace-warnings ...` to show where the warning was created)
  ✓   3 [chromium] › e2e/app.spec.ts:163:0 › pasted HTML cannot execute or fetch its URL (594ms)
  ✓   2 [chromium] › e2e/app.spec.ts:193:0 › convert, inspect ambiguity, copy manually and protect privacy (893ms)
  ✓   1 [chromium] › e2e/app.spec.ts:226:0 › close and reopen offline, then convert previously unseen input (1.0s)
  ✓   4 [chromium] › e2e/app.spec.ts:250:0 › preferences persist, input does not; denied storage still converts (1.3s)
  ✓   5 [chromium] › e2e/app.spec.ts:297:0 › readable at 320px, dark mode, with no serious accessibility violations (1.5s)
  ✓   8 [chromium] › e2e/privacy.spec.ts:7:2 › legacy lens preferences migrate, reset removes them and quota failures keep conversion usable (1.0s)
  ✓  10 [chromium] › e2e/privacy.spec.ts:88:0 › invalid and oversized local shares return a paste fallback without storing text (530ms)
  ✓   9 [chromium] › e2e/privacy.spec.ts:7:2 › legacy command preferences migrate, reset removes them and quota failures keep conversion usable (1.0s)
  ✓   7 [chromium] › e2e/controls.spec.ts:340:0 › timezone search preserves freeform offsets and recovers from empty and invalid choices (2.6s)
(node:95372) Warning: The 'NO_COLOR' env is ignored due to the 'FORCE_COLOR' env being set.
(Use `bun --trace-warnings ...` to show where the warning was created)
  ✓  12 [chromium] › e2e/responsive.spec.ts:85:0 › touch-sized controls and keyboard navigation remain usable in a short viewport (805ms)
(node:95374) Warning: The 'NO_COLOR' env is ignored due to the 'FORCE_COLOR' env being set.
(Use `bun --trace-warnings ...` to show where the warning was created)
  ✓  11 [chromium] › e2e/responsive.spec.ts:5:0 › reflows across cover screens, phones, tablets and desktops without losing work (2.0s)
  ✓   6 [chromium] › e2e/controls.spec.ts:233:0 › choice menus support keyboard selection, nested Escape and pointer dismissal (4.1s)
(node:95397) Warning: The 'NO_COLOR' env is ignored due to the 'FORCE_COLOR' env being set.
(Use `bun --trace-warnings ...` to show where the warning was created)
(node:95398) Warning: The 'NO_COLOR' env is ignored due to the 'FORCE_COLOR' env being set.
(Use `bun --trace-warnings ...` to show where the warning was created)
  ✓  13 [firefox] › e2e/app.spec.ts:163:0 › pasted HTML cannot execute or fetch its URL (1.1s)
  ✓  14 [firefox] › e2e/app.spec.ts:193:0 › convert, inspect ambiguity, copy manually and protect privacy (1.5s)
  ✓  17 [firefox] › e2e/app.spec.ts:297:0 › readable at 320px, dark mode, with no serious accessibility violations (1.5s)
  ✓  15 [firefox] › e2e/app.spec.ts:226:0 › close and reopen offline, then convert previously unseen input (1.7s)
  ✓  16 [firefox] › e2e/app.spec.ts:250:0 › preferences persist, input does not; denied storage still converts (2.1s)
  ✓  20 [firefox] › e2e/privacy.spec.ts:7:2 › legacy lens preferences migrate, reset removes them and quota failures keep conversion usable (1.6s)
  ✓  22 [firefox] › e2e/privacy.spec.ts:88:0 › invalid and oversized local shares return a paste fallback without storing text (671ms)
  ✓  21 [firefox] › e2e/privacy.spec.ts:7:2 › legacy command preferences migrate, reset removes them and quota failures keep conversion usable (1.6s)
  ✓  19 [firefox] › e2e/controls.spec.ts:340:0 › timezone search preserves freeform offsets and recovers from empty and invalid choices (3.2s)
(node:95458) Warning: The 'NO_COLOR' env is ignored due to the 'FORCE_COLOR' env being set.
(Use `bun --trace-warnings ...` to show where the warning was created)
  ✓  24 [firefox] › e2e/responsive.spec.ts:85:0 › touch-sized controls and keyboard navigation remain usable in a short viewport (886ms)
  ✓  18 [firefox] › e2e/controls.spec.ts:233:0 › choice menus support keyboard selection, nested Escape and pointer dismissal (4.6s)
(node:95471) Warning: The 'NO_COLOR' env is ignored due to the 'FORCE_COLOR' env being set.
(Use `bun --trace-warnings ...` to show where the warning was created)
(node:95481) Warning: The 'NO_COLOR' env is ignored due to the 'FORCE_COLOR' env being set.
(Use `bun --trace-warnings ...` to show where the warning was created)
  ✓  25 [webkit] › e2e/app.spec.ts:163:0 › pasted HTML cannot execute or fetch its URL (786ms)
  ✓  23 [firefox] › e2e/responsive.spec.ts:5:0 › reflows across cover screens, phones, tablets and desktops without losing work (2.1s)
(node:95510) Warning: The 'NO_COLOR' env is ignored due to the 'FORCE_COLOR' env being set.
(Use `bun --trace-warnings ...` to show where the warning was created)
  ✓  26 [webkit] › e2e/app.spec.ts:193:0 › convert, inspect ambiguity, copy manually and protect privacy (1.1s)
  ✓  27 [webkit] › e2e/app.spec.ts:226:0 › close and reopen offline, then convert previously unseen input (1.5s)
  ✓  28 [webkit] › e2e/app.spec.ts:250:0 › preferences persist, input does not; denied storage still converts (1.6s)
  ✓  29 [webkit] › e2e/app.spec.ts:297:0 › readable at 320px, dark mode, with no serious accessibility violations (1.5s)
  ✓  32 [webkit] › e2e/privacy.spec.ts:7:2 › legacy lens preferences migrate, reset removes them and quota failures keep conversion usable (1.4s)
  ✓  34 [webkit] › e2e/privacy.spec.ts:88:0 › invalid and oversized local shares return a paste fallback without storing text (679ms)
  ✓  33 [webkit] › e2e/privacy.spec.ts:7:2 › legacy command preferences migrate, reset removes them and quota failures keep conversion usable (1.4s)
  ✓  31 [webkit] › e2e/controls.spec.ts:340:0 › timezone search preserves freeform offsets and recovers from empty and invalid choices (2.7s)
(node:95563) Warning: The 'NO_COLOR' env is ignored due to the 'FORCE_COLOR' env being set.
(Use `bun --trace-warnings ...` to show where the warning was created)
  ✓  36 [webkit] › e2e/responsive.spec.ts:85:0 › touch-sized controls and keyboard navigation remain usable in a short viewport (882ms)
(node:95574) Warning: The 'NO_COLOR' env is ignored due to the 'FORCE_COLOR' env being set.
(Use `bun --trace-warnings ...` to show where the warning was created)
  ✓  37 [android-emulation] › e2e/app.spec.ts:163:0 › pasted HTML cannot execute or fetch its URL (540ms)
  ✓  30 [webkit] › e2e/controls.spec.ts:233:0 › choice menus support keyboard selection, nested Escape and pointer dismissal (4.3s)
(node:95580) Warning: The 'NO_COLOR' env is ignored due to the 'FORCE_COLOR' env being set.
(Use `bun --trace-warnings ...` to show where the warning was created)
  ✓  38 [android-emulation] › e2e/app.spec.ts:193:0 › convert, inspect ambiguity, copy manually and protect privacy (869ms)
  ✓  35 [webkit] › e2e/responsive.spec.ts:5:0 › reflows across cover screens, phones, tablets and desktops without losing work (2.1s)
  ✓  39 [android-emulation] › e2e/app.spec.ts:226:0 › close and reopen offline, then convert previously unseen input (977ms)
(node:95595) Warning: The 'NO_COLOR' env is ignored due to the 'FORCE_COLOR' env being set.
(Use `bun --trace-warnings ...` to show where the warning was created)
  ✓  40 [android-emulation] › e2e/app.spec.ts:250:0 › preferences persist, input does not; denied storage still converts (1.3s)
  ✓  41 [android-emulation] › e2e/app.spec.ts:297:0 › readable at 320px, dark mode, with no serious accessibility violations (1.1s)
  ✓  44 [android-emulation] › e2e/privacy.spec.ts:7:2 › legacy lens preferences migrate, reset removes them and quota failures keep conversion usable (1.1s)
  ✓  45 [android-emulation] › e2e/privacy.spec.ts:7:2 › legacy command preferences migrate, reset removes them and quota failures keep conversion usable (1.0s)
  ✓  46 [android-emulation] › e2e/privacy.spec.ts:88:0 › invalid and oversized local shares return a paste fallback without storing text (531ms)
  ✓  42 [android-emulation] › e2e/controls.spec.ts:340:0 › timezone search preserves freeform offsets and recovers from empty and invalid choices (2.8s)
(node:95626) Warning: The 'NO_COLOR' env is ignored due to the 'FORCE_COLOR' env being set.
(Use `bun --trace-warnings ...` to show where the warning was created)
  ✓  48 [android-emulation] › e2e/responsive.spec.ts:85:0 › touch-sized controls and keyboard navigation remain usable in a short viewport (826ms)
(node:95641) Warning: The 'NO_COLOR' env is ignored due to the 'FORCE_COLOR' env being set.
(Use `bun --trace-warnings ...` to show where the warning was created)
  ✓  49 [iphone-emulation] › e2e/app.spec.ts:163:0 › pasted HTML cannot execute or fetch its URL (725ms)
  ✓  47 [android-emulation] › e2e/responsive.spec.ts:5:0 › reflows across cover screens, phones, tablets and desktops without losing work (2.0s)
(node:95670) Warning: The 'NO_COLOR' env is ignored due to the 'FORCE_COLOR' env being set.
(Use `bun --trace-warnings ...` to show where the warning was created)
  ✓  43 [android-emulation] › e2e/controls.spec.ts:233:0 › choice menus support keyboard selection, nested Escape and pointer dismissal (4.1s)
(node:95679) Warning: The 'NO_COLOR' env is ignored due to the 'FORCE_COLOR' env being set.
(Use `bun --trace-warnings ...` to show where the warning was created)
  ✓  50 [iphone-emulation] › e2e/app.spec.ts:193:0 › convert, inspect ambiguity, copy manually and protect privacy (1.1s)
  ✓  51 [iphone-emulation] › e2e/app.spec.ts:226:0 › close and reopen offline, then convert previously unseen input (1.4s)
  ✓  52 [iphone-emulation] › e2e/app.spec.ts:250:0 › preferences persist, input does not; denied storage still converts (1.7s)
  ✓  53 [iphone-emulation] › e2e/app.spec.ts:297:0 › readable at 320px, dark mode, with no serious accessibility violations (1.5s)
  ✓  56 [iphone-emulation] › e2e/privacy.spec.ts:7:2 › legacy lens preferences migrate, reset removes them and quota failures keep conversion usable (1.4s)
  ✓  57 [iphone-emulation] › e2e/privacy.spec.ts:7:2 › legacy command preferences migrate, reset removes them and quota failures keep conversion usable (1.4s)
  ✓  55 [iphone-emulation] › e2e/controls.spec.ts:340:0 › timezone search preserves freeform offsets and recovers from empty and invalid choices (2.7s)
  ✓  58 [iphone-emulation] › e2e/privacy.spec.ts:88:0 › invalid and oversized local shares return a paste fallback without storing text (642ms)
  ✓  60 [iphone-emulation] › e2e/responsive.spec.ts:85:0 › touch-sized controls and keyboard navigation remain usable in a short viewport (896ms)
  ✓  54 [iphone-emulation] › e2e/controls.spec.ts:233:0 › choice menus support keyboard selection, nested Escape and pointer dismissal (4.2s)
  ✓  59 [iphone-emulation] › e2e/responsive.spec.ts:5:0 › reflows across cover screens, phones, tablets and desktops without losing work (2.1s)

  60 passed (27.2s)
[ci-timing] 60 attempts recorded; 0 omitted by the 1000-attempt limit
