{
  "observedAt": "2026-10-05T10:06:56.345Z",
  "run": {
    "id": 37293668474,
    "attempt": 1,
    "head": "a868e4b956caf5d227edc430fc7dca97c0dc2eb6",
    "event": "workflow_dispatch",
    "status": "completed",
    "conclusion": "success",
    "createdAt": "2026-10-05T09:59:45Z",
    "updatedAt": "2026-10-05T10:06:15Z",
    "url": "https://github.com/Tien-Lam/ChronoShift/actions/runs/37293668474"
  },
  "jobs": [
    {
      "id": 111709774614,
      "name": "prepare",
      "conclusion": "success",
      "startedAt": "2026-10-05T09:59:51Z",
      "completedAt": "2026-10-05T10:00:06Z",
      "seconds": 15,
      "roundedMinutes": 1,
      "beforeFirstStepSeconds": 1,
      "steps": [
        {
          "name": "Set up job",
          "conclusion": "success",
          "startedAt": "2026-10-05T09:59:52Z",
          "completedAt": "2026-10-05T09:59:54Z",
          "seconds": 2
        },
        {
          "name": "Run actions/checkout@3d3c42e5aac5ba805825da76410c181273ba90b1",
          "conclusion": "success",
          "startedAt": "2026-10-05T09:59:54Z",
          "completedAt": "2026-10-05T10:00:00Z",
          "seconds": 6
        },
        {
          "name": "Run jdx/mise-action@7a4e45a543138629540c9a1616d08632b893e492",
          "conclusion": "success",
          "startedAt": "2026-10-05T10:00:00Z",
          "completedAt": "2026-10-05T10:00:04Z",
          "seconds": 4
        },
        {
          "name": "Reuse the exact verified PR artifact",
          "conclusion": "skipped",
          "startedAt": "2026-10-05T10:00:04Z",
          "completedAt": "2026-10-05T10:00:04Z",
          "seconds": null
        },
        {
          "name": "Run actions/configure-pages@45bfe0192ca1faeb007ade9deae92b16b8254a0d",
          "conclusion": "skipped",
          "startedAt": "2026-10-05T10:00:04Z",
          "completedAt": "2026-10-05T10:00:04Z",
          "seconds": null
        },
        {
          "name": "Upload the verified Pages build",
          "conclusion": "skipped",
          "startedAt": "2026-10-05T10:00:04Z",
          "completedAt": "2026-10-05T10:00:04Z",
          "seconds": null
        },
        {
          "name": "Run actions/deploy-pages@368f82528645a54fb793d4d04e342629a3f51346",
          "conclusion": "skipped",
          "startedAt": "2026-10-05T10:00:04Z",
          "completedAt": "2026-10-05T10:00:04Z",
          "seconds": null
        },
        {
          "name": "Post Run actions/checkout@3d3c42e5aac5ba805825da76410c181273ba90b1",
          "conclusion": "success",
          "startedAt": "2026-10-05T10:00:04Z",
          "completedAt": "2026-10-05T10:00:04Z",
          "seconds": 0
        },
        {
          "name": "Complete job",
          "conclusion": "success",
          "startedAt": "2026-10-05T10:00:04Z",
          "completedAt": "2026-10-05T10:00:04Z",
          "seconds": 0
        }
      ]
    },
    {
      "id": 111709882887,
      "name": "verify / web",
      "conclusion": "success",
      "startedAt": "2026-10-05T10:00:09Z",
      "completedAt": "2026-10-05T10:05:57Z",
      "seconds": 348,
      "roundedMinutes": 6,
      "beforeFirstStepSeconds": 1,
      "steps": [
        {
          "name": "Set up job",
          "conclusion": "success",
          "startedAt": "2026-10-05T10:00:10Z",
          "completedAt": "2026-10-05T10:00:12Z",
          "seconds": 2
        },
        {
          "name": "Initialize containers",
          "conclusion": "success",
          "startedAt": "2026-10-05T10:00:12Z",
          "completedAt": "2026-10-05T10:00:47Z",
          "seconds": 35
        },
        {
          "name": "Run actions/checkout@3d3c42e5aac5ba805825da76410c181273ba90b1",
          "conclusion": "success",
          "startedAt": "2026-10-05T10:00:47Z",
          "completedAt": "2026-10-05T10:00:51Z",
          "seconds": 4
        },
        {
          "name": "Capture the checked-in corpus audit",
          "conclusion": "success",
          "startedAt": "2026-10-05T10:00:51Z",
          "completedAt": "2026-10-05T10:00:51Z",
          "seconds": 0
        },
        {
          "name": "Run jdx/mise-action@7a4e45a543138629540c9a1616d08632b893e492",
          "conclusion": "success",
          "startedAt": "2026-10-05T10:00:51Z",
          "completedAt": "2026-10-05T10:01:12Z",
          "seconds": 21
        },
        {
          "name": "Run bun install --frozen-lockfile",
          "conclusion": "success",
          "startedAt": "2026-10-05T10:01:12Z",
          "completedAt": "2026-10-05T10:01:13Z",
          "seconds": 1
        },
        {
          "name": "Verify the pinned browser image matches the dependency",
          "conclusion": "success",
          "startedAt": "2026-10-05T10:01:13Z",
          "completedAt": "2026-10-05T10:01:14Z",
          "seconds": 1
        },
        {
          "name": "Run bun run format:check",
          "conclusion": "success",
          "startedAt": "2026-10-05T10:01:14Z",
          "completedAt": "2026-10-05T10:01:15Z",
          "seconds": 1
        },
        {
          "name": "Unit tests and production build",
          "conclusion": "success",
          "startedAt": "2026-10-05T10:01:15Z",
          "completedAt": "2026-10-05T10:01:16Z",
          "seconds": 1
        },
        {
          "name": "Verify the standalone conversion corpus audit",
          "conclusion": "success",
          "startedAt": "2026-10-05T10:01:16Z",
          "completedAt": "2026-10-05T10:01:17Z",
          "seconds": 1
        },
        {
          "name": "Run bun run test:browser",
          "conclusion": "success",
          "startedAt": "2026-10-05T10:01:17Z",
          "completedAt": "2026-10-05T10:05:50Z",
          "seconds": 273
        },
        {
          "name": "Record browser resource usage",
          "conclusion": "success",
          "startedAt": "2026-10-05T10:05:50Z",
          "completedAt": "2026-10-05T10:05:50Z",
          "seconds": 0
        },
        {
          "name": "Retain bounded browser timing metadata",
          "conclusion": "skipped",
          "startedAt": "2026-10-05T10:05:50Z",
          "completedAt": "2026-10-05T10:05:50Z",
          "seconds": null
        },
        {
          "name": "Run actions/configure-pages@45bfe0192ca1faeb007ade9deae92b16b8254a0d",
          "conclusion": "success",
          "startedAt": "2026-10-05T10:05:50Z",
          "completedAt": "2026-10-05T10:05:50Z",
          "seconds": 0
        },
        {
          "name": "Verify repository-subpath deployment",
          "conclusion": "success",
          "startedAt": "2026-10-05T10:05:50Z",
          "completedAt": "2026-10-05T10:05:53Z",
          "seconds": 3
        },
        {
          "name": "Upload the verified Pages build",
          "conclusion": "success",
          "startedAt": "2026-10-05T10:05:53Z",
          "completedAt": "2026-10-05T10:05:54Z",
          "seconds": 1
        },
        {
          "name": "Publish failed-attempt diagnostics",
          "conclusion": "skipped",
          "startedAt": "2026-10-05T10:05:54Z",
          "completedAt": "2026-10-05T10:05:54Z",
          "seconds": null
        },
        {
          "name": "Post Run actions/checkout@3d3c42e5aac5ba805825da76410c181273ba90b1",
          "conclusion": "success",
          "startedAt": "2026-10-05T10:05:54Z",
          "completedAt": "2026-10-05T10:05:54Z",
          "seconds": 0
        },
        {
          "name": "Stop containers",
          "conclusion": "success",
          "startedAt": "2026-10-05T10:05:54Z",
          "completedAt": "2026-10-05T10:05:54Z",
          "seconds": 0
        },
        {
          "name": "Complete job",
          "conclusion": "success",
          "startedAt": "2026-10-05T10:05:54Z",
          "completedAt": "2026-10-05T10:05:54Z",
          "seconds": 0
        }
      ]
    },
    {
      "id": 111711968806,
      "name": "deploy",
      "conclusion": "success",
      "startedAt": "2026-10-05T10:06:02Z",
      "completedAt": "2026-10-05T10:06:14Z",
      "seconds": 12,
      "roundedMinutes": 1,
      "beforeFirstStepSeconds": 1,
      "steps": [
        {
          "name": "Set up job",
          "conclusion": "success",
          "startedAt": "2026-10-05T10:06:03Z",
          "completedAt": "2026-10-05T10:06:04Z",
          "seconds": 1
        },
        {
          "name": "Run actions/deploy-pages@368f82528645a54fb793d4d04e342629a3f51346",
          "conclusion": "success",
          "startedAt": "2026-10-05T10:06:04Z",
          "completedAt": "2026-10-05T10:06:12Z",
          "seconds": 8
        },
        {
          "name": "Complete job",
          "conclusion": "success",
          "startedAt": "2026-10-05T10:06:12Z",
          "completedAt": "2026-10-05T10:06:12Z",
          "seconds": 0
        }
      ]
    }
  ],
  "totalJobSeconds": 375,
  "totalRoundedMinutes": 8,
  "allActiveJobsSuccessful": true,
  "manualBranches": {
    "prepareSteps": [
      {
        "name": "Set up job",
        "conclusion": "success",
        "startedAt": "2026-10-05T09:59:52Z",
        "completedAt": "2026-10-05T09:59:54Z",
        "seconds": 2
      },
      {
        "name": "Run actions/checkout@3d3c42e5aac5ba805825da76410c181273ba90b1",
        "conclusion": "success",
        "startedAt": "2026-10-05T09:59:54Z",
        "completedAt": "2026-10-05T10:00:00Z",
        "seconds": 6
      },
      {
        "name": "Run jdx/mise-action@7a4e45a543138629540c9a1616d08632b893e492",
        "conclusion": "success",
        "startedAt": "2026-10-05T10:00:00Z",
        "completedAt": "2026-10-05T10:00:04Z",
        "seconds": 4
      },
      {
        "name": "Reuse the exact verified PR artifact",
        "conclusion": "skipped",
        "startedAt": "2026-10-05T10:00:04Z",
        "completedAt": "2026-10-05T10:00:04Z",
        "seconds": null
      },
      {
        "name": "Run actions/configure-pages@45bfe0192ca1faeb007ade9deae92b16b8254a0d",
        "conclusion": "skipped",
        "startedAt": "2026-10-05T10:00:04Z",
        "completedAt": "2026-10-05T10:00:04Z",
        "seconds": null
      },
      {
        "name": "Upload the verified Pages build",
        "conclusion": "skipped",
        "startedAt": "2026-10-05T10:00:04Z",
        "completedAt": "2026-10-05T10:00:04Z",
        "seconds": null
      },
      {
        "name": "Run actions/deploy-pages@368f82528645a54fb793d4d04e342629a3f51346",
        "conclusion": "skipped",
        "startedAt": "2026-10-05T10:00:04Z",
        "completedAt": "2026-10-05T10:00:04Z",
        "seconds": null
      },
      {
        "name": "Post Run actions/checkout@3d3c42e5aac5ba805825da76410c181273ba90b1",
        "conclusion": "success",
        "startedAt": "2026-10-05T10:00:04Z",
        "completedAt": "2026-10-05T10:00:04Z",
        "seconds": 0
      },
      {
        "name": "Complete job",
        "conclusion": "success",
        "startedAt": "2026-10-05T10:00:04Z",
        "completedAt": "2026-10-05T10:00:04Z",
        "seconds": 0
      }
    ],
    "deploySteps": [
      {
        "name": "Set up job",
        "conclusion": "success",
        "startedAt": "2026-10-05T10:06:03Z",
        "completedAt": "2026-10-05T10:06:04Z",
        "seconds": 1
      },
      {
        "name": "Run actions/deploy-pages@368f82528645a54fb793d4d04e342629a3f51346",
        "conclusion": "success",
        "startedAt": "2026-10-05T10:06:04Z",
        "completedAt": "2026-10-05T10:06:12Z",
        "seconds": 8
      },
      {
        "name": "Complete job",
        "conclusion": "success",
        "startedAt": "2026-10-05T10:06:12Z",
        "completedAt": "2026-10-05T10:06:12Z",
        "seconds": 0
      }
    ]
  },
  "gates": [
    {
      "name": "Run actions/configure-pages@45bfe0192ca1faeb007ade9deae92b16b8254a0d",
      "conclusion": "success"
    },
    {
      "name": "Run actions/checkout@3d3c42e5aac5ba805825da76410c181273ba90b1",
      "conclusion": "success"
    },
    {
      "name": "Capture the checked-in corpus audit",
      "conclusion": "success"
    },
    {
      "name": "Run jdx/mise-action@7a4e45a543138629540c9a1616d08632b893e492",
      "conclusion": "success"
    },
    {
      "name": "Run bun install --frozen-lockfile",
      "conclusion": "success"
    },
    {
      "name": "Verify the pinned browser image matches the dependency",
      "conclusion": "success"
    },
    {
      "name": "Run bun run format:check",
      "conclusion": "success"
    },
    {
      "name": "Unit tests and production build",
      "conclusion": "success"
    },
    {
      "name": "Verify the standalone conversion corpus audit",
      "conclusion": "success"
    },
    {
      "name": "Run bun run test:browser",
      "conclusion": "success"
    },
    {
      "name": "Record browser resource usage",
      "conclusion": "success"
    },
    {
      "name": "Verify repository-subpath deployment",
      "conclusion": "success"
    },
    {
      "name": "Upload the verified Pages build",
      "conclusion": "success"
    }
  ],
  "allRequiredGatesSuccessful": true,
  "browser": {
    "attempts": 0,
    "distinctCases": 0,
    "firstPasses": 0,
    "skipped": 0,
    "failed": 0,
    "retries": 0,
    "byProject": {},
    "expectedCases": 273,
    "originalCaseCount": 258,
    "addedCases": 15,
    "titles": [
      "a deferred manual-copy focus frame cannot steal a new target keyboard edit",
      "an unchanged copy owner still receives selected manual fallback text",
      "same-owner keyboard intent keeps the newer owner"
    ],
    "missingCases": [
      "[\"foldable\",\"e2e/foldable.spec.ts\",\"notch and home-indicator safe areas inset the task\"]",
      "[\"foldable\",\"e2e/foldable.spec.ts\",\"tabletop posture confines the scrollable task to the upper screen\"]",
      "[\"foldable\",\"e2e/foldable.spec.ts\",\"input and results avoid a vertical hinge and survive folding\"]",
      "[\"chromium\",\"e2e/app.spec.ts\",\"worker failure recovers and a late response cannot resurrect cleared input\"]",
      "[\"chromium\",\"e2e/app.spec.ts\",\"a delayed failed readiness probe cannot overwrite a newer successful check\"]",
      "[\"chromium\",\"e2e/app.spec.ts\",\"pasted HTML cannot execute or fetch its URL\"]",
      "[\"chromium\",\"e2e/app.spec.ts\",\"an intact offline app survives a failed registration check while changing target zones\"]",
      "[\"chromium\",\"e2e/app.spec.ts\",\"missing cache reports incomplete and reconnect repairs the complete offline app\"]",
      "[\"chromium\",\"e2e/app.spec.ts\",\"convert, inspect ambiguity, copy manually and protect privacy\"]",
      "[\"chromium\",\"e2e/app.spec.ts\",\"close and reopen offline, then convert previously unseen input\"]",
      "[\"chromium\",\"e2e/app.spec.ts\",\"preferences persist, input does not; denied storage still converts\"]",
      "[\"chromium\",\"e2e/app.spec.ts\",\"offline POST share is single-use and never places message in URL\"]",
      "[\"chromium\",\"e2e/app.spec.ts\",\"input errors recover, edits invalidate results, keyboard keeps multiline input\"]",
      "[\"chromium\",\"e2e/app.spec.ts\",\"readable at 320px, dark mode, with no serious accessibility violations\"]",
      "[\"chromium\",\"e2e/app.spec.ts\",\"an update waits, preserves draft on opt-in, and survives a partial next update\"]",
      "[\"chromium\",\"e2e/controls.spec.ts\",\"timezone search preserves freeform offsets and recovers from empty and invalid choices\"]",
      "[\"chromium\",\"e2e/controls.spec.ts\",\"choice menus support keyboard selection, nested Escape and pointer dismissal\"]",
      "[\"chromium\",\"e2e/controls.spec.ts\",\"hovering timezone suggestions preserves typed values while explicit selections still commit\"]",
      "[\"chromium\",\"e2e/diagnostics.spec.ts\",\"detailed logs still work in memory when session storage is denied\"]",
      "[\"chromium\",\"e2e/diagnostics.spec.ts\",\"detailed logging survives a tab reload and reset preferences disables it\"]",
      "[\"chromium\",\"e2e/diagnostics.spec.ts\",\"corrupt cached files fail integrity checks and detailed logs identify bounded repair failure\"]",
      "[\"chromium\",\"e2e/diagnostics.spec.ts\",\"a retired release repairs only missing files using its intact cached assets\"]",
      "[\"chromium\",\"e2e/diagnostics.spec.ts\",\"detailed logs are opt-in, local, exclude message and selected zones, and stop when disabled\"]",
      "[\"chromium\",\"e2e/engine.spec.ts\",\"independent exact fixture expectations run in the production browser worker\"]",
      "[\"chromium\",\"e2e/controls.spec.ts\",\"themed choices align and their opened menus fit every breakpoint without losing work\"]",
      "[\"chromium\",\"e2e/imports.spec.ts\",\"delayed clipboard offers replacement instead of overwriting edited or cleared work\"]",
      "[\"chromium\",\"e2e/imports.spec.ts\",\"an unresolved target hides copyable fallback results and correction restores the source interpretation\"]",
      "[\"chromium\",\"e2e/diagnostics.spec.ts\",\"waiting updates remain actionable when a current cache probe times out\"]",
      "[\"chromium\",\"e2e/imports.spec.ts\",\"delayed share offers replacement instead of overwriting edited or cleared work\"]",
      "[\"chromium\",\"e2e/motion.spec.ts\",\"reduced motion keeps live feedback and usable results without animation\"]",
      "[\"chromium\",\"e2e/live.spec.ts\",\"typing, pasted text and conversion settings update without submission\"]",
      "[\"chromium\",\"e2e/live.spec.ts\",\"composition defers conversion and queued work cannot overwrite a newer draft\"]",
      "[\"chromium\",\"e2e/offline-install.spec.ts\",\"a transient initial registration failure retries before any controller exists\"]",
      "[\"chromium\",\"e2e/motion.spec.ts\",\"live feedback covers debounce and worker completion, then settles or cancels\"]",
      "[\"chromium\",\"e2e/offline-install.spec.ts\",\"slow first installation clears its expired warning without losing conversion\"]",
      "[\"chromium\",\"e2e/offline-install.spec.ts\",\"a stale mutable release marker is refetched and checked before offline readiness\"]",
      "[\"chromium\",\"e2e/offline-install.spec.ts\",\"a rejected first installation retries without reloading or clearing input\"]",
      "[\"chromium\",\"e2e/offline-install.spec.ts\",\"HTML response rewriting cannot break first installation or offline navigation\"]",
      "[\"chromium\",\"e2e/privacy.spec.ts\",\"legacy lens preferences migrate, reset removes them and quota failures keep conversion usable\"]",
      "[\"chromium\",\"e2e/privacy.spec.ts\",\"legacy command preferences migrate, reset removes them and quota failures keep conversion usable\"]",
      "[\"chromium\",\"e2e/privacy.spec.ts\",\"invalid and oversized local shares return a paste fallback without storing text\"]",
      "[\"chromium\",\"e2e/offline-install.spec.ts\",\"persistently wrong release bytes never activate or claim offline readiness\"]",
      "[\"chromium\",\"e2e/privacy.spec.ts\",\"expired and invalid temporary text is consumed and erased without restoring it\"]",
      "[\"chromium\",\"e2e/privacy.spec.ts\",\"denied update storage keeps the draft active and requires clearing before reload\"]",
      "[\"chromium\",\"e2e/responsive.spec.ts\",\"touch-sized controls and keyboard navigation remain usable in a short viewport\"]",
      "[\"chromium\",\"e2e/responsive.spec.ts\",\"reflows across cover screens, phones, tablets and desktops without losing work\"]",
      "[\"chromium\",\"e2e/uncontrolled.spec.ts\",\"an activated worker reclaims a hard-refreshed tab without reloading its draft\"]",
      "[\"chromium\",\"e2e/updates.spec.ts\",\"repair refuses another release and leaves the existing offline shell intact\"]",
      "[\"chromium\",\"e2e/uncontrolled.spec.ts\",\"an older active worker cannot mark an uncontrolled tab ready or activate its waiting update\"]",
      "[\"chromium\",\"e2e/updates.spec.ts\",\"an interrupted rollback preserves a retained cache and its old tab worker\"]",
      "[\"chromium\",\"e2e/uncontrolled.spec.ts\",\"an explicit update recovers a timed-out readiness probe without another reload\"]",
      "[\"chromium\",\"e2e/updates.spec.ts\",\"oversized drafts block an update until they can be safely preserved\"]",
      "[\"firefox\",\"e2e/app.spec.ts\",\"worker failure recovers and a late response cannot resurrect cleared input\"]",
      "[\"firefox\",\"e2e/app.spec.ts\",\"an intact offline app survives a failed registration check while changing target zones\"]",
      "[\"firefox\",\"e2e/app.spec.ts\",\"a delayed failed readiness probe cannot overwrite a newer successful check\"]",
      "[\"chromium\",\"e2e/updates.spec.ts\",\"old and new tabs retain their own workers across successive releases and offline restart\"]",
      "[\"chromium\",\"e2e/updates.spec.ts\",\"rollback preserves draft and preferences and removes obsolete caches with one remaining tab\"]",
      "[\"firefox\",\"e2e/app.spec.ts\",\"missing cache reports incomplete and reconnect repairs the complete offline app\"]",
      "[\"firefox\",\"e2e/app.spec.ts\",\"pasted HTML cannot execute or fetch its URL\"]",
      "[\"firefox\",\"e2e/app.spec.ts\",\"convert, inspect ambiguity, copy manually and protect privacy\"]",
      "[\"firefox\",\"e2e/app.spec.ts\",\"input errors recover, edits invalidate results, keyboard keeps multiline input\"]",
      "[\"firefox\",\"e2e/app.spec.ts\",\"preferences persist, input does not; denied storage still converts\"]",
      "[\"firefox\",\"e2e/app.spec.ts\",\"close and reopen offline, then convert previously unseen input\"]",
      "[\"firefox\",\"e2e/app.spec.ts\",\"offline POST share is single-use and never places message in URL\"]",
      "[\"firefox\",\"e2e/app.spec.ts\",\"readable at 320px, dark mode, with no serious accessibility violations\"]",
      "[\"firefox\",\"e2e/app.spec.ts\",\"an update waits, preserves draft on opt-in, and survives a partial next update\"]",
      "[\"firefox\",\"e2e/controls.spec.ts\",\"hovering timezone suggestions preserves typed values while explicit selections still commit\"]",
      "[\"firefox\",\"e2e/controls.spec.ts\",\"choice menus support keyboard selection, nested Escape and pointer dismissal\"]",
      "[\"firefox\",\"e2e/controls.spec.ts\",\"timezone search preserves freeform offsets and recovers from empty and invalid choices\"]",
      "[\"firefox\",\"e2e/diagnostics.spec.ts\",\"detailed logging survives a tab reload and reset preferences disables it\"]",
      "[\"firefox\",\"e2e/diagnostics.spec.ts\",\"detailed logs still work in memory when session storage is denied\"]",
      "[\"firefox\",\"e2e/diagnostics.spec.ts\",\"detailed logs are opt-in, local, exclude message and selected zones, and stop when disabled\"]",
      "[\"firefox\",\"e2e/diagnostics.spec.ts\",\"a retired release repairs only missing files using its intact cached assets\"]",
      "[\"firefox\",\"e2e/diagnostics.spec.ts\",\"corrupt cached files fail integrity checks and detailed logs identify bounded repair failure\"]",
      "[\"firefox\",\"e2e/engine.spec.ts\",\"independent exact fixture expectations run in the production browser worker\"]",
      "[\"firefox\",\"e2e/diagnostics.spec.ts\",\"waiting updates remain actionable when a current cache probe times out\"]",
      "[\"firefox\",\"e2e/imports.spec.ts\",\"delayed clipboard offers replacement instead of overwriting edited or cleared work\"]",
      "[\"firefox\",\"e2e/imports.spec.ts\",\"an unresolved target hides copyable fallback results and correction restores the source interpretation\"]",
      "[\"firefox\",\"e2e/controls.spec.ts\",\"themed choices align and their opened menus fit every breakpoint without losing work\"]",
      "[\"firefox\",\"e2e/imports.spec.ts\",\"delayed share offers replacement instead of overwriting edited or cleared work\"]",
      "[\"firefox\",\"e2e/live.spec.ts\",\"typing, pasted text and conversion settings update without submission\"]",
      "[\"firefox\",\"e2e/motion.spec.ts\",\"reduced motion keeps live feedback and usable results without animation\"]",
      "[\"firefox\",\"e2e/live.spec.ts\",\"composition defers conversion and queued work cannot overwrite a newer draft\"]",
      "[\"firefox\",\"e2e/offline-install.spec.ts\",\"a transient initial registration failure retries before any controller exists\"]",
      "[\"firefox\",\"e2e/motion.spec.ts\",\"live feedback covers debounce and worker completion, then settles or cancels\"]",
      "[\"firefox\",\"e2e/offline-install.spec.ts\",\"slow first installation clears its expired warning without losing conversion\"]",
      "[\"firefox\",\"e2e/offline-install.spec.ts\",\"a stale mutable release marker is refetched and checked before offline readiness\"]",
      "[\"firefox\",\"e2e/offline-install.spec.ts\",\"a rejected first installation retries without reloading or clearing input\"]",
      "[\"firefox\",\"e2e/offline-install.spec.ts\",\"HTML response rewriting cannot break first installation or offline navigation\"]",
      "[\"firefox\",\"e2e/privacy.spec.ts\",\"legacy lens preferences migrate, reset removes them and quota failures keep conversion usable\"]",
      "[\"firefox\",\"e2e/privacy.spec.ts\",\"invalid and oversized local shares return a paste fallback without storing text\"]",
      "[\"firefox\",\"e2e/offline-install.spec.ts\",\"persistently wrong release bytes never activate or claim offline readiness\"]",
      "[\"firefox\",\"e2e/privacy.spec.ts\",\"legacy command preferences migrate, reset removes them and quota failures keep conversion usable\"]",
      "[\"firefox\",\"e2e/responsive.spec.ts\",\"touch-sized controls and keyboard navigation remain usable in a short viewport\"]",
      "[\"firefox\",\"e2e/uncontrolled.spec.ts\",\"an activated worker reclaims a hard-refreshed tab without reloading its draft\"]",
      "[\"firefox\",\"e2e/uncontrolled.spec.ts\",\"an explicit update recovers a timed-out readiness probe without another reload\"]",
      "[\"firefox\",\"e2e/privacy.spec.ts\",\"denied update storage keeps the draft active and requires clearing before reload\"]",
      "[\"firefox\",\"e2e/uncontrolled.spec.ts\",\"an older active worker cannot mark an uncontrolled tab ready or activate its waiting update\"]",
      "[\"firefox\",\"e2e/privacy.spec.ts\",\"expired and invalid temporary text is consumed and erased without restoring it\"]",
      "[\"firefox\",\"e2e/responsive.spec.ts\",\"reflows across cover screens, phones, tablets and desktops without losing work\"]",
      "[\"firefox\",\"e2e/updates.spec.ts\",\"repair refuses another release and leaves the existing offline shell intact\"]",
      "[\"firefox\",\"e2e/updates.spec.ts\",\"oversized drafts block an update until they can be safely preserved\"]",
      "[\"firefox\",\"e2e/updates.spec.ts\",\"an interrupted rollback preserves a retained cache and its old tab worker\"]",
      "[\"webkit\",\"e2e/app.spec.ts\",\"an intact offline app survives a failed registration check while changing target zones\"]",
      "[\"webkit\",\"e2e/app.spec.ts\",\"worker failure recovers and a late response cannot resurrect cleared input\"]",
      "[\"firefox\",\"e2e/updates.spec.ts\",\"old and new tabs retain their own workers across successive releases and offline restart\"]",
      "[\"firefox\",\"e2e/updates.spec.ts\",\"rollback preserves draft and preferences and removes obsolete caches with one remaining tab\"]",
      "[\"webkit\",\"e2e/app.spec.ts\",\"a delayed failed readiness probe cannot overwrite a newer successful check\"]",
      "[\"webkit\",\"e2e/app.spec.ts\",\"missing cache reports incomplete and reconnect repairs the complete offline app\"]",
      "[\"webkit\",\"e2e/app.spec.ts\",\"pasted HTML cannot execute or fetch its URL\"]",
      "[\"webkit\",\"e2e/app.spec.ts\",\"close and reopen offline, then convert previously unseen input\"]",
      "[\"webkit\",\"e2e/app.spec.ts\",\"convert, inspect ambiguity, copy manually and protect privacy\"]",
      "[\"webkit\",\"e2e/app.spec.ts\",\"preferences persist, input does not; denied storage still converts\"]",
      "[\"webkit\",\"e2e/app.spec.ts\",\"input errors recover, edits invalidate results, keyboard keeps multiline input\"]",
      "[\"webkit\",\"e2e/app.spec.ts\",\"offline POST share is single-use and never places message in URL\"]",
      "[\"webkit\",\"e2e/app.spec.ts\",\"readable at 320px, dark mode, with no serious accessibility violations\"]",
      "[\"webkit\",\"e2e/app.spec.ts\",\"an update waits, preserves draft on opt-in, and survives a partial next update\"]",
      "[\"webkit\",\"e2e/controls.spec.ts\",\"hovering timezone suggestions preserves typed values while explicit selections still commit\"]",
      "[\"webkit\",\"e2e/controls.spec.ts\",\"timezone search preserves freeform offsets and recovers from empty and invalid choices\"]",
      "[\"webkit\",\"e2e/controls.spec.ts\",\"choice menus support keyboard selection, nested Escape and pointer dismissal\"]",
      "[\"webkit\",\"e2e/diagnostics.spec.ts\",\"detailed logging survives a tab reload and reset preferences disables it\"]",
      "[\"webkit\",\"e2e/diagnostics.spec.ts\",\"detailed logs are opt-in, local, exclude message and selected zones, and stop when disabled\"]",
      "[\"webkit\",\"e2e/diagnostics.spec.ts\",\"detailed logs still work in memory when session storage is denied\"]",
      "[\"webkit\",\"e2e/diagnostics.spec.ts\",\"corrupt cached files fail integrity checks and detailed logs identify bounded repair failure\"]",
      "[\"webkit\",\"e2e/diagnostics.spec.ts\",\"a retired release repairs only missing files using its intact cached assets\"]",
      "[\"webkit\",\"e2e/diagnostics.spec.ts\",\"waiting updates remain actionable when a current cache probe times out\"]",
      "[\"webkit\",\"e2e/engine.spec.ts\",\"independent exact fixture expectations run in the production browser worker\"]",
      "[\"webkit\",\"e2e/imports.spec.ts\",\"delayed clipboard offers replacement instead of overwriting edited or cleared work\"]",
      "[\"webkit\",\"e2e/imports.spec.ts\",\"delayed share offers replacement instead of overwriting edited or cleared work\"]",
      "[\"webkit\",\"e2e/live.spec.ts\",\"typing, pasted text and conversion settings update without submission\"]",
      "[\"webkit\",\"e2e/imports.spec.ts\",\"an unresolved target hides copyable fallback results and correction restores the source interpretation\"]",
      "[\"webkit\",\"e2e/controls.spec.ts\",\"themed choices align and their opened menus fit every breakpoint without losing work\"]",
      "[\"webkit\",\"e2e/live.spec.ts\",\"composition defers conversion and queued work cannot overwrite a newer draft\"]",
      "[\"webkit\",\"e2e/motion.spec.ts\",\"reduced motion keeps live feedback and usable results without animation\"]",
      "[\"webkit\",\"e2e/offline-install.spec.ts\",\"a transient initial registration failure retries before any controller exists\"]",
      "[\"webkit\",\"e2e/motion.spec.ts\",\"live feedback covers debounce and worker completion, then settles or cancels\"]",
      "[\"webkit\",\"e2e/offline-install.spec.ts\",\"a stale mutable release marker is refetched and checked before offline readiness\"]",
      "[\"webkit\",\"e2e/offline-install.spec.ts\",\"slow first installation clears its expired warning without losing conversion\"]",
      "[\"webkit\",\"e2e/offline-install.spec.ts\",\"a rejected first installation retries without reloading or clearing input\"]",
      "[\"webkit\",\"e2e/offline-install.spec.ts\",\"HTML response rewriting cannot break first installation or offline navigation\"]",
      "[\"webkit\",\"e2e/offline-install.spec.ts\",\"persistently wrong release bytes never activate or claim offline readiness\"]",
      "[\"webkit\",\"e2e/privacy.spec.ts\",\"legacy lens preferences migrate, reset removes them and quota failures keep conversion usable\"]",
      "[\"webkit\",\"e2e/privacy.spec.ts\",\"invalid and oversized local shares return a paste fallback without storing text\"]",
      "[\"webkit\",\"e2e/privacy.spec.ts\",\"legacy command preferences migrate, reset removes them and quota failures keep conversion usable\"]",
      "[\"webkit\",\"e2e/responsive.spec.ts\",\"touch-sized controls and keyboard navigation remain usable in a short viewport\"]",
      "[\"webkit\",\"e2e/uncontrolled.spec.ts\",\"an activated worker reclaims a hard-refreshed tab without reloading its draft\"]",
      "[\"webkit\",\"e2e/privacy.spec.ts\",\"denied update storage keeps the draft active and requires clearing before reload\"]",
      "[\"webkit\",\"e2e/uncontrolled.spec.ts\",\"an explicit update recovers a timed-out readiness probe without another reload\"]",
      "[\"webkit\",\"e2e/uncontrolled.spec.ts\",\"an older active worker cannot mark an uncontrolled tab ready or activate its waiting update\"]",
      "[\"webkit\",\"e2e/privacy.spec.ts\",\"expired and invalid temporary text is consumed and erased without restoring it\"]",
      "[\"webkit\",\"e2e/updates.spec.ts\",\"repair refuses another release and leaves the existing offline shell intact\"]",
      "[\"webkit\",\"e2e/responsive.spec.ts\",\"reflows across cover screens, phones, tablets and desktops without losing work\"]",
      "[\"webkit\",\"e2e/updates.spec.ts\",\"oversized drafts block an update until they can be safely preserved\"]",
      "[\"webkit\",\"e2e/updates.spec.ts\",\"an interrupted rollback preserves a retained cache and its old tab worker\"]",
      "[\"android-emulation\",\"e2e/app.spec.ts\",\"worker failure recovers and a late response cannot resurrect cleared input\"]",
      "[\"android-emulation\",\"e2e/app.spec.ts\",\"an intact offline app survives a failed registration check while changing target zones\"]",
      "[\"android-emulation\",\"e2e/app.spec.ts\",\"a delayed failed readiness probe cannot overwrite a newer successful check\"]",
      "[\"webkit\",\"e2e/updates.spec.ts\",\"rollback preserves draft and preferences and removes obsolete caches with one remaining tab\"]",
      "[\"android-emulation\",\"e2e/app.spec.ts\",\"pasted HTML cannot execute or fetch its URL\"]",
      "[\"webkit\",\"e2e/updates.spec.ts\",\"old and new tabs retain their own workers across successive releases and offline restart\"]",
      "[\"android-emulation\",\"e2e/app.spec.ts\",\"missing cache reports incomplete and reconnect repairs the complete offline app\"]",
      "[\"android-emulation\",\"e2e/app.spec.ts\",\"convert, inspect ambiguity, copy manually and protect privacy\"]",
      "[\"android-emulation\",\"e2e/app.spec.ts\",\"close and reopen offline, then convert previously unseen input\"]",
      "[\"android-emulation\",\"e2e/app.spec.ts\",\"offline POST share is single-use and never places message in URL\"]",
      "[\"android-emulation\",\"e2e/app.spec.ts\",\"preferences persist, input does not; denied storage still converts\"]",
      "[\"android-emulation\",\"e2e/app.spec.ts\",\"input errors recover, edits invalidate results, keyboard keeps multiline input\"]",
      "[\"android-emulation\",\"e2e/app.spec.ts\",\"readable at 320px, dark mode, with no serious accessibility violations\"]",
      "[\"android-emulation\",\"e2e/app.spec.ts\",\"an update waits, preserves draft on opt-in, and survives a partial next update\"]",
      "[\"android-emulation\",\"e2e/controls.spec.ts\",\"hovering timezone suggestions preserves typed values while explicit selections still commit\"]",
      "[\"android-emulation\",\"e2e/controls.spec.ts\",\"timezone search preserves freeform offsets and recovers from empty and invalid choices\"]",
      "[\"android-emulation\",\"e2e/controls.spec.ts\",\"choice menus support keyboard selection, nested Escape and pointer dismissal\"]",
      "[\"android-emulation\",\"e2e/diagnostics.spec.ts\",\"detailed logging survives a tab reload and reset preferences disables it\"]",
      "[\"android-emulation\",\"e2e/diagnostics.spec.ts\",\"detailed logs still work in memory when session storage is denied\"]",
      "[\"android-emulation\",\"e2e/diagnostics.spec.ts\",\"detailed logs are opt-in, local, exclude message and selected zones, and stop when disabled\"]",
      "[\"android-emulation\",\"e2e/diagnostics.spec.ts\",\"corrupt cached files fail integrity checks and detailed logs identify bounded repair failure\"]",
      "[\"android-emulation\",\"e2e/diagnostics.spec.ts\",\"a retired release repairs only missing files using its intact cached assets\"]",
      "[\"android-emulation\",\"e2e/engine.spec.ts\",\"independent exact fixture expectations run in the production browser worker\"]",
      "[\"android-emulation\",\"e2e/controls.spec.ts\",\"themed choices align and their opened menus fit every breakpoint without losing work\"]",
      "[\"android-emulation\",\"e2e/diagnostics.spec.ts\",\"waiting updates remain actionable when a current cache probe times out\"]",
      "[\"android-emulation\",\"e2e/imports.spec.ts\",\"delayed clipboard offers replacement instead of overwriting edited or cleared work\"]",
      "[\"android-emulation\",\"e2e/imports.spec.ts\",\"delayed share offers replacement instead of overwriting edited or cleared work\"]",
      "[\"android-emulation\",\"e2e/imports.spec.ts\",\"an unresolved target hides copyable fallback results and correction restores the source interpretation\"]",
      "[\"android-emulation\",\"e2e/live.spec.ts\",\"typing, pasted text and conversion settings update without submission\"]",
      "[\"android-emulation\",\"e2e/motion.spec.ts\",\"reduced motion keeps live feedback and usable results without animation\"]",
      "[\"android-emulation\",\"e2e/live.spec.ts\",\"composition defers conversion and queued work cannot overwrite a newer draft\"]",
      "[\"android-emulation\",\"e2e/offline-install.spec.ts\",\"a transient initial registration failure retries before any controller exists\"]",
      "[\"android-emulation\",\"e2e/offline-install.spec.ts\",\"slow first installation clears its expired warning without losing conversion\"]",
      "[\"android-emulation\",\"e2e/offline-install.spec.ts\",\"a stale mutable release marker is refetched and checked before offline readiness\"]",
      "[\"android-emulation\",\"e2e/motion.spec.ts\",\"live feedback covers debounce and worker completion, then settles or cancels\"]",
      "[\"android-emulation\",\"e2e/offline-install.spec.ts\",\"a rejected first installation retries without reloading or clearing input\"]",
      "[\"android-emulation\",\"e2e/offline-install.spec.ts\",\"HTML response rewriting cannot break first installation or offline navigation\"]",
      "[\"android-emulation\",\"e2e/privacy.spec.ts\",\"legacy command preferences migrate, reset removes them and quota failures keep conversion usable\"]",
      "[\"android-emulation\",\"e2e/privacy.spec.ts\",\"invalid and oversized local shares return a paste fallback without storing text\"]",
      "[\"android-emulation\",\"e2e/privacy.spec.ts\",\"legacy lens preferences migrate, reset removes them and quota failures keep conversion usable\"]",
      "[\"android-emulation\",\"e2e/offline-install.spec.ts\",\"persistently wrong release bytes never activate or claim offline readiness\"]",
      "[\"android-emulation\",\"e2e/privacy.spec.ts\",\"expired and invalid temporary text is consumed and erased without restoring it\"]",
      "[\"android-emulation\",\"e2e/responsive.spec.ts\",\"touch-sized controls and keyboard navigation remain usable in a short viewport\"]",
      "[\"android-emulation\",\"e2e/responsive.spec.ts\",\"reflows across cover screens, phones, tablets and desktops without losing work\"]",
      "[\"android-emulation\",\"e2e/privacy.spec.ts\",\"denied update storage keeps the draft active and requires clearing before reload\"]",
      "[\"android-emulation\",\"e2e/uncontrolled.spec.ts\",\"an activated worker reclaims a hard-refreshed tab without reloading its draft\"]",
      "[\"android-emulation\",\"e2e/updates.spec.ts\",\"repair refuses another release and leaves the existing offline shell intact\"]",
      "[\"android-emulation\",\"e2e/uncontrolled.spec.ts\",\"an explicit update recovers a timed-out readiness probe without another reload\"]",
      "[\"android-emulation\",\"e2e/updates.spec.ts\",\"an interrupted rollback preserves a retained cache and its old tab worker\"]",
      "[\"android-emulation\",\"e2e/uncontrolled.spec.ts\",\"an older active worker cannot mark an uncontrolled tab ready or activate its waiting update\"]",
      "[\"android-emulation\",\"e2e/updates.spec.ts\",\"oversized drafts block an update until they can be safely preserved\"]",
      "[\"iphone-emulation\",\"e2e/app.spec.ts\",\"worker failure recovers and a late response cannot resurrect cleared input\"]",
      "[\"iphone-emulation\",\"e2e/app.spec.ts\",\"an intact offline app survives a failed registration check while changing target zones\"]",
      "[\"iphone-emulation\",\"e2e/app.spec.ts\",\"a delayed failed readiness probe cannot overwrite a newer successful check\"]",
      "[\"iphone-emulation\",\"e2e/app.spec.ts\",\"missing cache reports incomplete and reconnect repairs the complete offline app\"]",
      "[\"iphone-emulation\",\"e2e/app.spec.ts\",\"pasted HTML cannot execute or fetch its URL\"]",
      "[\"android-emulation\",\"e2e/updates.spec.ts\",\"rollback preserves draft and preferences and removes obsolete caches with one remaining tab\"]",
      "[\"iphone-emulation\",\"e2e/app.spec.ts\",\"convert, inspect ambiguity, copy manually and protect privacy\"]",
      "[\"android-emulation\",\"e2e/updates.spec.ts\",\"old and new tabs retain their own workers across successive releases and offline restart\"]",
      "[\"iphone-emulation\",\"e2e/app.spec.ts\",\"close and reopen offline, then convert previously unseen input\"]",
      "[\"iphone-emulation\",\"e2e/app.spec.ts\",\"offline POST share is single-use and never places message in URL\"]",
      "[\"iphone-emulation\",\"e2e/app.spec.ts\",\"input errors recover, edits invalidate results, keyboard keeps multiline input\"]",
      "[\"iphone-emulation\",\"e2e/app.spec.ts\",\"preferences persist, input does not; denied storage still converts\"]",
      "[\"iphone-emulation\",\"e2e/app.spec.ts\",\"readable at 320px, dark mode, with no serious accessibility violations\"]",
      "[\"iphone-emulation\",\"e2e/app.spec.ts\",\"an update waits, preserves draft on opt-in, and survives a partial next update\"]",
      "[\"iphone-emulation\",\"e2e/controls.spec.ts\",\"hovering timezone suggestions preserves typed values while explicit selections still commit\"]",
      "[\"iphone-emulation\",\"e2e/controls.spec.ts\",\"choice menus support keyboard selection, nested Escape and pointer dismissal\"]",
      "[\"iphone-emulation\",\"e2e/controls.spec.ts\",\"timezone search preserves freeform offsets and recovers from empty and invalid choices\"]",
      "[\"iphone-emulation\",\"e2e/diagnostics.spec.ts\",\"detailed logs are opt-in, local, exclude message and selected zones, and stop when disabled\"]",
      "[\"iphone-emulation\",\"e2e/diagnostics.spec.ts\",\"detailed logs still work in memory when session storage is denied\"]",
      "[\"iphone-emulation\",\"e2e/diagnostics.spec.ts\",\"detailed logging survives a tab reload and reset preferences disables it\"]",
      "[\"iphone-emulation\",\"e2e/diagnostics.spec.ts\",\"a retired release repairs only missing files using its intact cached assets\"]",
      "[\"iphone-emulation\",\"e2e/diagnostics.spec.ts\",\"corrupt cached files fail integrity checks and detailed logs identify bounded repair failure\"]",
      "[\"iphone-emulation\",\"e2e/engine.spec.ts\",\"independent exact fixture expectations run in the production browser worker\"]",
      "[\"iphone-emulation\",\"e2e/diagnostics.spec.ts\",\"waiting updates remain actionable when a current cache probe times out\"]",
      "[\"iphone-emulation\",\"e2e/imports.spec.ts\",\"delayed clipboard offers replacement instead of overwriting edited or cleared work\"]",
      "[\"iphone-emulation\",\"e2e/imports.spec.ts\",\"an unresolved target hides copyable fallback results and correction restores the source interpretation\"]",
      "[\"iphone-emulation\",\"e2e/imports.spec.ts\",\"delayed share offers replacement instead of overwriting edited or cleared work\"]",
      "[\"iphone-emulation\",\"e2e/controls.spec.ts\",\"themed choices align and their opened menus fit every breakpoint without losing work\"]",
      "[\"iphone-emulation\",\"e2e/live.spec.ts\",\"typing, pasted text and conversion settings update without submission\"]",
      "[\"iphone-emulation\",\"e2e/motion.spec.ts\",\"reduced motion keeps live feedback and usable results without animation\"]",
      "[\"iphone-emulation\",\"e2e/live.spec.ts\",\"composition defers conversion and queued work cannot overwrite a newer draft\"]",
      "[\"iphone-emulation\",\"e2e/offline-install.spec.ts\",\"a transient initial registration failure retries before any controller exists\"]",
      "[\"iphone-emulation\",\"e2e/offline-install.spec.ts\",\"a stale mutable release marker is refetched and checked before offline readiness\"]",
      "[\"iphone-emulation\",\"e2e/offline-install.spec.ts\",\"slow first installation clears its expired warning without losing conversion\"]",
      "[\"iphone-emulation\",\"e2e/motion.spec.ts\",\"live feedback covers debounce and worker completion, then settles or cancels\"]",
      "[\"iphone-emulation\",\"e2e/offline-install.spec.ts\",\"a rejected first installation retries without reloading or clearing input\"]",
      "[\"iphone-emulation\",\"e2e/offline-install.spec.ts\",\"HTML response rewriting cannot break first installation or offline navigation\"]",
      "[\"iphone-emulation\",\"e2e/privacy.spec.ts\",\"legacy lens preferences migrate, reset removes them and quota failures keep conversion usable\"]",
      "[\"iphone-emulation\",\"e2e/privacy.spec.ts\",\"legacy command preferences migrate, reset removes them and quota failures keep conversion usable\"]",
      "[\"iphone-emulation\",\"e2e/offline-install.spec.ts\",\"persistently wrong release bytes never activate or claim offline readiness\"]",
      "[\"iphone-emulation\",\"e2e/privacy.spec.ts\",\"invalid and oversized local shares return a paste fallback without storing text\"]",
      "[\"iphone-emulation\",\"e2e/responsive.spec.ts\",\"touch-sized controls and keyboard navigation remain usable in a short viewport\"]",
      "[\"iphone-emulation\",\"e2e/privacy.spec.ts\",\"denied update storage keeps the draft active and requires clearing before reload\"]",
      "[\"iphone-emulation\",\"e2e/uncontrolled.spec.ts\",\"an activated worker reclaims a hard-refreshed tab without reloading its draft\"]",
      "[\"iphone-emulation\",\"e2e/uncontrolled.spec.ts\",\"an older active worker cannot mark an uncontrolled tab ready or activate its waiting update\"]",
      "[\"iphone-emulation\",\"e2e/uncontrolled.spec.ts\",\"an explicit update recovers a timed-out readiness probe without another reload\"]",
      "[\"iphone-emulation\",\"e2e/privacy.spec.ts\",\"expired and invalid temporary text is consumed and erased without restoring it\"]",
      "[\"iphone-emulation\",\"e2e/responsive.spec.ts\",\"reflows across cover screens, phones, tablets and desktops without losing work\"]",
      "[\"iphone-emulation\",\"e2e/updates.spec.ts\",\"repair refuses another release and leaves the existing offline shell intact\"]",
      "[\"iphone-emulation\",\"e2e/updates.spec.ts\",\"oversized drafts block an update until they can be safely preserved\"]",
      "[\"iphone-emulation\",\"e2e/updates.spec.ts\",\"an interrupted rollback preserves a retained cache and its old tab worker\"]",
      "[\"iphone-emulation\",\"e2e/updates.spec.ts\",\"rollback preserves draft and preferences and removes obsolete caches with one remaining tab\"]",
      "[\"iphone-emulation\",\"e2e/updates.spec.ts\",\"old and new tabs retain their own workers across successive releases and offline restart\"]",
      "[\"chromium\",\"e2e/copy-focus.spec.ts\",\"a deferred manual-copy focus frame cannot steal a new target keyboard edit\"]",
      "[\"chromium\",\"e2e/copy-focus.spec.ts\",\"an unchanged copy owner still receives selected manual fallback text\"]",
      "[\"chromium\",\"e2e/copy-focus.spec.ts\",\"same-owner keyboard intent keeps the newer owner\"]",
      "[\"firefox\",\"e2e/copy-focus.spec.ts\",\"a deferred manual-copy focus frame cannot steal a new target keyboard edit\"]",
      "[\"firefox\",\"e2e/copy-focus.spec.ts\",\"an unchanged copy owner still receives selected manual fallback text\"]",
      "[\"firefox\",\"e2e/copy-focus.spec.ts\",\"same-owner keyboard intent keeps the newer owner\"]",
      "[\"webkit\",\"e2e/copy-focus.spec.ts\",\"a deferred manual-copy focus frame cannot steal a new target keyboard edit\"]",
      "[\"webkit\",\"e2e/copy-focus.spec.ts\",\"an unchanged copy owner still receives selected manual fallback text\"]",
      "[\"webkit\",\"e2e/copy-focus.spec.ts\",\"same-owner keyboard intent keeps the newer owner\"]",
      "[\"android-emulation\",\"e2e/copy-focus.spec.ts\",\"a deferred manual-copy focus frame cannot steal a new target keyboard edit\"]",
      "[\"android-emulation\",\"e2e/copy-focus.spec.ts\",\"an unchanged copy owner still receives selected manual fallback text\"]",
      "[\"android-emulation\",\"e2e/copy-focus.spec.ts\",\"same-owner keyboard intent keeps the newer owner\"]",
      "[\"iphone-emulation\",\"e2e/copy-focus.spec.ts\",\"a deferred manual-copy focus frame cannot steal a new target keyboard edit\"]",
      "[\"iphone-emulation\",\"e2e/copy-focus.spec.ts\",\"an unchanged copy owner still receives selected manual fallback text\"]",
      "[\"iphone-emulation\",\"e2e/copy-focus.spec.ts\",\"same-owner keyboard intent keeps the newer owner\"]"
    ],
    "extraCases": [],
    "sameSkipIdentities": false,
    "sameInventoryAsFinalCI": false
  },
  "unitEvidence": [
    "verify / web\tUNKNOWN STEP\t2026-10-05T10:01:16.1124294Z  116 pass",
    "verify / web\tUNKNOWN STEP\t2026-10-05T10:01:16.1124402Z  0 fail",
    "verify / web\tUNKNOWN STEP\t2026-10-05T10:01:16.1124643Z Ran 116 tests across 6 files. [320.00ms]"
  ],
  "browserSummaryEvidence": [
    "verify / web\tUNKNOWN STEP\t2026-10-05T10:01:17.7912586Z Running 273 tests using 4 workers",
    "verify / web\tUNKNOWN STEP\t2026-10-05T10:05:49.8312784Z   9 skipped",
    "verify / web\tUNKNOWN STEP\t2026-10-05T10:05:49.8313008Z   264 passed (4.5m)"
  ],
  "subpathEvidence": [
    "verify / web\tUNKNOWN STEP\t2026-10-05T10:05:53.2025381Z   1 passed (1.5s)"
  ],
  "timingDisabled": true,
  "containerUserEvidence": [
    "verify / web\tUNKNOWN STEP\t2026-10-05T10:00:47.3010228Z ##[command]/usr/bin/docker create --name a58ea19556f14063a32695145017062d_mcrmicrosoftcomplaywrightsha256eff16c30e6f3f4af0a03fa4b706120d5e9b0891c344a27d64559aff5900a4a27_b55d78 --label 03827d --workdir /__w/ChronoShift/ChronoShift --network github_network_1928d61bd3784bdfaa372c5289711177 --user 1001:1001 --ipc=host --init -e \"HOME=/github/home\" -e GITHUB_ACTIONS=true -e CI=true -v \"/var/run/docker.sock\":\"/var/run/docker.sock\" -v \"/home/runner/work\":\"/__w\" -v \"/home/runner/actions-runner/cached/2.337.0/externals\":\"/__e\":ro -v \"/home/runner/work/_temp\":\"/__w/_temp\" -v \"/home/runner/work/_actions\":\"/__w/_actions\" -v \"/opt/hostedtoolcache\":\"/__t\" -v \"/home/runner/work/_temp/_github_home\":\"/github/home\" -v \"/home/runner/work/_temp/_github_workflow\":\"/github/workflow\" --entrypoint \"tail\" mcr.microsoft.com/playwright@sha256:eff16c30e6f3f4af0a03fa4b706120d5e9b0891c344a27d64559aff5900a4a27 \"-f\" \"/dev/null\""
  ],
  "timingArtifactStep": {
    "name": "Retain bounded browser timing metadata",
    "conclusion": "skipped",
    "startedAt": "2026-10-05T10:05:50Z",
    "completedAt": "2026-10-05T10:05:50Z",
    "seconds": null
  },
  "failureDiagnosticStep": {
    "name": "Publish failed-attempt diagnostics",
    "conclusion": "skipped",
    "startedAt": "2026-10-05T10:05:54Z",
    "completedAt": "2026-10-05T10:05:54Z",
    "seconds": null
  },
  "totalArtifactCount": 1,
  "artifacts": [
    {
      "id": 11337716881,
      "node_id": "MDg6QXJ0aWZhY3QxMTMzNzcxNjg4MQ==",
      "name": "github-pages",
      "size_in_bytes": 374906,
      "url": "https://api.github.com/repos/Tien-Lam/ChronoShift/actions/artifacts/11337716881",
      "archive_download_url": "https://api.github.com/repos/Tien-Lam/ChronoShift/actions/artifacts/11337716881/zip",
      "expired": false,
      "digest": "sha256:16bcf40589de7dbd3dbd72b72983c819ab14c28339907b5abea162a404a582bf",
      "created_at": "2026-10-05T10:05:54Z",
      "updated_at": "2026-10-05T10:05:54Z",
      "expires_at": "2026-10-19T10:05:53Z",
      "workflow_run": {
        "id": 37293668474,
        "repository_id": 1206473449,
        "head_repository_id": 1206473449,
        "head_branch": "main",
        "head_sha": "a868e4b956caf5d227edc430fc7dca97c0dc2eb6"
      },
      "nominalRetentionHours": 336,
      "nominalProjectedByteHours": 125968416
    }
  ],
  "source": {
    "head": "a868e4b956caf5d227edc430fc7dca97c0dc2eb6",
    "expectedTree": "44a2096e710983603a85193c2cd33c05461145cb",
    "headTree": "44a2096e710983603a85193c2cd33c05461145cb",
    "testedCommit": "a868e4b956caf5d227edc430fc7dca97c0dc2eb6",
    "testedTree": "44a2096e710983603a85193c2cd33c05461145cb",
    "testedShaInCheckoutLog": true,
    "identities": [
      {
        "path": "web",
        "previous": "78dbdbf65b5328416f0b169cc52d3ed9541d02f9",
        "head": "e8a7963096c8dcb09de5a259a966cf1b7aa595d9"
      },
      {
        "path": "e2e",
        "previous": "295d14434adb5ad70b272aa80b012efc90f572ff",
        "head": "a65df7f50cf7d504debf32a4a45562c0d0b5ae1a"
      },
      {
        "path": "tests",
        "previous": "39aaa930e5002536108aabce7b2d445d0a9bd429",
        "head": "39aaa930e5002536108aabce7b2d445d0a9bd429"
      },
      {
        "path": "scripts",
        "previous": "213342d4e83321aabf46bd2a280fae54ca6b4299",
        "head": "213342d4e83321aabf46bd2a280fae54ca6b4299"
      },
      {
        "path": "playwright.config.ts",
        "previous": "7a1c28db0dc15faaff76e2b02d72dc65962c9268",
        "head": "7a1c28db0dc15faaff76e2b02d72dc65962c9268"
      },
      {
        "path": "playwright.subpath.config.ts",
        "previous": "38acbcbda958e58264b5b71b70dc4fce3f0793aa",
        "head": "38acbcbda958e58264b5b71b70dc4fce3f0793aa"
      },
      {
        "path": "package.json",
        "previous": "5627cebee4d2062dadbf7536572981e5b9337fc4",
        "head": "5627cebee4d2062dadbf7536572981e5b9337fc4"
      },
      {
        "path": "bun.lock",
        "previous": "e418e7c65172b9b563f34a7c9f898bb3f0e988da",
        "head": "e418e7c65172b9b563f34a7c9f898bb3f0e988da"
      },
      {
        "path": ".github/dependabot.yml",
        "previous": "4cf4ca1242df077d8a625f55ffc6213a6bdd33b5",
        "head": "4cf4ca1242df077d8a625f55ffc6213a6bdd33b5"
      },
      {
        "path": ".github/workflows/web.yml",
        "previous": "4a2d098605337417b84965f2227d1cda67a981d7",
        "head": "4a2d098605337417b84965f2227d1cda67a981d7"
      },
      {
        "path": ".github/workflows/pages.yml",
        "previous": "403f2d3a603847520efc76033141f272e3094fdb",
        "head": "403f2d3a603847520efc76033141f272e3094fdb"
      }
    ],
    "approvedApp": "35e11bac657a0c379fda48af9b454e674d2ea854",
    "approvedAppWebTree": "e8a7963096c8dcb09de5a259a966cf1b7aa595d9",
    "finalWebTree": "e8a7963096c8dcb09de5a259a966cf1b7aa595d9",
    "workflowBytesUnchanged": true,
    "nonDocsDelta": [
      "e2e/copy-focus.spec.ts",
      "web/src/App.tsx"
    ],
    "finalTestSha256": "6467c3acb6f5da55573678ac9e64b846fd3f8eba1cdb04b4df6ea59c0bfb429e"
  },
  "resource": {
    "bracketSeconds": 272.931,
    "cpuDelta": {
      "usage_usec": 912731761,
      "user_usec": 775261303,
      "system_usec": 137470457,
      "nice_usec": 49731000,
      "core_sched.force_idle_usec": 0,
      "nr_periods": 0,
      "nr_throttled": 0,
      "throttled_usec": 0,
      "nr_bursts": 0,
      "burst_usec": 0
    },
    "memoryEventsDelta": {
      "low": 0,
      "high": 0,
      "max": 0,
      "oom": 0,
      "oom_kill": 0,
      "oom_group_kill": 0
    }
  },
  "limitations": [
    "Job spans and rounded minutes are proxies, not account billing or complete paired publication.",
    "Nominal artifact byte-hours do not establish actual storage billing or expiration.",
    "Root owns artifact extraction/public verification; no publication claimed here.",
    "Ordinary mode intentionally has no structured timing artifact or green marker file. Full raw attempt inventory and skipped diagnostic branch supply bounded retry/marker evidence.",
    "No causal performance or TIE375 acceptance claim; workload grew by fifteen regression cases."
  ]
}
