baseline failure: Error: expect(locator).not.toHaveAttribute(expected) failed

Locator:  locator('#target-zone')
Expected: not "true"
Received: "true"
Timeout:  5000ms

Call log:
  - Expect "not toHaveAttribute" locator('#target-zone') with timeout 5000ms
  - waiting for locator('#target-zone')
    14 × locator resolved to <input data-rac="" type="text" tabindex="0" role="combobox" id="target-zone" autocorrect="off" value="UTC+05:30" autocomplete="off" spellcheck="false" aria-invalid="true" data-invalid="true" aria-expanded="false" aria-label="Convert to" aria-autocomplete="list" class="react-aria-Input" aria-describedby="target-zone-help" placeholder="Your timezone · Sydney"/>
       - unexpected value "true"

candidate failure: Error: expect(locator).not.toHaveAttribute(expected) failed

Locator:  locator('#target-zone')
Expected: not "true"
Received: "true"
Timeout:  5000ms

Call log:
  - Expect "not toHaveAttribute" locator('#target-zone') with timeout 5000ms
  - waiting for locator('#target-zone')
    14 × locator resolved to <input data-rac="" type="text" tabindex="0" role="combobox" id="target-zone" autocorrect="off" value="UTC+05:30" autocomplete="off" spellcheck="false" aria-invalid="true" data-invalid="true" aria-expanded="false" aria-label="Convert to" aria-autocomplete="list" class="react-aria-Input" aria-describedby="target-zone-help" placeholder="Your timezone · Sydney"/>
       - unexpected value "true"

{
  "startedAt": "2026-10-05T12:22:44.436Z",
  "endedAt": "2026-10-05T12:22:55.511Z",
  "browser": "153.0.8010.12",
  "conditions": [
    {
      "name": "baseline",
      "passed": false,
      "observations": 5,
      "failure": {
        "at": "2026-10-05T12:22:49.997Z",
        "text": "Error: expect(locator).not.toHaveAttribute(expected) failed\n\nLocator:  locator('#target-zone')\nExpected: not \"true\"\nReceived: \"true\"\nTimeout:  5000ms\n\nCall log:\n  - Expect \"not toHaveAttribute\" locator('#target-zone') with timeout 5000ms\n  - waiting for locator('#target-zone')\n    14 × locator resolved to <input data-rac=\"\" type=\"text\" tabindex=\"0\" role=\"combobox\" id=\"target-zone\" autocorrect=\"off\" value=\"UTC+05:30\" autocomplete=\"off\" spellcheck=\"false\" aria-invalid=\"true\" data-invalid=\"true\" aria-expanded=\"false\" aria-label=\"Convert to\" aria-autocomplete=\"list\" class=\"react-aria-Input\" aria-describedby=\"target-zone-help\" placeholder=\"Your timezone · Sydney\"/>\n       - unexpected value \"true\"\n",
        "stack": "Error: expect(locator).not.toHaveAttribute(expected) failed\n\nLocator:  locator('#target-zone')\nExpected: not \"true\"\nReceived: \"true\"\nTimeout:  5000ms\n\nCall log:\n  - Expect \"not toHaveAttribute\" locator('#target-zone') with timeout 5000ms\n  - waiting for locator('#target-zone')\n    14 × locator resolved to <input data-rac=\"\" type=\"text\" tabindex=\"0\" role=\"combobox\" id=\"target-zone\" autocorrect=\"off\" value=\"UTC+05:30\" autocomplete=\"off\" spellcheck=\"false\" aria-invalid=\"true\" data-invalid=\"true\" aria-expanded=\"false\" aria-label=\"Convert to\" aria-autocomplete=\"list\" class=\"react-aria-Input\" aria-describedby=\"target-zone-help\" placeholder=\"Your timezone · Sydney\"/>\n       - unexpected value \"true\"\n\n    at captureRawStack (/Users/tien/Developer/ChronoShift/node_modules/playwright-core/lib/coreBundle.js:8588:21)\n    at callMatcherAsStep (/Users/tien/Developer/ChronoShift/node_modules/playwright/lib/matchers/expect.js:13310:57)\n    at /Users/tien/Developer/ChronoShift/docs/qa/ci-data-zones-2026-10-05/newcode/runtime-probe.ts:83:31\n    at processTicksAndRejections (native:7:39)"
      },
      "console": [],
      "errors": []
    },
    {
      "name": "candidate",
      "passed": false,
      "observations": 5,
      "failure": {
        "at": "2026-10-05T12:22:55.450Z",
        "text": "Error: expect(locator).not.toHaveAttribute(expected) failed\n\nLocator:  locator('#target-zone')\nExpected: not \"true\"\nReceived: \"true\"\nTimeout:  5000ms\n\nCall log:\n  - Expect \"not toHaveAttribute\" locator('#target-zone') with timeout 5000ms\n  - waiting for locator('#target-zone')\n    14 × locator resolved to <input data-rac=\"\" type=\"text\" tabindex=\"0\" role=\"combobox\" id=\"target-zone\" autocorrect=\"off\" value=\"UTC+05:30\" autocomplete=\"off\" spellcheck=\"false\" aria-invalid=\"true\" data-invalid=\"true\" aria-expanded=\"false\" aria-label=\"Convert to\" aria-autocomplete=\"list\" class=\"react-aria-Input\" aria-describedby=\"target-zone-help\" placeholder=\"Your timezone · Sydney\"/>\n       - unexpected value \"true\"\n",
        "stack": "Error: expect(locator).not.toHaveAttribute(expected) failed\n\nLocator:  locator('#target-zone')\nExpected: not \"true\"\nReceived: \"true\"\nTimeout:  5000ms\n\nCall log:\n  - Expect \"not toHaveAttribute\" locator('#target-zone') with timeout 5000ms\n  - waiting for locator('#target-zone')\n    14 × locator resolved to <input data-rac=\"\" type=\"text\" tabindex=\"0\" role=\"combobox\" id=\"target-zone\" autocorrect=\"off\" value=\"UTC+05:30\" autocomplete=\"off\" spellcheck=\"false\" aria-invalid=\"true\" data-invalid=\"true\" aria-expanded=\"false\" aria-label=\"Convert to\" aria-autocomplete=\"list\" class=\"react-aria-Input\" aria-describedby=\"target-zone-help\" placeholder=\"Your timezone · Sydney\"/>\n       - unexpected value \"true\"\n\n    at captureRawStack (/Users/tien/Developer/ChronoShift/node_modules/playwright-core/lib/coreBundle.js:8588:21)\n    at callMatcherAsStep (/Users/tien/Developer/ChronoShift/node_modules/playwright/lib/matchers/expect.js:13310:57)\n    at /Users/tien/Developer/ChronoShift/docs/qa/ci-data-zones-2026-10-05/newcode/runtime-probe.ts:83:31\n    at processTicksAndRejections (native:7:39)"
      },
      "console": [],
      "errors": []
    }
  ]
}
