
Running 115 tests using 4 workers

(node:94141) Warning: The 'NO_COLOR' env is ignored due to the 'FORCE_COLOR' env being set.
(Use `bun --trace-warnings ...` to show where the warning was created)
(node:94139) Warning: The 'NO_COLOR' env is ignored due to the 'FORCE_COLOR' env being set.
(Use `bun --trace-warnings ...` to show where the warning was created)
(node:94140) Warning: The 'NO_COLOR' env is ignored due to the 'FORCE_COLOR' env being set.
(Use `bun --trace-warnings ...` to show where the warning was created)
(node:94138) Warning: The 'NO_COLOR' env is ignored due to the 'FORCE_COLOR' env being set.
(Use `bun --trace-warnings ...` to show where the warning was created)
  ✓    1 [chromium] › e2e/app.spec.ts:91:0 › a delayed failed readiness probe cannot overwrite a newer successful check (665ms)
  ✓    3 [chromium] › e2e/app.spec.ts:131:0 › missing cache reports incomplete and reconnect repairs the complete offline app (799ms)
  ✓    5 [chromium] › e2e/app.spec.ts:163:0 › pasted HTML cannot execute or fetch its URL (513ms)
  ✓    2 [chromium] › e2e/app.spec.ts:68:0 › an intact offline app survives a failed registration check while changing target zones (1.2s)
  ✓    6 [chromium] › e2e/app.spec.ts:193:0 › convert, inspect ambiguity, copy manually and protect privacy (813ms)
  ✓    4 [chromium] › e2e/app.spec.ts:7:0 › worker failure recovers and a late response cannot resurrect cleared input (2.1s)
  ✓    7 [chromium] › e2e/app.spec.ts:226:0 › close and reopen offline, then convert previously unseen input (969ms)
  ✓    8 [chromium] › e2e/app.spec.ts:250:0 › preferences persist, input does not; denied storage still converts (1.3s)
  ✓   11 [chromium] › e2e/app.spec.ts:351:0 › offline POST share is single-use and never places message in URL (351ms)
  ✓    9 [chromium] › e2e/app.spec.ts:278:0 › input errors recover, edits invalidate results, keyboard keeps multiline input (1.5s)
  ✓   10 [chromium] › e2e/app.spec.ts:297:0 › readable at 320px, dark mode, with no serious accessibility violations (1.5s)
  ✓   12 [chromium] › e2e/app.spec.ts:389:0 › an update waits, preserves draft on opt-in, and survives a partial next update (2.1s)
  ✓   16 [chromium] › e2e/controls.spec.ts:407:0 › hovering timezone suggestions preserves typed values while explicit selections still commit (1.6s)
  ✓   15 [chromium] › e2e/controls.spec.ts:340:0 › timezone search preserves freeform offsets and recovers from empty and invalid choices (2.6s)
  ✓   14 [chromium] › e2e/controls.spec.ts:233:0 › choice menus support keyboard selection, nested Escape and pointer dismissal (4.1s)
  ✓   17 [chromium] › e2e/privacy.spec.ts:7:2 › legacy lens preferences migrate, reset removes them and quota failures keep conversion usable (1.0s)
  ✓   18 [chromium] › e2e/privacy.spec.ts:7:2 › legacy command preferences migrate, reset removes them and quota failures keep conversion usable (1.0s)
  ✓   19 [chromium] › e2e/privacy.spec.ts:84:0 › invalid and oversized local shares return a paste fallback without storing text (531ms)
  ✓   20 [chromium] › e2e/privacy.spec.ts:117:0 › expired and invalid temporary text is consumed and erased without restoring it (557ms)
  ✓   23 [chromium] › e2e/responsive.spec.ts:85:0 › touch-sized controls and keyboard navigation remain usable in a short viewport (810ms)
(node:94252) Warning: The 'NO_COLOR' env is ignored due to the 'FORCE_COLOR' env being set.
(Use `bun --trace-warnings ...` to show where the warning was created)
  ✓   21 [chromium] › e2e/privacy.spec.ts:221:0 › denied update storage keeps the draft active and requires clearing before reload (1.8s)
(node:94254) Warning: The 'NO_COLOR' env is ignored due to the 'FORCE_COLOR' env being set.
(Use `bun --trace-warnings ...` to show where the warning was created)
  ✓   22 [chromium] › e2e/responsive.spec.ts:5:0 › reflows across cover screens, phones, tablets and desktops without losing work (2.0s)
(node:94272) Warning: The 'NO_COLOR' env is ignored due to the 'FORCE_COLOR' env being set.
(Use `bun --trace-warnings ...` to show where the warning was created)
  ✓   24 [firefox] › e2e/app.spec.ts:7:0 › worker failure recovers and a late response cannot resurrect cleared input (2.6s)
  ✓   25 [firefox] › e2e/app.spec.ts:68:0 › an intact offline app survives a failed registration check while changing target zones (2.4s)
  ✓   26 [firefox] › e2e/app.spec.ts:91:0 › a delayed failed readiness probe cannot overwrite a newer successful check (1.7s)
  ✓   13 [chromium] › e2e/controls.spec.ts:56:0 › themed choices align and their opened menus fit every breakpoint without losing work (10.0s)
  ✓   28 [firefox] › e2e/app.spec.ts:163:0 › pasted HTML cannot execute or fetch its URL (696ms)
(node:94311) Warning: The 'NO_COLOR' env is ignored due to the 'FORCE_COLOR' env being set.
(Use `bun --trace-warnings ...` to show where the warning was created)
  ✓   29 [firefox] › e2e/app.spec.ts:193:0 › convert, inspect ambiguity, copy manually and protect privacy (963ms)
  ✓   27 [firefox] › e2e/app.spec.ts:131:0 › missing cache reports incomplete and reconnect repairs the complete offline app (1.5s)
  ✓   30 [firefox] › e2e/app.spec.ts:250:0 › preferences persist, input does not; denied storage still converts (1.7s)
  ✓   33 [firefox] › e2e/app.spec.ts:297:0 › readable at 320px, dark mode, with no serious accessibility violations (1.4s)
  ✓   31 [firefox] › e2e/app.spec.ts:226:0 › close and reopen offline, then convert previously unseen input (1.8s)
  ✓   34 [firefox] › e2e/app.spec.ts:351:0 › offline POST share is single-use and never places message in URL (569ms)
  ✓   32 [firefox] › e2e/app.spec.ts:278:0 › input errors recover, edits invalidate results, keyboard keeps multiline input (2.6s)
  ✓   35 [firefox] › e2e/app.spec.ts:389:0 › an update waits, preserves draft on opt-in, and survives a partial next update (3.9s)
  ✓   38 [firefox] › e2e/controls.spec.ts:340:0 › timezone search preserves freeform offsets and recovers from empty and invalid choices (3.3s)
  ✓   37 [firefox] › e2e/controls.spec.ts:233:0 › choice menus support keyboard selection, nested Escape and pointer dismissal (4.7s)
  ✓   40 [firefox] › e2e/privacy.spec.ts:7:2 › legacy lens preferences migrate, reset removes them and quota failures keep conversion usable (1.7s)
  ✓   39 [firefox] › e2e/controls.spec.ts:407:0 › hovering timezone suggestions preserves typed values while explicit selections still commit (2.0s)
  ✓   42 [firefox] › e2e/privacy.spec.ts:84:0 › invalid and oversized local shares return a paste fallback without storing text (694ms)
  ✓   41 [firefox] › e2e/privacy.spec.ts:7:2 › legacy command preferences migrate, reset removes them and quota failures keep conversion usable (1.6s)
  ✓   43 [firefox] › e2e/privacy.spec.ts:117:0 › expired and invalid temporary text is consumed and erased without restoring it (1.3s)
  ✓   46 [firefox] › e2e/responsive.spec.ts:85:0 › touch-sized controls and keyboard navigation remain usable in a short viewport (847ms)
  ✓   44 [firefox] › e2e/privacy.spec.ts:221:0 › denied update storage keeps the draft active and requires clearing before reload (1.9s)
(node:94430) Warning: The 'NO_COLOR' env is ignored due to the 'FORCE_COLOR' env being set.
(Use `bun --trace-warnings ...` to show where the warning was created)
(node:94445) Warning: The 'NO_COLOR' env is ignored due to the 'FORCE_COLOR' env being set.
(Use `bun --trace-warnings ...` to show where the warning was created)
  ✓   45 [firefox] › e2e/responsive.spec.ts:5:0 › reflows across cover screens, phones, tablets and desktops without losing work (2.1s)
(node:94458) Warning: The 'NO_COLOR' env is ignored due to the 'FORCE_COLOR' env being set.
(Use `bun --trace-warnings ...` to show where the warning was created)
  ✓   49 [webkit] › e2e/app.spec.ts:91:0 › a delayed failed readiness probe cannot overwrite a newer successful check (846ms)
  ✓   48 [webkit] › e2e/app.spec.ts:68:0 › an intact offline app survives a failed registration check while changing target zones (1.5s)
  ✓   47 [webkit] › e2e/app.spec.ts:7:0 › worker failure recovers and a late response cannot resurrect cleared input (2.3s)
  ✓   51 [webkit] › e2e/app.spec.ts:163:0 › pasted HTML cannot execute or fetch its URL (658ms)
  ✓   50 [webkit] › e2e/app.spec.ts:131:0 › missing cache reports incomplete and reconnect repairs the complete offline app (943ms)
  ✓   36 [firefox] › e2e/controls.spec.ts:56:0 › themed choices align and their opened menus fit every breakpoint without losing work (10.9s)
(node:94505) Warning: The 'NO_COLOR' env is ignored due to the 'FORCE_COLOR' env being set.
(Use `bun --trace-warnings ...` to show where the warning was created)
  ✓   52 [webkit] › e2e/app.spec.ts:193:0 › convert, inspect ambiguity, copy manually and protect privacy (1.1s)
  ✓   53 [webkit] › e2e/app.spec.ts:226:0 › close and reopen offline, then convert previously unseen input (1.4s)
  ✓   54 [webkit] › e2e/app.spec.ts:250:0 › preferences persist, input does not; denied storage still converts (1.6s)
  ✓   57 [webkit] › e2e/app.spec.ts:351:0 › offline POST share is single-use and never places message in URL (522ms)
  ✓   55 [webkit] › e2e/app.spec.ts:278:0 › input errors recover, edits invalidate results, keyboard keeps multiline input (1.6s)
  ✓   56 [webkit] › e2e/app.spec.ts:297:0 › readable at 320px, dark mode, with no serious accessibility violations (1.5s)
  ✓   58 [webkit] › e2e/app.spec.ts:389:0 › an update waits, preserves draft on opt-in, and survives a partial next update (1.4s)
  ✓   62 [webkit] › e2e/controls.spec.ts:407:0 › hovering timezone suggestions preserves typed values while explicit selections still commit (1.7s)
  ✓   61 [webkit] › e2e/controls.spec.ts:340:0 › timezone search preserves freeform offsets and recovers from empty and invalid choices (2.7s)
  ✓   63 [webkit] › e2e/privacy.spec.ts:7:2 › legacy lens preferences migrate, reset removes them and quota failures keep conversion usable (1.4s)
  ✓   60 [webkit] › e2e/controls.spec.ts:233:0 › choice menus support keyboard selection, nested Escape and pointer dismissal (4.3s)
  ✓   64 [webkit] › e2e/privacy.spec.ts:7:2 › legacy command preferences migrate, reset removes them and quota failures keep conversion usable (1.4s)
  ✓   65 [webkit] › e2e/privacy.spec.ts:84:0 › invalid and oversized local shares return a paste fallback without storing text (664ms)
  ✓   66 [webkit] › e2e/privacy.spec.ts:117:0 › expired and invalid temporary text is consumed and erased without restoring it (937ms)
  ✓   67 [webkit] › e2e/privacy.spec.ts:221:0 › denied update storage keeps the draft active and requires clearing before reload (923ms)
(node:94593) Warning: The 'NO_COLOR' env is ignored due to the 'FORCE_COLOR' env being set.
(Use `bun --trace-warnings ...` to show where the warning was created)
  ✓   69 [webkit] › e2e/responsive.spec.ts:85:0 › touch-sized controls and keyboard navigation remain usable in a short viewport (930ms)
(node:94600) Warning: The 'NO_COLOR' env is ignored due to the 'FORCE_COLOR' env being set.
(Use `bun --trace-warnings ...` to show where the warning was created)
  ✓   68 [webkit] › e2e/responsive.spec.ts:5:0 › reflows across cover screens, phones, tablets and desktops without losing work (2.1s)
(node:94613) Warning: The 'NO_COLOR' env is ignored due to the 'FORCE_COLOR' env being set.
(Use `bun --trace-warnings ...` to show where the warning was created)
  ✓   71 [android-emulation] › e2e/app.spec.ts:68:0 › an intact offline app survives a failed registration check while changing target zones (1.2s)
  ✓   72 [android-emulation] › e2e/app.spec.ts:91:0 › a delayed failed readiness probe cannot overwrite a newer successful check (611ms)
  ✓   70 [android-emulation] › e2e/app.spec.ts:7:0 › worker failure recovers and a late response cannot resurrect cleared input (2.2s)
  ✓   74 [android-emulation] › e2e/app.spec.ts:163:0 › pasted HTML cannot execute or fetch its URL (530ms)
  ✓   73 [android-emulation] › e2e/app.spec.ts:131:0 › missing cache reports incomplete and reconnect repairs the complete offline app (669ms)
  ✓   75 [android-emulation] › e2e/app.spec.ts:193:0 › convert, inspect ambiguity, copy manually and protect privacy (829ms)
  ✓   76 [android-emulation] › e2e/app.spec.ts:226:0 › close and reopen offline, then convert previously unseen input (968ms)
  ✓   77 [android-emulation] › e2e/app.spec.ts:250:0 › preferences persist, input does not; denied storage still converts (1.2s)
  ✓   80 [android-emulation] › e2e/app.spec.ts:351:0 › offline POST share is single-use and never places message in URL (382ms)
  ✓   78 [android-emulation] › e2e/app.spec.ts:278:0 › input errors recover, edits invalidate results, keyboard keeps multiline input (1.5s)
  ✓   79 [android-emulation] › e2e/app.spec.ts:297:0 › readable at 320px, dark mode, with no serious accessibility violations (1.1s)
  ✓   59 [webkit] › e2e/controls.spec.ts:56:0 › themed choices align and their opened menus fit every breakpoint without losing work (10.7s)
(node:94659) Warning: The 'NO_COLOR' env is ignored due to the 'FORCE_COLOR' env being set.
(Use `bun --trace-warnings ...` to show where the warning was created)
  ✓   81 [android-emulation] › e2e/app.spec.ts:389:0 › an update waits, preserves draft on opt-in, and survives a partial next update (2.1s)
  ✓   84 [android-emulation] › e2e/controls.spec.ts:340:0 › timezone search preserves freeform offsets and recovers from empty and invalid choices (2.6s)
  ✓   85 [android-emulation] › e2e/controls.spec.ts:407:0 › hovering timezone suggestions preserves typed values while explicit selections still commit (1.5s)
  ✓   86 [android-emulation] › e2e/privacy.spec.ts:7:2 › legacy lens preferences migrate, reset removes them and quota failures keep conversion usable (1.0s)
  ✓   83 [android-emulation] › e2e/controls.spec.ts:233:0 › choice menus support keyboard selection, nested Escape and pointer dismissal (4.1s)
  ✓   87 [android-emulation] › e2e/privacy.spec.ts:7:2 › legacy command preferences migrate, reset removes them and quota failures keep conversion usable (1.0s)
  ✓   88 [android-emulation] › e2e/privacy.spec.ts:84:0 › invalid and oversized local shares return a paste fallback without storing text (533ms)
  ✓   89 [android-emulation] › e2e/privacy.spec.ts:117:0 › expired and invalid temporary text is consumed and erased without restoring it (558ms)
  ✓   92 [android-emulation] › e2e/responsive.spec.ts:85:0 › touch-sized controls and keyboard navigation remain usable in a short viewport (814ms)
(node:94706) Warning: The 'NO_COLOR' env is ignored due to the 'FORCE_COLOR' env being set.
(Use `bun --trace-warnings ...` to show where the warning was created)
  ✓   90 [android-emulation] › e2e/privacy.spec.ts:221:0 › denied update storage keeps the draft active and requires clearing before reload (1.8s)
(node:94719) Warning: The 'NO_COLOR' env is ignored due to the 'FORCE_COLOR' env being set.
(Use `bun --trace-warnings ...` to show where the warning was created)
  ✓   91 [android-emulation] › e2e/responsive.spec.ts:5:0 › reflows across cover screens, phones, tablets and desktops without losing work (2.0s)
(node:94735) Warning: The 'NO_COLOR' env is ignored due to the 'FORCE_COLOR' env being set.
(Use `bun --trace-warnings ...` to show where the warning was created)
  ✓   95 [iphone-emulation] › e2e/app.spec.ts:91:0 › a delayed failed readiness probe cannot overwrite a newer successful check (808ms)
  ✓   94 [iphone-emulation] › e2e/app.spec.ts:68:0 › an intact offline app survives a failed registration check while changing target zones (1.4s)
  ✓   93 [iphone-emulation] › e2e/app.spec.ts:7:0 › worker failure recovers and a late response cannot resurrect cleared input (2.3s)
  ✓   97 [iphone-emulation] › e2e/app.spec.ts:163:0 › pasted HTML cannot execute or fetch its URL (644ms)
  ✓   96 [iphone-emulation] › e2e/app.spec.ts:131:0 › missing cache reports incomplete and reconnect repairs the complete offline app (982ms)
  ✓   98 [iphone-emulation] › e2e/app.spec.ts:193:0 › convert, inspect ambiguity, copy manually and protect privacy (1.0s)
  ✓   99 [iphone-emulation] › e2e/app.spec.ts:226:0 › close and reopen offline, then convert previously unseen input (1.4s)
  ✓   82 [android-emulation] › e2e/controls.spec.ts:56:0 › themed choices align and their opened menus fit every breakpoint without losing work (10.1s)
(node:94785) Warning: The 'NO_COLOR' env is ignored due to the 'FORCE_COLOR' env being set.
(Use `bun --trace-warnings ...` to show where the warning was created)
  ✓  100 [iphone-emulation] › e2e/app.spec.ts:250:0 › preferences persist, input does not; denied storage still converts (1.6s)
  ✓  101 [iphone-emulation] › e2e/app.spec.ts:278:0 › input errors recover, edits invalidate results, keyboard keeps multiline input (1.5s)
  ✓  103 [iphone-emulation] › e2e/app.spec.ts:351:0 › offline POST share is single-use and never places message in URL (593ms)
  ✓  102 [iphone-emulation] › e2e/app.spec.ts:297:0 › readable at 320px, dark mode, with no serious accessibility violations (1.5s)
  ✓  104 [iphone-emulation] › e2e/app.spec.ts:389:0 › an update waits, preserves draft on opt-in, and survives a partial next update (1.4s)
  ✓  108 [iphone-emulation] › e2e/controls.spec.ts:407:0 › hovering timezone suggestions preserves typed values while explicit selections still commit (1.8s)
  ✓  107 [iphone-emulation] › e2e/controls.spec.ts:340:0 › timezone search preserves freeform offsets and recovers from empty and invalid choices (2.6s)
  ✓  109 [iphone-emulation] › e2e/privacy.spec.ts:7:2 › legacy lens preferences migrate, reset removes them and quota failures keep conversion usable (1.4s)
  ✓  106 [iphone-emulation] › e2e/controls.spec.ts:233:0 › choice menus support keyboard selection, nested Escape and pointer dismissal (4.2s)
  ✓  110 [iphone-emulation] › e2e/privacy.spec.ts:7:2 › legacy command preferences migrate, reset removes them and quota failures keep conversion usable (1.4s)
  ✓  111 [iphone-emulation] › e2e/privacy.spec.ts:84:0 › invalid and oversized local shares return a paste fallback without storing text (640ms)
  ✓  112 [iphone-emulation] › e2e/privacy.spec.ts:117:0 › expired and invalid temporary text is consumed and erased without restoring it (894ms)
  ✓  113 [iphone-emulation] › e2e/privacy.spec.ts:221:0 › denied update storage keeps the draft active and requires clearing before reload (849ms)
  ✓  115 [iphone-emulation] › e2e/responsive.spec.ts:85:0 › touch-sized controls and keyboard navigation remain usable in a short viewport (914ms)
  ✓  114 [iphone-emulation] › e2e/responsive.spec.ts:5:0 › reflows across cover screens, phones, tablets and desktops without losing work (2.1s)
  ✓  105 [iphone-emulation] › e2e/controls.spec.ts:56:0 › themed choices align and their opened menus fit every breakpoint without losing work (10.8s)

  115 passed (1.0m)
[ci-timing] 115 attempts recorded; 0 omitted by the 1000-attempt limit
