
Running 1 test using 1 worker

  ✘  1 [iphone-emulation] › docs/qa/ci-efficiency-2026-10-05/adversarial/virtualization/frozen-original.spec.ts:8:0 › hovering timezone suggestions preserves typed values while explicit selections still commit (30.0s)


  1) [iphone-emulation] › docs/qa/ci-efficiency-2026-10-05/adversarial/virtualization/frozen-original.spec.ts:8:0 › hovering timezone suggestions preserves typed values while explicit selections still commit 

    Test timeout of 30000ms exceeded.

    Error: click: Test timeout of 30000ms exceeded.
    Call log:
      - waiting for locator('[id="react-aria1911245955-_r_b_"]').getByRole('option', { name: 'Tokyo', exact: true })
        - locator resolved to <div data-rac="" role="option" aria-setsize="2" aria-posinset="1" class="choice-item" aria-selected="false" data-key="Asia/Tokyo" data-value="Asia/Tokyo" data-selection-mode="single" data-react-aria-pressable="true" aria-labelledby="react-aria1911245955-_r_3r_" data-collection="react-aria1911245955-_r_3l_" aria-describedby="react-aria1911245955-_r_3s_" id="react-aria1911245955-_r_b_-option-Asia/Tokyo">…</div>
      - attempting click action
        - waiting for element to be visible, enabled and stable
      - element was detached from the DOM, retrying


      57 |     await suggestions
      58 |       .getByRole("option", { name: "Tokyo", exact: true })
    > 59 |       .click();
         |       ^
      60 |     await expect(input).toHaveValue("Asia/Tokyo");
      61 |     await expect(other).toHaveValue(otherValue);
      62 |   }
        at /Users/tien/Developer/ChronoShift/docs/qa/ci-efficiency-2026-10-05/adversarial/virtualization/frozen-original.spec.ts:59:7

    Error Context: docs/qa/ci-efficiency-2026-10-05/adversarial/virtualization/frozen-original-prototype/frozen-original-hovering-t-aa0e3-cit-selections-still-commit-iphone-emulation/error-context.md

  1 failed
    [iphone-emulation] › docs/qa/ci-efficiency-2026-10-05/adversarial/virtualization/frozen-original.spec.ts:8:0 › hovering timezone suggestions preserves typed values while explicit selections still commit 
(node:75661) Warning: The 'NO_COLOR' env is ignored due to the 'FORCE_COLOR' env being set.
(Use `bun --trace-warnings ...` to show where the warning was created)
