{
  "capturedAt": "2026-10-05T09:56:39.960Z",
  "origin": "http://127.0.0.1:59311/",
  "environment": {
    "platform": "darwin",
    "arch": "arm64",
    "bun": "1.4.0",
    "playwright": "1.63.0"
  },
  "engines": [
    {
      "engine": "chromium",
      "browserVersion": "153.0.8010.12",
      "began": "2026-10-05T09:55:51.658Z",
      "ended": "2026-10-05T09:55:52.040Z",
      "environment": {
        "at": "2026-10-05T09:55:51.768Z",
        "origin": "http://127.0.0.1:59311",
        "userAgent": "Mozilla/5.0 (Macintosh; Intel Mac OS X 10_15_7) AppleWebKit/537.36 (KHTML, like Gecko) HeadlessChrome/153.0.8010.12 Safari/537.36",
        "locale": "en-AU",
        "timezone": "Australia/Sydney",
        "reducedMotion": false,
        "raster": 1,
        "performanceTimeOrigin": 1791194151756.2
      },
      "bootstrapMs": 21.200000017881393,
      "idlePrimeMs": 18.69999998807907,
      "fresh": {
        "count": 12,
        "meanMs": 17.891666663189728,
        "medianMs": 17.900000005960464,
        "minMs": 17.599999994039536,
        "maxMs": 18.099999994039536
      },
      "idle": {
        "count": 12,
        "meanMs": 0.5166666706403097,
        "medianMs": 0.45000000298023224,
        "minMs": 0.29999998211860657,
        "maxMs": 1
      },
      "pairedDifference": {
        "count": 12,
        "meanMs": 17.37499999254942,
        "medianMs": 17.349999994039536,
        "minMs": 16.799999982118607,
        "maxMs": 17.700000017881393
      },
      "reductionPercent": 97.11224962790472
    },
    {
      "engine": "firefox",
      "browserVersion": "155.0",
      "began": "2026-10-05T09:55:52.054Z",
      "ended": "2026-10-05T09:55:53.315Z",
      "environment": {
        "at": "2026-10-05T09:55:52.828Z",
        "origin": "http://127.0.0.1:59311",
        "userAgent": "Mozilla/5.0 (Macintosh; Intel Mac OS X 10.15; rv:155.0) Gecko/20100101 Firefox/155.0",
        "locale": "en-AU",
        "timezone": "Australia/Sydney",
        "reducedMotion": false,
        "raster": 1,
        "performanceTimeOrigin": 1791194152759
      },
      "bootstrapMs": 77,
      "idlePrimeMs": 34,
      "fresh": {
        "count": 12,
        "meanMs": 28.166666666666668,
        "medianMs": 28,
        "minMs": 27,
        "maxMs": 31
      },
      "idle": {
        "count": 12,
        "meanMs": 1.9166666666666667,
        "medianMs": 1,
        "minMs": 0,
        "maxMs": 10
      },
      "pairedDifference": {
        "count": 12,
        "meanMs": 26.25,
        "medianMs": 27,
        "minMs": 17,
        "maxMs": 29
      },
      "reductionPercent": 93.19526627218934
    },
    {
      "engine": "webkit",
      "browserVersion": "26.6",
      "began": "2026-10-05T09:55:53.484Z",
      "ended": "2026-10-05T09:55:54.053Z",
      "environment": {
        "at": "2026-10-05T09:55:53.801Z",
        "origin": "http://127.0.0.1:59311",
        "userAgent": "Mozilla/5.0 (Macintosh; Intel Mac OS X 10_15_7) AppleWebKit/605.1.15 (KHTML, like Gecko) Version/26.6 Safari/605.1.15",
        "locale": "en-AU",
        "timezone": "Australia/Sydney",
        "reducedMotion": false,
        "raster": 1,
        "performanceTimeOrigin": 1791194153796
      },
      "bootstrapMs": 22,
      "idlePrimeMs": 19,
      "fresh": {
        "count": 12,
        "meanMs": 16.333333333333332,
        "medianMs": 16,
        "minMs": 15,
        "maxMs": 19
      },
      "idle": {
        "count": 12,
        "meanMs": 0.8333333333333334,
        "medianMs": 1,
        "minMs": 0,
        "maxMs": 1
      },
      "pairedDifference": {
        "count": 12,
        "meanMs": 15.5,
        "medianMs": 15.5,
        "minMs": 14,
        "maxMs": 18
      },
      "reductionPercent": 94.89795918367346
    }
  ]
}
