
Running 168 tests using 3 workers

(node:88628) Warning: The 'NO_COLOR' env is ignored due to the 'FORCE_COLOR' env being set.
(Use `bun --trace-warnings ...` to show where the warning was created)
(node:88626) Warning: The 'NO_COLOR' env is ignored due to the 'FORCE_COLOR' env being set.
(Use `bun --trace-warnings ...` to show where the warning was created)
(node:88627) Warning: The 'NO_COLOR' env is ignored due to the 'FORCE_COLOR' env being set.
(Use `bun --trace-warnings ...` to show where the warning was created)
  ✓    3 [foldable] › e2e/foldable.spec.ts:113:0 › notch and home-indicator safe areas inset the task (215ms)
(node:88642) Warning: The 'NO_COLOR' env is ignored due to the 'FORCE_COLOR' env being set.
(Use `bun --trace-warnings ...` to show where the warning was created)
  ✓    1 [foldable] › e2e/foldable.spec.ts:70:0 › tabletop posture confines the scrollable task to the upper screen (399ms)
  ✓    2 [foldable] › e2e/foldable.spec.ts:3:0 › input and results avoid a vertical hinge and survive folding (500ms)
(node:88644) Warning: The 'NO_COLOR' env is ignored due to the 'FORCE_COLOR' env being set.
(Use `bun --trace-warnings ...` to show where the warning was created)
(node:88645) Warning: The 'NO_COLOR' env is ignored due to the 'FORCE_COLOR' env being set.
(Use `bun --trace-warnings ...` to show where the warning was created)
  ✓    5 [chromium] › e2e/app.spec.ts:65:0 › an intact offline app survives a failed registration check while changing target zones (586ms)
  ✓    6 [chromium] › e2e/app.spec.ts:90:0 › a delayed failed readiness probe cannot overwrite a newer successful check (547ms)
  ✓    8 [chromium] › e2e/app.spec.ts:162:0 › pasted HTML cannot execute or fetch its URL (352ms)
  ✓    4 [chromium] › e2e/app.spec.ts:5:0 › worker failure recovers and a late response cannot resurrect cleared input (1.2s)
  ✓    7 [chromium] › e2e/app.spec.ts:130:0 › missing cache reports incomplete and reconnect repairs the complete offline app (556ms)
  ✓    9 [chromium] › e2e/app.spec.ts:183:0 › convert, inspect ambiguity, copy manually and protect privacy (419ms)
  ✓   10 [chromium] › e2e/app.spec.ts:216:0 › close and reopen offline, then convert previously unseen input (477ms)
  ✓   11 [chromium] › e2e/app.spec.ts:240:0 › preferences persist, input does not; denied storage still converts (585ms)
  ✓   12 [chromium] › e2e/app.spec.ts:268:0 › input errors recover, edits invalidate results, keyboard keeps multiline input (616ms)
  ✓   14 [chromium] › e2e/app.spec.ts:345:0 › offline POST share is single-use and never places message in URL (318ms)
  ✓   16 [chromium] › e2e/engine.spec.ts:4:0 › independent exact fixture expectations run in the production browser worker (295ms)
  ✓   13 [chromium] › e2e/app.spec.ts:291:0 › readable at 320px, dark mode, with no serious accessibility violations (1.3s)
  ✓   17 [chromium] › e2e/imports.spec.ts:4:2 › delayed clipboard offers replacement instead of overwriting edited or cleared work (902ms)
  ✓   15 [chromium] › e2e/app.spec.ts:383:0 › an update waits, preserves draft on opt-in, and survives a partial next update (1.7s)
  ✓   19 [chromium] › e2e/imports.spec.ts:176:0 › an unresolved target hides copyable fallback results and correction restores the source interpretation (548ms)
  ✓   18 [chromium] › e2e/imports.spec.ts:4:2 › delayed share offers replacement instead of overwriting edited or cleared work (1.2s)
  ✓   22 [chromium] › e2e/offline-install.spec.ts:82:0 › a stale mutable asset is refetched and checked before offline readiness (368ms)
  ✓   21 [chromium] › e2e/offline-install.spec.ts:59:0 › slow first installation clears its expired warning without losing conversion (1.1s)
  ✓   20 [chromium] › e2e/offline-install.spec.ts:31:0 › a transient initial registration failure retries before any controller exists (1.6s)
  ✓   23 [chromium] › e2e/offline-install.spec.ts:106:0 › a rejected first installation retries without reloading or clearing input (1.4s)
  ✓   25 [chromium] › e2e/privacy.spec.ts:5:2 › legacy lens preferences migrate, reset removes them and quota failures keep conversion usable (556ms)
  ✓   27 [chromium] › e2e/privacy.spec.ts:86:0 › invalid and oversized local shares return a paste fallback without storing text (351ms)
  ✓   26 [chromium] › e2e/privacy.spec.ts:5:2 › legacy command preferences migrate, reset removes them and quota failures keep conversion usable (557ms)
  ✓   28 [chromium] › e2e/privacy.spec.ts:121:0 › expired and invalid temporary text is consumed and erased without restoring it (613ms)
  ✓   30 [chromium] › e2e/responsive.spec.ts:3:0 › reflows across cover screens, phones, tablets and desktops without losing work (1.0s)
  ✓   29 [chromium] › e2e/privacy.spec.ts:225:0 › denied update storage keeps the draft active and requires clearing before reload (1.6s)
  ✓   31 [chromium] › e2e/responsive.spec.ts:83:0 › touch-sized controls and keyboard navigation remain usable in a short viewport (333ms)
  ✓   32 [chromium] › e2e/updates.spec.ts:5:0 › repair refuses another release and leaves the existing offline shell intact (447ms)
  ✓   34 [chromium] › e2e/updates.spec.ts:88:0 › oversized drafts block an update until they can be safely preserved (1.5s)
  ✓   33 [chromium] › e2e/updates.spec.ts:44:0 › an interrupted rollback preserves a retained cache and its old tab worker (1.8s)
  ✓   24 [chromium] › e2e/offline-install.spec.ts:126:0 › persistently wrong release bytes never activate or claim offline readiness (5.6s)
(node:88737) Warning: The 'NO_COLOR' env is ignored due to the 'FORCE_COLOR' env being set.
(Use `bun --trace-warnings ...` to show where the warning was created)
  ✓   37 [firefox] › e2e/app.spec.ts:5:0 › worker failure recovers and a late response cannot resurrect cleared input (2.2s)
  ✓   35 [chromium] › e2e/updates.spec.ts:203:0 › old and new tabs retain their own workers across successive releases and offline restart (3.5s)
(node:88752) Warning: The 'NO_COLOR' env is ignored due to the 'FORCE_COLOR' env being set.
(Use `bun --trace-warnings ...` to show where the warning was created)
  ✓   38 [firefox] › e2e/app.spec.ts:65:0 › an intact offline app survives a failed registration check while changing target zones (805ms)
  ✓   36 [chromium] › e2e/updates.spec.ts:264:0 › rollback preserves draft and preferences and removes obsolete caches with one remaining tab (4.2s)
(node:88762) Warning: The 'NO_COLOR' env is ignored due to the 'FORCE_COLOR' env being set.
(Use `bun --trace-warnings ...` to show where the warning was created)
  ✓   40 [firefox] › e2e/app.spec.ts:130:0 › missing cache reports incomplete and reconnect repairs the complete offline app (692ms)
  ✓   39 [firefox] › e2e/app.spec.ts:90:0 › a delayed failed readiness probe cannot overwrite a newer successful check (1.2s)
  ✓   42 [firefox] › e2e/app.spec.ts:183:0 › convert, inspect ambiguity, copy manually and protect privacy (567ms)
  ✓   41 [firefox] › e2e/app.spec.ts:162:0 › pasted HTML cannot execute or fetch its URL (920ms)
  ✓   43 [firefox] › e2e/app.spec.ts:216:0 › close and reopen offline, then convert previously unseen input (701ms)
  ✓   44 [firefox] › e2e/app.spec.ts:240:0 › preferences persist, input does not; denied storage still converts (910ms)
  ✓   45 [firefox] › e2e/app.spec.ts:268:0 › input errors recover, edits invalidate results, keyboard keeps multiline input (1.1s)
  ✓   47 [firefox] › e2e/app.spec.ts:345:0 › offline POST share is single-use and never places message in URL (1.0s)
  ✓   46 [firefox] › e2e/app.spec.ts:291:0 › readable at 320px, dark mode, with no serious accessibility violations (1.8s)
  ✓   49 [firefox] › e2e/engine.spec.ts:4:0 › independent exact fixture expectations run in the production browser worker (625ms)
  ✓   50 [firefox] › e2e/imports.spec.ts:4:2 › delayed clipboard offers replacement instead of overwriting edited or cleared work (1.3s)
  ✓   52 [firefox] › e2e/imports.spec.ts:176:0 › an unresolved target hides copyable fallback results and correction restores the source interpretation (749ms)
  ✓   48 [firefox] › e2e/app.spec.ts:383:0 › an update waits, preserves draft on opt-in, and survives a partial next update (3.1s)
  ✓   51 [firefox] › e2e/imports.spec.ts:4:2 › delayed share offers replacement instead of overwriting edited or cleared work (2.1s)
  ✓   55 [firefox] › e2e/offline-install.spec.ts:82:0 › a stale mutable asset is refetched and checked before offline readiness (482ms)
  ✓   53 [firefox] › e2e/offline-install.spec.ts:31:0 › a transient initial registration failure retries before any controller exists (1.7s)
  ✓   54 [firefox] › e2e/offline-install.spec.ts:59:0 › slow first installation clears its expired warning without losing conversion (1.6s)
  ✓   56 [firefox] › e2e/offline-install.spec.ts:106:0 › a rejected first installation retries without reloading or clearing input (1.6s)
  ✓   58 [firefox] › e2e/privacy.spec.ts:5:2 › legacy lens preferences migrate, reset removes them and quota failures keep conversion usable (843ms)
  ✓   60 [firefox] › e2e/privacy.spec.ts:86:0 › invalid and oversized local shares return a paste fallback without storing text (521ms)
  ✓   59 [firefox] › e2e/privacy.spec.ts:5:2 › legacy command preferences migrate, reset removes them and quota failures keep conversion usable (898ms)
  ✓   61 [firefox] › e2e/privacy.spec.ts:121:0 › expired and invalid temporary text is consumed and erased without restoring it (1.1s)
  ✓   62 [firefox] › e2e/privacy.spec.ts:225:0 › denied update storage keeps the draft active and requires clearing before reload (1.7s)
  ✓   63 [firefox] › e2e/responsive.spec.ts:3:0 › reflows across cover screens, phones, tablets and desktops without losing work (1.1s)
  ✓   64 [firefox] › e2e/responsive.spec.ts:83:0 › touch-sized controls and keyboard navigation remain usable in a short viewport (407ms)
  ✓   65 [firefox] › e2e/updates.spec.ts:5:0 › repair refuses another release and leaves the existing offline shell intact (536ms)
  ✓   57 [firefox] › e2e/offline-install.spec.ts:126:0 › persistently wrong release bytes never activate or claim offline readiness (5.6s)
  ✓   67 [firefox] › e2e/updates.spec.ts:88:0 › oversized drafts block an update until they can be safely preserved (1.9s)
  ✓   66 [firefox] › e2e/updates.spec.ts:44:0 › an interrupted rollback preserves a retained cache and its old tab worker (2.9s)
(node:88888) Warning: The 'NO_COLOR' env is ignored due to the 'FORCE_COLOR' env being set.
(Use `bun --trace-warnings ...` to show where the warning was created)
  ✓   70 [webkit] › e2e/app.spec.ts:5:0 › worker failure recovers and a late response cannot resurrect cleared input (1.4s)
  ✓   71 [webkit] › e2e/app.spec.ts:65:0 › an intact offline app survives a failed registration check while changing target zones (758ms)
  ✓   68 [firefox] › e2e/updates.spec.ts:203:0 › old and new tabs retain their own workers across successive releases and offline restart (3.9s)
(node:88920) Warning: The 'NO_COLOR' env is ignored due to the 'FORCE_COLOR' env being set.
(Use `bun --trace-warnings ...` to show where the warning was created)
  ✓   72 [webkit] › e2e/app.spec.ts:90:0 › a delayed failed readiness probe cannot overwrite a newer successful check (586ms)
  ✓   74 [webkit] › e2e/app.spec.ts:162:0 › pasted HTML cannot execute or fetch its URL (505ms)
  ✓   69 [firefox] › e2e/updates.spec.ts:264:0 › rollback preserves draft and preferences and removes obsolete caches with one remaining tab (4.4s)
  ✓   73 [webkit] › e2e/app.spec.ts:130:0 › missing cache reports incomplete and reconnect repairs the complete offline app (808ms)
(node:88950) Warning: The 'NO_COLOR' env is ignored due to the 'FORCE_COLOR' env being set.
(Use `bun --trace-warnings ...` to show where the warning was created)
  ✓   75 [webkit] › e2e/app.spec.ts:183:0 › convert, inspect ambiguity, copy manually and protect privacy (570ms)
  ✓   76 [webkit] › e2e/app.spec.ts:240:0 › preferences persist, input does not; denied storage still converts (804ms)
  ✓   78 [webkit] › e2e/app.spec.ts:268:0 › input errors recover, edits invalidate results, keyboard keeps multiline input (720ms)
  ✓   77 [webkit] › e2e/app.spec.ts:216:0 › close and reopen offline, then convert previously unseen input (814ms)
  ✓   80 [webkit] › e2e/app.spec.ts:345:0 › offline POST share is single-use and never places message in URL (509ms)
  ✓   82 [webkit] › e2e/engine.spec.ts:4:0 › independent exact fixture expectations run in the production browser worker (488ms)
  ✓   81 [webkit] › e2e/app.spec.ts:383:0 › an update waits, preserves draft on opt-in, and survives a partial next update (800ms)
  ✓   79 [webkit] › e2e/app.spec.ts:291:0 › readable at 320px, dark mode, with no serious accessibility violations (1.2s)
  ✓   85 [webkit] › e2e/imports.spec.ts:176:0 › an unresolved target hides copyable fallback results and correction restores the source interpretation (796ms)
  ✓   83 [webkit] › e2e/imports.spec.ts:4:2 › delayed clipboard offers replacement instead of overwriting edited or cleared work (1.2s)
  ✓   84 [webkit] › e2e/imports.spec.ts:4:2 › delayed share offers replacement instead of overwriting edited or cleared work (1.9s)
  ✓   88 [webkit] › e2e/offline-install.spec.ts:82:0 › a stale mutable asset is refetched and checked before offline readiness (481ms)
  ✓   87 [webkit] › e2e/offline-install.spec.ts:59:0 › slow first installation clears its expired warning without losing conversion (1.3s)
  ✓   86 [webkit] › e2e/offline-install.spec.ts:31:0 › a transient initial registration failure retries before any controller exists (1.7s)
  ✓   91 [webkit] › e2e/privacy.spec.ts:5:2 › legacy lens preferences migrate, reset removes them and quota failures keep conversion usable (779ms)
  ✓   89 [webkit] › e2e/offline-install.spec.ts:106:0 › a rejected first installation retries without reloading or clearing input (1.5s)
  ✓   92 [webkit] › e2e/privacy.spec.ts:5:2 › legacy command preferences migrate, reset removes them and quota failures keep conversion usable (711ms)
  ✓   93 [webkit] › e2e/privacy.spec.ts:86:0 › invalid and oversized local shares return a paste fallback without storing text (438ms)
  ✓   94 [webkit] › e2e/privacy.spec.ts:121:0 › expired and invalid temporary text is consumed and erased without restoring it (845ms)
  ✓   95 [webkit] › e2e/privacy.spec.ts:225:0 › denied update storage keeps the draft active and requires clearing before reload (755ms)
  ✓   97 [webkit] › e2e/responsive.spec.ts:83:0 › touch-sized controls and keyboard navigation remain usable in a short viewport (518ms)
  ✓   98 [webkit] › e2e/updates.spec.ts:5:0 › repair refuses another release and leaves the existing offline shell intact (518ms)
  ✓   96 [webkit] › e2e/responsive.spec.ts:3:0 › reflows across cover screens, phones, tablets and desktops without losing work (1.3s)
  ✓  100 [webkit] › e2e/updates.spec.ts:88:0 › oversized drafts block an update until they can be safely preserved (612ms)
  ✓   99 [webkit] › e2e/updates.spec.ts:44:0 › an interrupted rollback preserves a retained cache and its old tab worker (930ms)
  ✓   90 [webkit] › e2e/offline-install.spec.ts:126:0 › persistently wrong release bytes never activate or claim offline readiness (5.7s)
(node:89063) Warning: The 'NO_COLOR' env is ignored due to the 'FORCE_COLOR' env being set.
(Use `bun --trace-warnings ...` to show where the warning was created)
  ✓  102 [webkit] › e2e/updates.spec.ts:264:0 › rollback preserves draft and preferences and removes obsolete caches with one remaining tab (1.4s)
(node:89066) Warning: The 'NO_COLOR' env is ignored due to the 'FORCE_COLOR' env being set.
(Use `bun --trace-warnings ...` to show where the warning was created)
  ✓  101 [webkit] › e2e/updates.spec.ts:203:0 › old and new tabs retain their own workers across successive releases and offline restart (2.1s)
(node:89074) Warning: The 'NO_COLOR' env is ignored due to the 'FORCE_COLOR' env being set.
(Use `bun --trace-warnings ...` to show where the warning was created)
  ✓  104 [android-emulation] › e2e/app.spec.ts:65:0 › an intact offline app survives a failed registration check while changing target zones (621ms)
  ✓  103 [android-emulation] › e2e/app.spec.ts:5:0 › worker failure recovers and a late response cannot resurrect cleared input (1.2s)
  ✓  105 [android-emulation] › e2e/app.spec.ts:90:0 › a delayed failed readiness probe cannot overwrite a newer successful check (557ms)
  ✓  106 [android-emulation] › e2e/app.spec.ts:130:0 › missing cache reports incomplete and reconnect repairs the complete offline app (566ms)
  ✓  107 [android-emulation] › e2e/app.spec.ts:162:0 › pasted HTML cannot execute or fetch its URL (411ms)
  ✓  108 [android-emulation] › e2e/app.spec.ts:183:0 › convert, inspect ambiguity, copy manually and protect privacy (490ms)
  ✓  109 [android-emulation] › e2e/app.spec.ts:216:0 › close and reopen offline, then convert previously unseen input (560ms)
  ✓  110 [android-emulation] › e2e/app.spec.ts:240:0 › preferences persist, input does not; denied storage still converts (601ms)
  ✓  111 [android-emulation] › e2e/app.spec.ts:268:0 › input errors recover, edits invalidate results, keyboard keeps multiline input (684ms)
  ✓  113 [android-emulation] › e2e/app.spec.ts:345:0 › offline POST share is single-use and never places message in URL (367ms)
  ✓  115 [android-emulation] › e2e/engine.spec.ts:4:0 › independent exact fixture expectations run in the production browser worker (348ms)
  ✓  112 [android-emulation] › e2e/app.spec.ts:291:0 › readable at 320px, dark mode, with no serious accessibility violations (991ms)
  ✓  116 [android-emulation] › e2e/imports.spec.ts:4:2 › delayed clipboard offers replacement instead of overwriting edited or cleared work (950ms)
  ✓  114 [android-emulation] › e2e/app.spec.ts:383:0 › an update waits, preserves draft on opt-in, and survives a partial next update (1.7s)
  ✓  117 [android-emulation] › e2e/imports.spec.ts:4:2 › delayed share offers replacement instead of overwriting edited or cleared work (1.2s)
  ✓  118 [android-emulation] › e2e/imports.spec.ts:176:0 › an unresolved target hides copyable fallback results and correction restores the source interpretation (590ms)
  ✓  121 [android-emulation] › e2e/offline-install.spec.ts:82:0 › a stale mutable asset is refetched and checked before offline readiness (402ms)
  ✓  120 [android-emulation] › e2e/offline-install.spec.ts:59:0 › slow first installation clears its expired warning without losing conversion (1.1s)
  ✓  119 [android-emulation] › e2e/offline-install.spec.ts:31:0 › a transient initial registration failure retries before any controller exists (1.6s)
  ✓  122 [android-emulation] › e2e/offline-install.spec.ts:106:0 › a rejected first installation retries without reloading or clearing input (1.4s)
  ✓  124 [android-emulation] › e2e/privacy.spec.ts:5:2 › legacy lens preferences migrate, reset removes them and quota failures keep conversion usable (593ms)
  ✓  126 [android-emulation] › e2e/privacy.spec.ts:86:0 › invalid and oversized local shares return a paste fallback without storing text (389ms)
  ✓  125 [android-emulation] › e2e/privacy.spec.ts:5:2 › legacy command preferences migrate, reset removes them and quota failures keep conversion usable (589ms)
  ✓  127 [android-emulation] › e2e/privacy.spec.ts:121:0 › expired and invalid temporary text is consumed and erased without restoring it (573ms)
  ✓  129 [android-emulation] › e2e/responsive.spec.ts:3:0 › reflows across cover screens, phones, tablets and desktops without losing work (1.0s)
  ✓  128 [android-emulation] › e2e/privacy.spec.ts:225:0 › denied update storage keeps the draft active and requires clearing before reload (1.6s)
  ✓  130 [android-emulation] › e2e/responsive.spec.ts:83:0 › touch-sized controls and keyboard navigation remain usable in a short viewport (347ms)
  ✓  131 [android-emulation] › e2e/updates.spec.ts:5:0 › repair refuses another release and leaves the existing offline shell intact (485ms)
  ✓  132 [android-emulation] › e2e/updates.spec.ts:44:0 › an interrupted rollback preserves a retained cache and its old tab worker (1.8s)
  ✓  133 [android-emulation] › e2e/updates.spec.ts:88:0 › oversized drafts block an update until they can be safely preserved (1.6s)
  ✓  123 [android-emulation] › e2e/offline-install.spec.ts:126:0 › persistently wrong release bytes never activate or claim offline readiness (5.6s)
(node:89194) Warning: The 'NO_COLOR' env is ignored due to the 'FORCE_COLOR' env being set.
(Use `bun --trace-warnings ...` to show where the warning was created)
  ✓  136 [iphone-emulation] › e2e/app.spec.ts:5:0 › worker failure recovers and a late response cannot resurrect cleared input (1.4s)
  ✓  137 [iphone-emulation] › e2e/app.spec.ts:65:0 › an intact offline app survives a failed registration check while changing target zones (705ms)
  ✓  138 [iphone-emulation] › e2e/app.spec.ts:90:0 › a delayed failed readiness probe cannot overwrite a newer successful check (645ms)
  ✓  134 [android-emulation] › e2e/updates.spec.ts:203:0 › old and new tabs retain their own workers across successive releases and offline restart (3.7s)
(node:89216) Warning: The 'NO_COLOR' env is ignored due to the 'FORCE_COLOR' env being set.
(Use `bun --trace-warnings ...` to show where the warning was created)
  ✓  135 [android-emulation] › e2e/updates.spec.ts:264:0 › rollback preserves draft and preferences and removes obsolete caches with one remaining tab (4.3s)
  ✓  139 [iphone-emulation] › e2e/app.spec.ts:130:0 › missing cache reports incomplete and reconnect repairs the complete offline app (871ms)
(node:89231) Warning: The 'NO_COLOR' env is ignored due to the 'FORCE_COLOR' env being set.
(Use `bun --trace-warnings ...` to show where the warning was created)
  ✓  140 [iphone-emulation] › e2e/app.spec.ts:162:0 › pasted HTML cannot execute or fetch its URL (619ms)
  ✓  141 [iphone-emulation] › e2e/app.spec.ts:216:0 › close and reopen offline, then convert previously unseen input (839ms)
  ✓  142 [iphone-emulation] › e2e/app.spec.ts:183:0 › convert, inspect ambiguity, copy manually and protect privacy (725ms)
  ✓  143 [iphone-emulation] › e2e/app.spec.ts:240:0 › preferences persist, input does not; denied storage still converts (899ms)
  ✓  144 [iphone-emulation] › e2e/app.spec.ts:268:0 › input errors recover, edits invalidate results, keyboard keeps multiline input (775ms)
  ✓  146 [iphone-emulation] › e2e/app.spec.ts:345:0 › offline POST share is single-use and never places message in URL (555ms)
  ✓  148 [iphone-emulation] › e2e/engine.spec.ts:4:0 › independent exact fixture expectations run in the production browser worker (474ms)
  ✓  147 [iphone-emulation] › e2e/app.spec.ts:383:0 › an update waits, preserves draft on opt-in, and survives a partial next update (874ms)
  ✓  145 [iphone-emulation] › e2e/app.spec.ts:291:0 › readable at 320px, dark mode, with no serious accessibility violations (1.4s)
  ✓  151 [iphone-emulation] › e2e/imports.spec.ts:176:0 › an unresolved target hides copyable fallback results and correction restores the source interpretation (819ms)
  ✓  149 [iphone-emulation] › e2e/imports.spec.ts:4:2 › delayed clipboard offers replacement instead of overwriting edited or cleared work (1.2s)
  ✓  150 [iphone-emulation] › e2e/imports.spec.ts:4:2 › delayed share offers replacement instead of overwriting edited or cleared work (1.8s)
  ✓  154 [iphone-emulation] › e2e/offline-install.spec.ts:82:0 › a stale mutable asset is refetched and checked before offline readiness (451ms)
  ✓  153 [iphone-emulation] › e2e/offline-install.spec.ts:59:0 › slow first installation clears its expired warning without losing conversion (1.3s)
  ✓  152 [iphone-emulation] › e2e/offline-install.spec.ts:31:0 › a transient initial registration failure retries before any controller exists (1.7s)
  ✓  157 [iphone-emulation] › e2e/privacy.spec.ts:5:2 › legacy lens preferences migrate, reset removes them and quota failures keep conversion usable (720ms)
  ✓  155 [iphone-emulation] › e2e/offline-install.spec.ts:106:0 › a rejected first installation retries without reloading or clearing input (1.4s)
  ✓  158 [iphone-emulation] › e2e/privacy.spec.ts:5:2 › legacy command preferences migrate, reset removes them and quota failures keep conversion usable (664ms)
  ✓  159 [iphone-emulation] › e2e/privacy.spec.ts:86:0 › invalid and oversized local shares return a paste fallback without storing text (365ms)
  ✓  161 [iphone-emulation] › e2e/privacy.spec.ts:225:0 › denied update storage keeps the draft active and requires clearing before reload (567ms)
  ✓  160 [iphone-emulation] › e2e/privacy.spec.ts:121:0 › expired and invalid temporary text is consumed and erased without restoring it (674ms)
  ✓  163 [iphone-emulation] › e2e/responsive.spec.ts:83:0 › touch-sized controls and keyboard navigation remain usable in a short viewport (495ms)
  ✓  164 [iphone-emulation] › e2e/updates.spec.ts:5:0 › repair refuses another release and leaves the existing offline shell intact (537ms)
  ✓  162 [iphone-emulation] › e2e/responsive.spec.ts:3:0 › reflows across cover screens, phones, tablets and desktops without losing work (1.2s)
  ✓  166 [iphone-emulation] › e2e/updates.spec.ts:88:0 › oversized drafts block an update until they can be safely preserved (489ms)
  ✓  165 [iphone-emulation] › e2e/updates.spec.ts:44:0 › an interrupted rollback preserves a retained cache and its old tab worker (816ms)
  ✓  168 [iphone-emulation] › e2e/updates.spec.ts:264:0 › rollback preserves draft and preferences and removes obsolete caches with one remaining tab (1.3s)
  ✓  156 [iphone-emulation] › e2e/offline-install.spec.ts:126:0 › persistently wrong release bytes never activate or claim offline readiness (5.7s)
  ✓  167 [iphone-emulation] › e2e/updates.spec.ts:203:0 › old and new tabs retain their own workers across successive releases and offline restart (1.8s)

  168 passed (1.2m)
