{
  "capturedAt": "2026-10-05T06:43:01.605Z",
  "runId": 37273144333,
  "head": "e632d2f5bb8ff3cfc8c447ab87ae081078ca04c2",
  "conclusion": "success",
  "runCreatedAt": "2026-10-05T06:34:56Z",
  "runUpdatedAt": "2026-10-05T06:42:43Z",
  "runElapsedSeconds": 467,
  "jobs": [
    {
      "id": 111644265765,
      "name": "web",
      "conclusion": "success",
      "startedAt": "2026-10-05T06:34:58Z",
      "completedAt": "2026-10-05T06:42:42Z",
      "runnerSeconds": 464,
      "roundedMinutes": 8,
      "intervalBeforeFirstStepSeconds": 0,
      "steps": [
        {
          "name": "Set up job",
          "conclusion": "success",
          "seconds": 2
        },
        {
          "name": "Initialize containers",
          "conclusion": "success",
          "seconds": 38
        },
        {
          "name": "Run actions/checkout@34e114876b0b11c390a56381ad16ebd13914f8d5",
          "conclusion": "success",
          "seconds": 2
        },
        {
          "name": "Capture the checked-in corpus audit",
          "conclusion": "success",
          "seconds": 0
        },
        {
          "name": "Run jdx/mise-action@5228313ee0372e111a38da051671ca30fc5a96db",
          "conclusion": "success",
          "seconds": 5
        },
        {
          "name": "Run bun install --frozen-lockfile",
          "conclusion": "success",
          "seconds": 1
        },
        {
          "name": "Verify the pinned browser image matches the dependency",
          "conclusion": "success",
          "seconds": 0
        },
        {
          "name": "Run bun run format:check",
          "conclusion": "success",
          "seconds": 2
        },
        {
          "name": "Unit tests and production build",
          "conclusion": "success",
          "seconds": 1
        },
        {
          "name": "Verify the standalone conversion corpus audit",
          "conclusion": "success",
          "seconds": 0
        },
        {
          "name": "Run bun run test:browser",
          "conclusion": "success",
          "seconds": 405
        },
        {
          "name": "Record browser resource usage",
          "conclusion": "success",
          "seconds": 0
        },
        {
          "name": "Verify repository-subpath deployment",
          "conclusion": "success",
          "seconds": 4
        },
        {
          "name": "Upload the verified Pages build",
          "conclusion": "success",
          "seconds": 0
        },
        {
          "name": "Post Run actions/checkout@34e114876b0b11c390a56381ad16ebd13914f8d5",
          "conclusion": "success",
          "seconds": 1
        },
        {
          "name": "Stop containers",
          "conclusion": "success",
          "seconds": 0
        },
        {
          "name": "Complete job",
          "conclusion": "success",
          "seconds": 0
        }
      ]
    }
  ],
  "runnerSeconds": 464,
  "roundedMinutes": 8,
  "artifacts": [
    {
      "name": "github-pages",
      "id": 11329377867,
      "bytes": 374682,
      "digest": "sha256:601c8c68c4f8501be47f6f6888f40aedf6cc7da84fd5ad3c3b8db0ea1af8aa08",
      "createdAt": "2026-10-05T06:42:38Z",
      "expiresAt": "2026-10-06T06:42:38Z",
      "configuredRetentionHours": 24,
      "projectedByteHours": 8992368
    }
  ],
  "webOnlyComparisons": [
    {
      "label": "Original expanded-suite published Web",
      "seconds": 301,
      "roundedMinutes": 6,
      "rawSecondsReduction": -163,
      "rawPercentReduction": -54.15282392026579,
      "roundedMinuteReduction": -2,
      "roundedPercentReduction": -33.33333333333333
    },
    {
      "label": "Four-worker instrumented Linux control Web",
      "seconds": 356,
      "roundedMinutes": 6,
      "rawSecondsReduction": -108,
      "rawPercentReduction": -30.337078651685403,
      "roundedMinuteReduction": -2,
      "roundedPercentReduction": -33.33333333333333
    }
  ],
  "limits": [
    "Web-only comparison; matching main publication pending. Do not infer complete-pair acceptance.",
    "Different source/optional instrumentation conditions; do not isolate causal speedup from this comparison.",
    "API job spans include interval before the first step, as the existing metric script does.",
    "Rounded minutes and configured artifact byte-hours are repository proxies, not an account billing statement."
  ]
}
