Refreshing run status every 60 seconds. Press Ctrl+C to quit.

* main GitHub Pages · 37293668474
Triggered via workflow_dispatch less than a minute ago

JOBS
✓ prepare in 15s (ID 111709774614)
  ✓ Set up job
  ✓ Run actions/checkout@3d3c42e5aac5ba805825da76410c181273ba90b1
  ✓ Run jdx/mise-action@7a4e45a543138629540c9a1616d08632b893e492
  - Reuse the exact verified PR artifact
  - Run actions/configure-pages@45bfe0192ca1faeb007ade9deae92b16b8254a0d
  - Upload the verified Pages build
  - Run actions/deploy-pages@368f82528645a54fb793d4d04e342629a3f51346
  ✓ Post Run actions/checkout@3d3c42e5aac5ba805825da76410c181273ba90b1
  ✓ Complete job
* verify / web (ID 111709882887)
  ✓ Set up job
  * Initialize containers
  * Run actions/checkout@3d3c42e5aac5ba805825da76410c181273ba90b1
  * Capture the checked-in corpus audit
  * Run jdx/mise-action@7a4e45a543138629540c9a1616d08632b893e492
  * Run bun install --frozen-lockfile
  * Verify the pinned browser image matches the dependency
  * Run bun run format:check
  * Unit tests and production build
  * Verify the standalone conversion corpus audit
  * Run bun run test:browser
  * Record browser resource usage
  * Retain bounded browser timing metadata
  * Run actions/configure-pages@45bfe0192ca1faeb007ade9deae92b16b8254a0d
  * Verify repository-subpath deployment
  * Upload the verified Pages build
  * Publish failed-attempt diagnostics
  * Stop containers
Refreshing run status every 60 seconds. Press Ctrl+C to quit.

* main GitHub Pages · 37293668474
Triggered via workflow_dispatch about 1 minute ago

JOBS
✓ prepare in 15s (ID 111709774614)
  ✓ Set up job
  ✓ Run actions/checkout@3d3c42e5aac5ba805825da76410c181273ba90b1
  ✓ Run jdx/mise-action@7a4e45a543138629540c9a1616d08632b893e492
  - Reuse the exact verified PR artifact
  - Run actions/configure-pages@45bfe0192ca1faeb007ade9deae92b16b8254a0d
  - Upload the verified Pages build
  - Run actions/deploy-pages@368f82528645a54fb793d4d04e342629a3f51346
  ✓ Post Run actions/checkout@3d3c42e5aac5ba805825da76410c181273ba90b1
  ✓ Complete job
* verify / web (ID 111709882887)
  ✓ Set up job
  ✓ Initialize containers
  ✓ Run actions/checkout@3d3c42e5aac5ba805825da76410c181273ba90b1
  ✓ Capture the checked-in corpus audit
  ✓ Run jdx/mise-action@7a4e45a543138629540c9a1616d08632b893e492
  ✓ Run bun install --frozen-lockfile
  ✓ Verify the pinned browser image matches the dependency
  ✓ Run bun run format:check
  ✓ Unit tests and production build
  ✓ Verify the standalone conversion corpus audit
  * Run bun run test:browser
  * Record browser resource usage
  * Retain bounded browser timing metadata
  * Run actions/configure-pages@45bfe0192ca1faeb007ade9deae92b16b8254a0d
  * Verify repository-subpath deployment
  * Upload the verified Pages build
  * Publish failed-attempt diagnostics
  * Post Run actions/checkout@3d3c42e5aac5ba805825da76410c181273ba90b1
  * Stop containers
Refreshing run status every 60 seconds. Press Ctrl+C to quit.

* main GitHub Pages · 37293668474
Triggered via workflow_dispatch about 2 minutes ago

JOBS
✓ prepare in 15s (ID 111709774614)
  ✓ Set up job
  ✓ Run actions/checkout@3d3c42e5aac5ba805825da76410c181273ba90b1
  ✓ Run jdx/mise-action@7a4e45a543138629540c9a1616d08632b893e492
  - Reuse the exact verified PR artifact
  - Run actions/configure-pages@45bfe0192ca1faeb007ade9deae92b16b8254a0d
  - Upload the verified Pages build
  - Run actions/deploy-pages@368f82528645a54fb793d4d04e342629a3f51346
  ✓ Post Run actions/checkout@3d3c42e5aac5ba805825da76410c181273ba90b1
  ✓ Complete job
* verify / web (ID 111709882887)
  ✓ Set up job
  ✓ Initialize containers
  ✓ Run actions/checkout@3d3c42e5aac5ba805825da76410c181273ba90b1
  ✓ Capture the checked-in corpus audit
  ✓ Run jdx/mise-action@7a4e45a543138629540c9a1616d08632b893e492
  ✓ Run bun install --frozen-lockfile
  ✓ Verify the pinned browser image matches the dependency
  ✓ Run bun run format:check
  ✓ Unit tests and production build
  ✓ Verify the standalone conversion corpus audit
  * Run bun run test:browser
  * Record browser resource usage
  * Retain bounded browser timing metadata
  * Run actions/configure-pages@45bfe0192ca1faeb007ade9deae92b16b8254a0d
  * Verify repository-subpath deployment
  * Upload the verified Pages build
  * Publish failed-attempt diagnostics
  * Post Run actions/checkout@3d3c42e5aac5ba805825da76410c181273ba90b1
  * Stop containers
Refreshing run status every 60 seconds. Press Ctrl+C to quit.

* main GitHub Pages · 37293668474
Triggered via workflow_dispatch about 3 minutes ago

JOBS
✓ prepare in 15s (ID 111709774614)
  ✓ Set up job
  ✓ Run actions/checkout@3d3c42e5aac5ba805825da76410c181273ba90b1
  ✓ Run jdx/mise-action@7a4e45a543138629540c9a1616d08632b893e492
  - Reuse the exact verified PR artifact
  - Run actions/configure-pages@45bfe0192ca1faeb007ade9deae92b16b8254a0d
  - Upload the verified Pages build
  - Run actions/deploy-pages@368f82528645a54fb793d4d04e342629a3f51346
  ✓ Post Run actions/checkout@3d3c42e5aac5ba805825da76410c181273ba90b1
  ✓ Complete job
* verify / web (ID 111709882887)
  ✓ Set up job
  ✓ Initialize containers
  ✓ Run actions/checkout@3d3c42e5aac5ba805825da76410c181273ba90b1
  ✓ Capture the checked-in corpus audit
  ✓ Run jdx/mise-action@7a4e45a543138629540c9a1616d08632b893e492
  ✓ Run bun install --frozen-lockfile
  ✓ Verify the pinned browser image matches the dependency
  ✓ Run bun run format:check
  ✓ Unit tests and production build
  ✓ Verify the standalone conversion corpus audit
  * Run bun run test:browser
  * Record browser resource usage
  * Retain bounded browser timing metadata
  * Run actions/configure-pages@45bfe0192ca1faeb007ade9deae92b16b8254a0d
  * Verify repository-subpath deployment
  * Upload the verified Pages build
  * Publish failed-attempt diagnostics
  * Post Run actions/checkout@3d3c42e5aac5ba805825da76410c181273ba90b1
  * Stop containers
Refreshing run status every 60 seconds. Press Ctrl+C to quit.

* main GitHub Pages · 37293668474
Triggered via workflow_dispatch about 4 minutes ago

JOBS
✓ prepare in 15s (ID 111709774614)
  ✓ Set up job
  ✓ Run actions/checkout@3d3c42e5aac5ba805825da76410c181273ba90b1
  ✓ Run jdx/mise-action@7a4e45a543138629540c9a1616d08632b893e492
  - Reuse the exact verified PR artifact
  - Run actions/configure-pages@45bfe0192ca1faeb007ade9deae92b16b8254a0d
  - Upload the verified Pages build
  - Run actions/deploy-pages@368f82528645a54fb793d4d04e342629a3f51346
  ✓ Post Run actions/checkout@3d3c42e5aac5ba805825da76410c181273ba90b1
  ✓ Complete job
* verify / web (ID 111709882887)
  ✓ Set up job
  ✓ Initialize containers
  ✓ Run actions/checkout@3d3c42e5aac5ba805825da76410c181273ba90b1
  ✓ Capture the checked-in corpus audit
  ✓ Run jdx/mise-action@7a4e45a543138629540c9a1616d08632b893e492
  ✓ Run bun install --frozen-lockfile
  ✓ Verify the pinned browser image matches the dependency
  ✓ Run bun run format:check
  ✓ Unit tests and production build
  ✓ Verify the standalone conversion corpus audit
  * Run bun run test:browser
  * Record browser resource usage
  * Retain bounded browser timing metadata
  * Run actions/configure-pages@45bfe0192ca1faeb007ade9deae92b16b8254a0d
  * Verify repository-subpath deployment
  * Upload the verified Pages build
  * Publish failed-attempt diagnostics
  * Post Run actions/checkout@3d3c42e5aac5ba805825da76410c181273ba90b1
  * Stop containers
Refreshing run status every 60 seconds. Press Ctrl+C to quit.

* main GitHub Pages · 37293668474
Triggered via workflow_dispatch about 5 minutes ago

JOBS
✓ prepare in 15s (ID 111709774614)
  ✓ Set up job
  ✓ Run actions/checkout@3d3c42e5aac5ba805825da76410c181273ba90b1
  ✓ Run jdx/mise-action@7a4e45a543138629540c9a1616d08632b893e492
  - Reuse the exact verified PR artifact
  - Run actions/configure-pages@45bfe0192ca1faeb007ade9deae92b16b8254a0d
  - Upload the verified Pages build
  - Run actions/deploy-pages@368f82528645a54fb793d4d04e342629a3f51346
  ✓ Post Run actions/checkout@3d3c42e5aac5ba805825da76410c181273ba90b1
  ✓ Complete job
* verify / web (ID 111709882887)
  ✓ Set up job
  ✓ Initialize containers
  ✓ Run actions/checkout@3d3c42e5aac5ba805825da76410c181273ba90b1
  ✓ Capture the checked-in corpus audit
  ✓ Run jdx/mise-action@7a4e45a543138629540c9a1616d08632b893e492
  ✓ Run bun install --frozen-lockfile
  ✓ Verify the pinned browser image matches the dependency
  ✓ Run bun run format:check
  ✓ Unit tests and production build
  ✓ Verify the standalone conversion corpus audit
  * Run bun run test:browser
  * Record browser resource usage
  * Retain bounded browser timing metadata
  * Run actions/configure-pages@45bfe0192ca1faeb007ade9deae92b16b8254a0d
  * Verify repository-subpath deployment
  * Upload the verified Pages build
  * Publish failed-attempt diagnostics
  * Post Run actions/checkout@3d3c42e5aac5ba805825da76410c181273ba90b1
  * Stop containers
✓ main GitHub Pages · 37293668474
Triggered via workflow_dispatch about 6 minutes ago

JOBS
✓ prepare in 15s (ID 111709774614)
  ✓ Set up job
  ✓ Run actions/checkout@3d3c42e5aac5ba805825da76410c181273ba90b1
  ✓ Run jdx/mise-action@7a4e45a543138629540c9a1616d08632b893e492
  - Reuse the exact verified PR artifact
  - Run actions/configure-pages@45bfe0192ca1faeb007ade9deae92b16b8254a0d
  - Upload the verified Pages build
  - Run actions/deploy-pages@368f82528645a54fb793d4d04e342629a3f51346
  ✓ Post Run actions/checkout@3d3c42e5aac5ba805825da76410c181273ba90b1
  ✓ Complete job
✓ verify / web in 5m48s (ID 111709882887)
  ✓ Set up job
  ✓ Initialize containers
  ✓ Run actions/checkout@3d3c42e5aac5ba805825da76410c181273ba90b1
  ✓ Capture the checked-in corpus audit
  ✓ Run jdx/mise-action@7a4e45a543138629540c9a1616d08632b893e492
  ✓ Run bun install --frozen-lockfile
  ✓ Verify the pinned browser image matches the dependency
  ✓ Run bun run format:check
  ✓ Unit tests and production build
  ✓ Verify the standalone conversion corpus audit
  ✓ Run bun run test:browser
  ✓ Record browser resource usage
  - Retain bounded browser timing metadata
  ✓ Run actions/configure-pages@45bfe0192ca1faeb007ade9deae92b16b8254a0d
  ✓ Verify repository-subpath deployment
  ✓ Upload the verified Pages build
  - Publish failed-attempt diagnostics
  ✓ Post Run actions/checkout@3d3c42e5aac5ba805825da76410c181273ba90b1
  ✓ Stop containers
  ✓ Complete job
✓ deploy in 12s (ID 111711968806)
  ✓ Set up job
  ✓ Run actions/deploy-pages@368f82528645a54fb793d4d04e342629a3f51346
  ✓ Complete job

ANNOTATIONS
- "The ubuntu-latest label will migrate to Ubuntu 26 beginning October 19, 2026. For more information, see https://github.com/actions/runner-images/issues/14748"
verify / web: .github#1

- "The ubuntu-latest label will migrate to Ubuntu 26 beginning October 19, 2026. For more information, see https://github.com/actions/runner-images/issues/14748"
deploy: .github#1

