docs/qa/ci-data-zones-2026-10-05/candidate-check.log:142: trailing whitespace.
+[plugin builtin:vite-reporter] 
docs/qa/ci-data-zones-2026-10-05/candidate.patch:46: trailing whitespace.
+ 
docs/qa/ci-data-zones-2026-10-05/candidate.patch:53: trailing whitespace.
+ 
docs/qa/ci-data-zones-2026-10-05/newcode/baseline-failure.html:20: trailing whitespace.
+  
docs/qa/ci-data-zones-2026-10-05/newcode/candidate-failure.html:20: trailing whitespace.
+  
docs/qa/ci-data-zones-2026-10-05/newcode/harness-count-failure/baseline-failure.html:20: trailing whitespace.
+  
docs/qa/ci-data-zones-2026-10-05/newcode/harness-count-failure/candidate-failure.html:20: trailing whitespace.
+  
docs/qa/ci-data-zones-2026-10-05/newcode/harness-offset-failure/baseline-failure.html:20: trailing whitespace.
+  
docs/qa/ci-data-zones-2026-10-05/newcode/harness-offset-failure/candidate-failure.html:20: trailing whitespace.
+  
docs/qa/ci-data-zones-2026-10-05/newcode/harness-placeholder-failure/baseline-failure.html:20: trailing whitespace.
+  
docs/qa/ci-data-zones-2026-10-05/newcode/harness-placeholder-failure/candidate-failure.html:20: trailing whitespace.
+  
docs/qa/ci-virtualized-zones-2026-10-05/baseline-build.log:16: trailing whitespace.
+[plugin builtin:vite-reporter] 
docs/qa/ci-virtualized-zones-2026-10-05/candidate-build.log:16: trailing whitespace.
+[plugin builtin:vite-reporter] 
docs/qa/ci-virtualized-zones-2026-10-05/candidate.patch:12: trailing whitespace.
+ 
docs/qa/ci-virtualized-zones-2026-10-05/controls/1-baseline/html/data/883639c62fc11e498982421a0daa7ff6cbc0d48a.md:47: trailing whitespace.
+  338 | 
docs/qa/ci-virtualized-zones-2026-10-05/controls/1-baseline/html/data/883639c62fc11e498982421a0daa7ff6cbc0d48a.md:76: trailing whitespace.
+  367 | 
docs/qa/ci-virtualized-zones-2026-10-05/controls/1-baseline/html/data/883639c62fc11e498982421a0daa7ff6cbc0d48a.md:87: trailing whitespace.
+  378 | 
docs/qa/ci-virtualized-zones-2026-10-05/controls/1-baseline/html/data/883639c62fc11e498982421a0daa7ff6cbc0d48a.md:94: trailing whitespace.
+  385 | 
docs/qa/ci-virtualized-zones-2026-10-05/controls/1-baseline/html/data/883639c62fc11e498982421a0daa7ff6cbc0d48a.md:115: trailing whitespace.
+  406 | 
docs/qa/ci-virtualized-zones-2026-10-05/controls/1-baseline/html/data/883639c62fc11e498982421a0daa7ff6cbc0d48a.md:156: trailing whitespace.
+  446 | 
docs/qa/ci-virtualized-zones-2026-10-05/controls/1-baseline/html/data/883639c62fc11e498982421a0daa7ff6cbc0d48a.md:184: trailing whitespace.
+  474 | 
docs/qa/ci-virtualized-zones-2026-10-05/controls/1-baseline/results/controls-hovering-timezone-df152-cit-selections-still-commit-firefox/error-context.md:47: trailing whitespace.
+  338 | 
docs/qa/ci-virtualized-zones-2026-10-05/controls/1-baseline/results/controls-hovering-timezone-df152-cit-selections-still-commit-firefox/error-context.md:76: trailing whitespace.
+  367 | 
docs/qa/ci-virtualized-zones-2026-10-05/controls/1-baseline/results/controls-hovering-timezone-df152-cit-selections-still-commit-firefox/error-context.md:87: trailing whitespace.
+  378 | 
docs/qa/ci-virtualized-zones-2026-10-05/controls/1-baseline/results/controls-hovering-timezone-df152-cit-selections-still-commit-firefox/error-context.md:94: trailing whitespace.
+  385 | 
docs/qa/ci-virtualized-zones-2026-10-05/controls/1-baseline/results/controls-hovering-timezone-df152-cit-selections-still-commit-firefox/error-context.md:115: trailing whitespace.
+  406 | 
docs/qa/ci-virtualized-zones-2026-10-05/controls/1-baseline/results/controls-hovering-timezone-df152-cit-selections-still-commit-firefox/error-context.md:156: trailing whitespace.
+  446 | 
docs/qa/ci-virtualized-zones-2026-10-05/controls/1-baseline/results/controls-hovering-timezone-df152-cit-selections-still-commit-firefox/error-context.md:184: trailing whitespace.
+  474 | 
docs/qa/ci-virtualized-zones-2026-10-05/controls/1-baseline/run.log:23: trailing whitespace.
+  1) [firefox] › e2e/controls.spec.ts:407:0 › hovering timezone suggestions preserves typed values while explicit selections still commit 
docs/qa/ci-virtualized-zones-2026-10-05/controls/1-baseline/run.log:55: trailing whitespace.
+    [firefox] › e2e/controls.spec.ts:407:0 › hovering timezone suggestions preserves typed values while explicit selections still commit 
docs/qa/ci-virtualized-zones-2026-10-05/controls/2-candidate/html/data/4e9b8473a9bbe5b11d404d6e0e6a7425bd11150f.md:117: trailing whitespace.
+  338 | 
docs/qa/ci-virtualized-zones-2026-10-05/controls/2-candidate/html/data/4e9b8473a9bbe5b11d404d6e0e6a7425bd11150f.md:146: trailing whitespace.
+  367 | 
docs/qa/ci-virtualized-zones-2026-10-05/controls/2-candidate/html/data/4e9b8473a9bbe5b11d404d6e0e6a7425bd11150f.md:157: trailing whitespace.
+  378 | 
docs/qa/ci-virtualized-zones-2026-10-05/controls/2-candidate/html/data/4e9b8473a9bbe5b11d404d6e0e6a7425bd11150f.md:164: trailing whitespace.
+  385 | 
docs/qa/ci-virtualized-zones-2026-10-05/controls/2-candidate/html/data/4e9b8473a9bbe5b11d404d6e0e6a7425bd11150f.md:185: trailing whitespace.
+  406 | 
docs/qa/ci-virtualized-zones-2026-10-05/controls/2-candidate/html/data/4e9b8473a9bbe5b11d404d6e0e6a7425bd11150f.md:226: trailing whitespace.
+  446 | 
docs/qa/ci-virtualized-zones-2026-10-05/controls/2-candidate/html/data/4e9b8473a9bbe5b11d404d6e0e6a7425bd11150f.md:254: trailing whitespace.
+  474 | 
docs/qa/ci-virtualized-zones-2026-10-05/controls/2-candidate/results/controls-hovering-timezone-df152-cit-selections-still-commit-firefox/error-context.md:117: trailing whitespace.
+  338 | 
docs/qa/ci-virtualized-zones-2026-10-05/controls/2-candidate/results/controls-hovering-timezone-df152-cit-selections-still-commit-firefox/error-context.md:146: trailing whitespace.
+  367 | 
docs/qa/ci-virtualized-zones-2026-10-05/controls/2-candidate/results/controls-hovering-timezone-df152-cit-selections-still-commit-firefox/error-context.md:157: trailing whitespace.
+  378 | 
docs/qa/ci-virtualized-zones-2026-10-05/controls/2-candidate/results/controls-hovering-timezone-df152-cit-selections-still-commit-firefox/error-context.md:164: trailing whitespace.
+  385 | 
docs/qa/ci-virtualized-zones-2026-10-05/controls/2-candidate/results/controls-hovering-timezone-df152-cit-selections-still-commit-firefox/error-context.md:185: trailing whitespace.
+  406 | 
docs/qa/ci-virtualized-zones-2026-10-05/controls/2-candidate/results/controls-hovering-timezone-df152-cit-selections-still-commit-firefox/error-context.md:226: trailing whitespace.
+  446 | 
docs/qa/ci-virtualized-zones-2026-10-05/controls/2-candidate/results/controls-hovering-timezone-df152-cit-selections-still-commit-firefox/error-context.md:254: trailing whitespace.
+  474 | 
docs/qa/ci-virtualized-zones-2026-10-05/controls/2-candidate/run.log:23: trailing whitespace.
+  1) [firefox] › e2e/controls.spec.ts:407:0 › hovering timezone suggestions preserves typed values while explicit selections still commit 
docs/qa/ci-virtualized-zones-2026-10-05/controls/2-candidate/run.log:48: trailing whitespace.
+    [firefox] › e2e/controls.spec.ts:407:0 › hovering timezone suggestions preserves typed values while explicit selections still commit 
docs/qa/ci-virtualized-zones-2026-10-05/controls/3-baseline/html/data/5fc768a94e31dbf8f8d71149f52d0cd4de62b831.md:141: trailing whitespace.
+  367 | 
docs/qa/ci-virtualized-zones-2026-10-05/controls/3-baseline/html/data/5fc768a94e31dbf8f8d71149f52d0cd4de62b831.md:152: trailing whitespace.
+  378 | 
docs/qa/ci-virtualized-zones-2026-10-05/controls/3-baseline/html/data/5fc768a94e31dbf8f8d71149f52d0cd4de62b831.md:159: trailing whitespace.
+  385 | 
docs/qa/ci-virtualized-zones-2026-10-05/controls/3-baseline/html/data/5fc768a94e31dbf8f8d71149f52d0cd4de62b831.md:180: trailing whitespace.
+  406 | 
docs/qa/ci-virtualized-zones-2026-10-05/controls/3-baseline/html/data/5fc768a94e31dbf8f8d71149f52d0cd4de62b831.md:226: trailing whitespace.
+  451 | 
docs/qa/ci-virtualized-zones-2026-10-05/controls/3-baseline/html/data/5fc768a94e31dbf8f8d71149f52d0cd4de62b831.md:254: trailing whitespace.
+  479 | 
docs/qa/ci-virtualized-zones-2026-10-05/controls/3-baseline/html/data/8dd64fbf803e515cbb108c528a6c058367196e55.md:141: trailing whitespace.
+  367 | 
docs/qa/ci-virtualized-zones-2026-10-05/controls/3-baseline/html/data/8dd64fbf803e515cbb108c528a6c058367196e55.md:152: trailing whitespace.
+  378 | 
docs/qa/ci-virtualized-zones-2026-10-05/controls/3-baseline/html/data/8dd64fbf803e515cbb108c528a6c058367196e55.md:159: trailing whitespace.
+  385 | 
docs/qa/ci-virtualized-zones-2026-10-05/controls/3-baseline/html/data/8dd64fbf803e515cbb108c528a6c058367196e55.md:180: trailing whitespace.
+  406 | 
docs/qa/ci-virtualized-zones-2026-10-05/controls/3-baseline/html/data/8dd64fbf803e515cbb108c528a6c058367196e55.md:226: trailing whitespace.
+  451 | 
docs/qa/ci-virtualized-zones-2026-10-05/controls/3-baseline/html/data/8dd64fbf803e515cbb108c528a6c058367196e55.md:254: trailing whitespace.
+  479 | 
docs/qa/ci-virtualized-zones-2026-10-05/controls/3-baseline/results/controls-hovering-timezone-df152-cit-selections-still-commit-android-emulation/error-context.md:141: trailing whitespace.
+  367 | 
docs/qa/ci-virtualized-zones-2026-10-05/controls/3-baseline/results/controls-hovering-timezone-df152-cit-selections-still-commit-android-emulation/error-context.md:152: trailing whitespace.
+  378 | 
docs/qa/ci-virtualized-zones-2026-10-05/controls/3-baseline/results/controls-hovering-timezone-df152-cit-selections-still-commit-android-emulation/error-context.md:159: trailing whitespace.
+  385 | 
docs/qa/ci-virtualized-zones-2026-10-05/controls/3-baseline/results/controls-hovering-timezone-df152-cit-selections-still-commit-android-emulation/error-context.md:180: trailing whitespace.
+  406 | 
docs/qa/ci-virtualized-zones-2026-10-05/controls/3-baseline/results/controls-hovering-timezone-df152-cit-selections-still-commit-android-emulation/error-context.md:226: trailing whitespace.
+  451 | 
docs/qa/ci-virtualized-zones-2026-10-05/controls/3-baseline/results/controls-hovering-timezone-df152-cit-selections-still-commit-android-emulation/error-context.md:254: trailing whitespace.
+  479 | 
docs/qa/ci-virtualized-zones-2026-10-05/controls/3-baseline/results/controls-hovering-timezone-df152-cit-selections-still-commit-chromium/error-context.md:141: trailing whitespace.
+  367 | 
docs/qa/ci-virtualized-zones-2026-10-05/controls/3-baseline/results/controls-hovering-timezone-df152-cit-selections-still-commit-chromium/error-context.md:152: trailing whitespace.
+  378 | 
docs/qa/ci-virtualized-zones-2026-10-05/controls/3-baseline/results/controls-hovering-timezone-df152-cit-selections-still-commit-chromium/error-context.md:159: trailing whitespace.
+  385 | 
docs/qa/ci-virtualized-zones-2026-10-05/controls/3-baseline/results/controls-hovering-timezone-df152-cit-selections-still-commit-chromium/error-context.md:180: trailing whitespace.
+  406 | 
docs/qa/ci-virtualized-zones-2026-10-05/controls/3-baseline/results/controls-hovering-timezone-df152-cit-selections-still-commit-chromium/error-context.md:226: trailing whitespace.
+  451 | 
docs/qa/ci-virtualized-zones-2026-10-05/controls/3-baseline/results/controls-hovering-timezone-df152-cit-selections-still-commit-chromium/error-context.md:254: trailing whitespace.
+  479 | 
docs/qa/ci-virtualized-zones-2026-10-05/controls/3-baseline/run.log:8: trailing whitespace.
+  1) [chromium] › e2e/controls.spec.ts:407:0 › hovering timezone suggestions preserves typed values while explicit selections still commit 
docs/qa/ci-virtualized-zones-2026-10-05/controls/3-baseline/run.log:32: trailing whitespace.
+  2) [android-emulation] › e2e/controls.spec.ts:407:0 › hovering timezone suggestions preserves typed values while explicit selections still commit 
docs/qa/ci-virtualized-zones-2026-10-05/controls/3-baseline/run.log:57: trailing whitespace.
+    [chromium] › e2e/controls.spec.ts:407:0 › hovering timezone suggestions preserves typed values while explicit selections still commit 
docs/qa/ci-virtualized-zones-2026-10-05/controls/3-baseline/run.log:58: trailing whitespace.
+    [android-emulation] › e2e/controls.spec.ts:407:0 › hovering timezone suggestions preserves typed values while explicit selections still commit 
