Refreshing run status every 60 seconds. Press Ctrl+C to quit.

* dependabot/github_actions/actions-maintenance-69fc19fed9 Web Tien-Lam/ChronoShift#40 · 37288000068
Triggered via pull_request less than a minute ago

JOBS
* web (ID 111691417008)
  ✓ Set up job
  ✓ Initialize containers
  * Run actions/checkout@3d3c42e5aac5ba805825da76410c181273ba90b1
  * Capture the checked-in corpus audit
  * Run jdx/mise-action@7a4e45a543138629540c9a1616d08632b893e492
  * Run bun install --frozen-lockfile
  * Verify the pinned browser image matches the dependency
  * Run bun run format:check
  * Unit tests and production build
  * Verify the standalone conversion corpus audit
  * Run bun run test:browser
  * Record browser resource usage
  * Retain bounded browser timing metadata
  * Run actions/configure-pages@45bfe0192ca1faeb007ade9deae92b16b8254a0d
  * Verify repository-subpath deployment
  * Upload the verified Pages build
  * Publish failed-attempt diagnostics
  * Post Run actions/checkout@3d3c42e5aac5ba805825da76410c181273ba90b1
  * Stop containers
Refreshing run status every 60 seconds. Press Ctrl+C to quit.

* dependabot/github_actions/actions-maintenance-69fc19fed9 Web Tien-Lam/ChronoShift#40 · 37288000068
Triggered via pull_request about 1 minute ago

JOBS
* web (ID 111691417008)
  ✓ Set up job
  ✓ Initialize containers
  ✓ Run actions/checkout@3d3c42e5aac5ba805825da76410c181273ba90b1
  ✓ Capture the checked-in corpus audit
  ✓ Run jdx/mise-action@7a4e45a543138629540c9a1616d08632b893e492
  ✓ Run bun install --frozen-lockfile
  ✓ Verify the pinned browser image matches the dependency
  ✓ Run bun run format:check
  ✓ Unit tests and production build
  ✓ Verify the standalone conversion corpus audit
  * Run bun run test:browser
  * Record browser resource usage
  * Retain bounded browser timing metadata
  * Run actions/configure-pages@45bfe0192ca1faeb007ade9deae92b16b8254a0d
  * Verify repository-subpath deployment
  * Upload the verified Pages build
  * Publish failed-attempt diagnostics
  * Post Run actions/checkout@3d3c42e5aac5ba805825da76410c181273ba90b1
  * Stop containers
Refreshing run status every 60 seconds. Press Ctrl+C to quit.

* dependabot/github_actions/actions-maintenance-69fc19fed9 Web Tien-Lam/ChronoShift#40 · 37288000068
Triggered via pull_request about 2 minutes ago

JOBS
* web (ID 111691417008)
  ✓ Set up job
  ✓ Initialize containers
  ✓ Run actions/checkout@3d3c42e5aac5ba805825da76410c181273ba90b1
  ✓ Capture the checked-in corpus audit
  ✓ Run jdx/mise-action@7a4e45a543138629540c9a1616d08632b893e492
  ✓ Run bun install --frozen-lockfile
  ✓ Verify the pinned browser image matches the dependency
  ✓ Run bun run format:check
  ✓ Unit tests and production build
  ✓ Verify the standalone conversion corpus audit
  * Run bun run test:browser
  * Record browser resource usage
  * Retain bounded browser timing metadata
  * Run actions/configure-pages@45bfe0192ca1faeb007ade9deae92b16b8254a0d
  * Verify repository-subpath deployment
  * Upload the verified Pages build
  * Publish failed-attempt diagnostics
  * Post Run actions/checkout@3d3c42e5aac5ba805825da76410c181273ba90b1
  * Stop containers
Refreshing run status every 60 seconds. Press Ctrl+C to quit.

* dependabot/github_actions/actions-maintenance-69fc19fed9 Web Tien-Lam/ChronoShift#40 · 37288000068
Triggered via pull_request about 3 minutes ago

JOBS
* web (ID 111691417008)
  ✓ Set up job
  ✓ Initialize containers
  ✓ Run actions/checkout@3d3c42e5aac5ba805825da76410c181273ba90b1
  ✓ Capture the checked-in corpus audit
  ✓ Run jdx/mise-action@7a4e45a543138629540c9a1616d08632b893e492
  ✓ Run bun install --frozen-lockfile
  ✓ Verify the pinned browser image matches the dependency
  ✓ Run bun run format:check
  ✓ Unit tests and production build
  ✓ Verify the standalone conversion corpus audit
  * Run bun run test:browser
  * Record browser resource usage
  * Retain bounded browser timing metadata
  * Run actions/configure-pages@45bfe0192ca1faeb007ade9deae92b16b8254a0d
  * Verify repository-subpath deployment
  * Upload the verified Pages build
  * Publish failed-attempt diagnostics
  * Post Run actions/checkout@3d3c42e5aac5ba805825da76410c181273ba90b1
  * Stop containers
Refreshing run status every 60 seconds. Press Ctrl+C to quit.

* dependabot/github_actions/actions-maintenance-69fc19fed9 Web Tien-Lam/ChronoShift#40 · 37288000068
Triggered via pull_request about 4 minutes ago

JOBS
* web (ID 111691417008)
  ✓ Set up job
  ✓ Initialize containers
  ✓ Run actions/checkout@3d3c42e5aac5ba805825da76410c181273ba90b1
  ✓ Capture the checked-in corpus audit
  ✓ Run jdx/mise-action@7a4e45a543138629540c9a1616d08632b893e492
  ✓ Run bun install --frozen-lockfile
  ✓ Verify the pinned browser image matches the dependency
  ✓ Run bun run format:check
  ✓ Unit tests and production build
  ✓ Verify the standalone conversion corpus audit
  * Run bun run test:browser
  * Record browser resource usage
  * Retain bounded browser timing metadata
  * Run actions/configure-pages@45bfe0192ca1faeb007ade9deae92b16b8254a0d
  * Verify repository-subpath deployment
  * Upload the verified Pages build
  * Publish failed-attempt diagnostics
  * Post Run actions/checkout@3d3c42e5aac5ba805825da76410c181273ba90b1
  * Stop containers
Refreshing run status every 60 seconds. Press Ctrl+C to quit.

* dependabot/github_actions/actions-maintenance-69fc19fed9 Web Tien-Lam/ChronoShift#40 · 37288000068
Triggered via pull_request about 5 minutes ago

JOBS
* web (ID 111691417008)
  ✓ Set up job
  ✓ Initialize containers
  ✓ Run actions/checkout@3d3c42e5aac5ba805825da76410c181273ba90b1
  ✓ Capture the checked-in corpus audit
  ✓ Run jdx/mise-action@7a4e45a543138629540c9a1616d08632b893e492
  ✓ Run bun install --frozen-lockfile
  ✓ Verify the pinned browser image matches the dependency
  ✓ Run bun run format:check
  ✓ Unit tests and production build
  ✓ Verify the standalone conversion corpus audit
  * Run bun run test:browser
  * Record browser resource usage
  * Retain bounded browser timing metadata
  * Run actions/configure-pages@45bfe0192ca1faeb007ade9deae92b16b8254a0d
  * Verify repository-subpath deployment
  * Upload the verified Pages build
  * Publish failed-attempt diagnostics
  * Post Run actions/checkout@3d3c42e5aac5ba805825da76410c181273ba90b1
  * Stop containers
Refreshing run status every 60 seconds. Press Ctrl+C to quit.

* dependabot/github_actions/actions-maintenance-69fc19fed9 Web Tien-Lam/ChronoShift#40 · 37288000068
Triggered via pull_request about 6 minutes ago

JOBS
* web (ID 111691417008)
  ✓ Set up job
  ✓ Initialize containers
  ✓ Run actions/checkout@3d3c42e5aac5ba805825da76410c181273ba90b1
  ✓ Capture the checked-in corpus audit
  ✓ Run jdx/mise-action@7a4e45a543138629540c9a1616d08632b893e492
  ✓ Run bun install --frozen-lockfile
  ✓ Verify the pinned browser image matches the dependency
  ✓ Run bun run format:check
  ✓ Unit tests and production build
  ✓ Verify the standalone conversion corpus audit
  * Run bun run test:browser
  * Record browser resource usage
  * Retain bounded browser timing metadata
  * Run actions/configure-pages@45bfe0192ca1faeb007ade9deae92b16b8254a0d
  * Verify repository-subpath deployment
  * Upload the verified Pages build
  * Publish failed-attempt diagnostics
  * Post Run actions/checkout@3d3c42e5aac5ba805825da76410c181273ba90b1
  * Stop containers
✓ dependabot/github_actions/actions-maintenance-69fc19fed9 Web Tien-Lam/ChronoShift#40 · 37288000068
Triggered via pull_request about 7 minutes ago

JOBS
✓ web in 6m57s (ID 111691417008)
  ✓ Set up job
  ✓ Initialize containers
  ✓ Run actions/checkout@3d3c42e5aac5ba805825da76410c181273ba90b1
  ✓ Capture the checked-in corpus audit
  ✓ Run jdx/mise-action@7a4e45a543138629540c9a1616d08632b893e492
  ✓ Run bun install --frozen-lockfile
  ✓ Verify the pinned browser image matches the dependency
  ✓ Run bun run format:check
  ✓ Unit tests and production build
  ✓ Verify the standalone conversion corpus audit
  ✓ Run bun run test:browser
  ✓ Record browser resource usage
  ✓ Retain bounded browser timing metadata
  - Run actions/configure-pages@45bfe0192ca1faeb007ade9deae92b16b8254a0d
  ✓ Verify repository-subpath deployment
  ✓ Upload the verified Pages build
  ✓ Publish failed-attempt diagnostics
  ✓ Post Run actions/checkout@3d3c42e5aac5ba805825da76410c181273ba90b1
  ✓ Stop containers
  ✓ Complete job

ANNOTATIONS
- "The ubuntu-latest label will migrate to Ubuntu 26 beginning October 19, 2026. For more information, see https://github.com/actions/runner-images/issues/14748"
web: .github#1

