
Running 15 tests using 3 workers

(node:97696) Warning: The 'NO_COLOR' env is ignored due to the 'FORCE_COLOR' env being set.
(Use `bun --trace-warnings ...` to show where the warning was created)
(node:97697) Warning: The 'NO_COLOR' env is ignored due to the 'FORCE_COLOR' env being set.
(Use `bun --trace-warnings ...` to show where the warning was created)
(node:97698) Warning: The 'NO_COLOR' env is ignored due to the 'FORCE_COLOR' env being set.
(Use `bun --trace-warnings ...` to show where the warning was created)
  ✓   2 [chromium] › e2e/responsive.spec.ts:83:0 › touch-sized controls and keyboard navigation remain usable in a short viewport (429ms)
(node:97719) Warning: The 'NO_COLOR' env is ignored due to the 'FORCE_COLOR' env being set.
(Use `bun --trace-warnings ...` to show where the warning was created)
  ✓   3 [chromium] › e2e/controls.spec.ts:3:0 › native choices share alignment in both themes and retain editing and keyboard behavior (864ms)
  ✓   1 [chromium] › e2e/responsive.spec.ts:3:0 › reflows across cover screens, phones, tablets and desktops without losing work (1.0s)
(node:97722) Warning: The 'NO_COLOR' env is ignored due to the 'FORCE_COLOR' env being set.
(Use `bun --trace-warnings ...` to show where the warning was created)
(node:97724) Warning: The 'NO_COLOR' env is ignored due to the 'FORCE_COLOR' env being set.
(Use `bun --trace-warnings ...` to show where the warning was created)
  ✓   4 [firefox] › e2e/controls.spec.ts:3:0 › native choices share alignment in both themes and retain editing and keyboard behavior (1.3s)
(node:97747) Warning: The 'NO_COLOR' env is ignored due to the 'FORCE_COLOR' env being set.
(Use `bun --trace-warnings ...` to show where the warning was created)
  ✓   6 [firefox] › e2e/responsive.spec.ts:83:0 › touch-sized controls and keyboard navigation remain usable in a short viewport (887ms)
(node:97760) Warning: The 'NO_COLOR' env is ignored due to the 'FORCE_COLOR' env being set.
(Use `bun --trace-warnings ...` to show where the warning was created)
  ✓   5 [firefox] › e2e/responsive.spec.ts:3:0 › reflows across cover screens, phones, tablets and desktops without losing work (1.7s)
(node:97774) Warning: The 'NO_COLOR' env is ignored due to the 'FORCE_COLOR' env being set.
(Use `bun --trace-warnings ...` to show where the warning was created)
  ✓   7 [webkit] › e2e/controls.spec.ts:3:0 › native choices share alignment in both themes and retain editing and keyboard behavior (966ms)
(node:97788) Warning: The 'NO_COLOR' env is ignored due to the 'FORCE_COLOR' env being set.
(Use `bun --trace-warnings ...` to show where the warning was created)
  ✓   9 [webkit] › e2e/responsive.spec.ts:83:0 › touch-sized controls and keyboard navigation remain usable in a short viewport (591ms)
(node:97794) Warning: The 'NO_COLOR' env is ignored due to the 'FORCE_COLOR' env being set.
(Use `bun --trace-warnings ...` to show where the warning was created)
  ✓   8 [webkit] › e2e/responsive.spec.ts:3:0 › reflows across cover screens, phones, tablets and desktops without losing work (1.4s)
(node:97799) Warning: The 'NO_COLOR' env is ignored due to the 'FORCE_COLOR' env being set.
(Use `bun --trace-warnings ...` to show where the warning was created)
  ✓  10 [android-emulation] › e2e/controls.spec.ts:3:0 › native choices share alignment in both themes and retain editing and keyboard behavior (903ms)
(node:97811) Warning: The 'NO_COLOR' env is ignored due to the 'FORCE_COLOR' env being set.
(Use `bun --trace-warnings ...` to show where the warning was created)
  ✓  12 [android-emulation] › e2e/responsive.spec.ts:83:0 › touch-sized controls and keyboard navigation remain usable in a short viewport (381ms)
(node:97823) Warning: The 'NO_COLOR' env is ignored due to the 'FORCE_COLOR' env being set.
(Use `bun --trace-warnings ...` to show where the warning was created)
  ✓  11 [android-emulation] › e2e/responsive.spec.ts:3:0 › reflows across cover screens, phones, tablets and desktops without losing work (1.0s)
(node:97841) Warning: The 'NO_COLOR' env is ignored due to the 'FORCE_COLOR' env being set.
(Use `bun --trace-warnings ...` to show where the warning was created)
  ✓  13 [iphone-emulation] › e2e/controls.spec.ts:3:0 › native choices share alignment in both themes and retain editing and keyboard behavior (1.1s)
  ✓  15 [iphone-emulation] › e2e/responsive.spec.ts:83:0 › touch-sized controls and keyboard navigation remain usable in a short viewport (571ms)
  ✓  14 [iphone-emulation] › e2e/responsive.spec.ts:3:0 › reflows across cover screens, phones, tablets and desktops without losing work (1.4s)

  15 passed (7.3s)
