
Running 15 tests using 3 workers

(node:95060) Warning: The 'NO_COLOR' env is ignored due to the 'FORCE_COLOR' env being set.
(Use `bun --trace-warnings ...` to show where the warning was created)
(node:95061) Warning: The 'NO_COLOR' env is ignored due to the 'FORCE_COLOR' env being set.
(Use `bun --trace-warnings ...` to show where the warning was created)
(node:95059) Warning: The 'NO_COLOR' env is ignored due to the 'FORCE_COLOR' env being set.
(Use `bun --trace-warnings ...` to show where the warning was created)
  ✓   1 [chromium] › e2e/responsive.spec.ts:83:0 › touch-sized controls and keyboard navigation remain usable in a short viewport (393ms)
(node:95074) Warning: The 'NO_COLOR' env is ignored due to the 'FORCE_COLOR' env being set.
(Use `bun --trace-warnings ...` to show where the warning was created)
  ✓   3 [chromium] › e2e/controls.spec.ts:3:0 › native choices share alignment in both themes and retain editing and keyboard behavior (599ms)
(node:95078) Warning: The 'NO_COLOR' env is ignored due to the 'FORCE_COLOR' env being set.
(Use `bun --trace-warnings ...` to show where the warning was created)
  ✓   2 [chromium] › e2e/responsive.spec.ts:3:0 › reflows across cover screens, phones, tablets and desktops without losing work (1.0s)
(node:95090) Warning: The 'NO_COLOR' env is ignored due to the 'FORCE_COLOR' env being set.
(Use `bun --trace-warnings ...` to show where the warning was created)
  ✓   4 [firefox] › e2e/controls.spec.ts:3:0 › native choices share alignment in both themes and retain editing and keyboard behavior (1.3s)
  ✓   6 [firefox] › e2e/responsive.spec.ts:83:0 › touch-sized controls and keyboard navigation remain usable in a short viewport (904ms)
(node:95112) Warning: The 'NO_COLOR' env is ignored due to the 'FORCE_COLOR' env being set.
(Use `bun --trace-warnings ...` to show where the warning was created)
(node:95121) Warning: The 'NO_COLOR' env is ignored due to the 'FORCE_COLOR' env being set.
(Use `bun --trace-warnings ...` to show where the warning was created)
  ✓   5 [firefox] › e2e/responsive.spec.ts:3:0 › reflows across cover screens, phones, tablets and desktops without losing work (1.6s)
(node:95138) Warning: The 'NO_COLOR' env is ignored due to the 'FORCE_COLOR' env being set.
(Use `bun --trace-warnings ...` to show where the warning was created)
  ✓   9 [webkit] › e2e/responsive.spec.ts:83:0 › touch-sized controls and keyboard navigation remain usable in a short viewport (580ms)
  ✓   7 [webkit] › e2e/controls.spec.ts:3:0 › native choices share alignment in both themes and retain editing and keyboard behavior (1.3s)
(node:95156) Warning: The 'NO_COLOR' env is ignored due to the 'FORCE_COLOR' env being set.
(Use `bun --trace-warnings ...` to show where the warning was created)
(node:95157) Warning: The 'NO_COLOR' env is ignored due to the 'FORCE_COLOR' env being set.
(Use `bun --trace-warnings ...` to show where the warning was created)
  ✓   8 [webkit] › e2e/responsive.spec.ts:3:0 › reflows across cover screens, phones, tablets and desktops without losing work (1.4s)
(node:95166) Warning: The 'NO_COLOR' env is ignored due to the 'FORCE_COLOR' env being set.
(Use `bun --trace-warnings ...` to show where the warning was created)
  ✓  10 [android-emulation] › e2e/controls.spec.ts:3:0 › native choices share alignment in both themes and retain editing and keyboard behavior (668ms)
  ✓  12 [android-emulation] › e2e/responsive.spec.ts:83:0 › touch-sized controls and keyboard navigation remain usable in a short viewport (381ms)
(node:95171) Warning: The 'NO_COLOR' env is ignored due to the 'FORCE_COLOR' env being set.
(Use `bun --trace-warnings ...` to show where the warning was created)
(node:95172) Warning: The 'NO_COLOR' env is ignored due to the 'FORCE_COLOR' env being set.
(Use `bun --trace-warnings ...` to show where the warning was created)
  ✓  11 [android-emulation] › e2e/responsive.spec.ts:3:0 › reflows across cover screens, phones, tablets and desktops without losing work (1.1s)
(node:95197) Warning: The 'NO_COLOR' env is ignored due to the 'FORCE_COLOR' env being set.
(Use `bun --trace-warnings ...` to show where the warning was created)
  ✓  13 [iphone-emulation] › e2e/controls.spec.ts:3:0 › native choices share alignment in both themes and retain editing and keyboard behavior (1.0s)
  ✓  15 [iphone-emulation] › e2e/responsive.spec.ts:83:0 › touch-sized controls and keyboard navigation remain usable in a short viewport (581ms)
  ✓  14 [iphone-emulation] › e2e/responsive.spec.ts:3:0 › reflows across cover screens, phones, tablets and desktops without losing work (1.4s)

  15 passed (7.2s)
