{
  "startedAt": "2026-10-05T12:25:08.238Z",
  "endedAt": "2026-10-05T12:25:11.500Z",
  "failures": [],
  "cases": [
    {
      "mode": "chromium-initial-narrow",
      "version": "baseline",
      "result": "passed"
    },
    {
      "mode": "chromium-initial-narrow",
      "version": "candidate",
      "result": "passed"
    },
    {
      "mode": "chromium-resized",
      "version": "baseline",
      "result": "passed"
    },
    {
      "mode": "chromium-resized",
      "version": "candidate",
      "result": "passed"
    },
    {
      "mode": "iphone-native-tap",
      "version": "baseline",
      "result": "passed"
    },
    {
      "mode": "iphone-native-tap",
      "version": "candidate",
      "result": "passed"
    }
  ]
}
