{
  "startedAt": "2026-10-05T12:21:57.559Z",
  "endedAt": "2026-10-05T12:23:28.877Z",
  "cases": [
    {
      "profile": "chromium-desktop",
      "version": "baseline",
      "field": "target-zone",
      "result": "passed"
    },
    {
      "profile": "chromium-desktop",
      "version": "baseline",
      "field": "source-zone",
      "result": "failed",
      "failure": "Error: expect(received).toBe(expected) // Object.is equality\n\nExpected: true\nReceived: false\n\nCall Log:\n- Timeout 5000ms exceeded while waiting on the predicate"
    },
    {
      "profile": "chromium-desktop",
      "version": "candidate",
      "field": "target-zone",
      "result": "passed"
    },
    {
      "profile": "chromium-desktop",
      "version": "candidate",
      "field": "source-zone",
      "result": "failed",
      "failure": "Error: expect(received).toBe(expected) // Object.is equality\n\nExpected: true\nReceived: false\n\nCall Log:\n- Timeout 5000ms exceeded while waiting on the predicate"
    },
    {
      "profile": "firefox-desktop",
      "version": "baseline",
      "field": "target-zone",
      "result": "passed"
    },
    {
      "profile": "firefox-desktop",
      "version": "baseline",
      "field": "source-zone",
      "result": "passed"
    },
    {
      "profile": "firefox-desktop",
      "version": "candidate",
      "field": "target-zone",
      "result": "passed"
    },
    {
      "profile": "firefox-desktop",
      "version": "candidate",
      "field": "source-zone",
      "result": "passed"
    },
    {
      "profile": "webkit-desktop",
      "version": "baseline",
      "field": "target-zone",
      "result": "passed"
    },
    {
      "profile": "webkit-desktop",
      "version": "baseline",
      "field": "source-zone",
      "result": "failed",
      "failure": "Error: expect(received).toBe(expected) // Object.is equality\n\nExpected: true\nReceived: false\n\nCall Log:\n- Timeout 5000ms exceeded while waiting on the predicate"
    },
    {
      "profile": "webkit-desktop",
      "version": "candidate",
      "field": "target-zone",
      "result": "passed"
    },
    {
      "profile": "webkit-desktop",
      "version": "candidate",
      "field": "source-zone",
      "result": "failed",
      "failure": "Error: expect(received).toBe(expected) // Object.is equality\n\nExpected: true\nReceived: false\n\nCall Log:\n- Timeout 5000ms exceeded while waiting on the predicate"
    },
    {
      "profile": "android-native-raster",
      "version": "baseline",
      "field": "target-zone",
      "result": "passed"
    },
    {
      "profile": "android-native-raster",
      "version": "baseline",
      "field": "source-zone",
      "result": "failed",
      "failure": "Error: expect(received).toBe(expected) // Object.is equality\n\nExpected: true\nReceived: false\n\nCall Log:\n- Timeout 5000ms exceeded while waiting on the predicate"
    },
    {
      "profile": "android-native-raster",
      "version": "candidate",
      "field": "target-zone",
      "result": "passed"
    },
    {
      "profile": "android-native-raster",
      "version": "candidate",
      "field": "source-zone",
      "result": "failed",
      "failure": "Error: expect(received).toBe(expected) // Object.is equality\n\nExpected: true\nReceived: false"
    },
    {
      "profile": "iphone-native-raster",
      "version": "baseline",
      "field": "target-zone",
      "result": "failed",
      "failure": "Error: expect(received).toBe(expected) // Object.is equality\n\nExpected: true\nReceived: false\n\nCall Log:\n- Timeout 5000ms exceeded while waiting on the predicate"
    },
    {
      "profile": "iphone-native-raster",
      "version": "baseline",
      "field": "source-zone",
      "result": "failed",
      "failure": "Error: expect(received).toBe(expected) // Object.is equality\n\nExpected: true\nReceived: false\n\nCall Log:\n- Timeout 5000ms exceeded while waiting on the predicate"
    },
    {
      "profile": "iphone-native-raster",
      "version": "candidate",
      "field": "target-zone",
      "result": "failed",
      "failure": "Error: expect(received).toBe(expected) // Object.is equality\n\nExpected: true\nReceived: false\n\nCall Log:\n- Timeout 5000ms exceeded while waiting on the predicate"
    },
    {
      "profile": "iphone-native-raster",
      "version": "candidate",
      "field": "source-zone",
      "result": "failed",
      "failure": "Error: expect(received).toBe(expected) // Object.is equality\n\nExpected: true\nReceived: false"
    },
    {
      "profile": "chromium-short",
      "version": "baseline",
      "field": "target-zone",
      "result": "failed",
      "failure": "Error: expect(received).toBe(expected) // Object.is equality\n\nExpected: true\nReceived: false\n\nCall Log:\n- Timeout 5000ms exceeded while waiting on the predicate"
    },
    {
      "profile": "chromium-short",
      "version": "baseline",
      "field": "source-zone",
      "result": "failed",
      "failure": "Error: expect(received).toBe(expected) // Object.is equality\n\nExpected: true\nReceived: false\n\nCall Log:\n- Timeout 5000ms exceeded while waiting on the predicate"
    },
    {
      "profile": "chromium-short",
      "version": "candidate",
      "field": "target-zone",
      "result": "failed",
      "failure": "Error: expect(received).toBe(expected) // Object.is equality\n\nExpected: true\nReceived: false"
    },
    {
      "profile": "chromium-short",
      "version": "candidate",
      "field": "source-zone",
      "result": "failed",
      "failure": "Error: expect(received).toBe(expected) // Object.is equality\n\nExpected: true\nReceived: false"
    },
    {
      "profile": "chromium-narrow",
      "version": "baseline",
      "field": "target-zone",
      "result": "passed"
    },
    {
      "profile": "chromium-narrow",
      "version": "baseline",
      "field": "source-zone",
      "result": "failed",
      "failure": "Error: expect(received).toBe(expected) // Object.is equality\n\nExpected: true\nReceived: false\n\nCall Log:\n- Timeout 5000ms exceeded while waiting on the predicate"
    },
    {
      "profile": "chromium-narrow",
      "version": "candidate",
      "field": "target-zone",
      "result": "passed"
    },
    {
      "profile": "chromium-narrow",
      "version": "candidate",
      "field": "source-zone",
      "result": "failed",
      "failure": "Error: expect(received).toBe(expected) // Object.is equality\n\nExpected: true\nReceived: false\n\nCall Log:\n- Timeout 5000ms exceeded while waiting on the predicate"
    }
  ],
  "failures": [
    {
      "profile": "chromium-desktop",
      "version": "baseline",
      "field": "source-zone",
      "error": "Error: expect(received).toBe(expected) // Object.is equality\n\nExpected: true\nReceived: false\n\nCall Log:\n- Timeout 5000ms exceeded while waiting on the predicate"
    },
    {
      "profile": "chromium-desktop",
      "version": "candidate",
      "field": "source-zone",
      "error": "Error: expect(received).toBe(expected) // Object.is equality\n\nExpected: true\nReceived: false\n\nCall Log:\n- Timeout 5000ms exceeded while waiting on the predicate"
    },
    {
      "profile": "webkit-desktop",
      "version": "baseline",
      "field": "source-zone",
      "error": "Error: expect(received).toBe(expected) // Object.is equality\n\nExpected: true\nReceived: false\n\nCall Log:\n- Timeout 5000ms exceeded while waiting on the predicate"
    },
    {
      "profile": "webkit-desktop",
      "version": "candidate",
      "field": "source-zone",
      "error": "Error: expect(received).toBe(expected) // Object.is equality\n\nExpected: true\nReceived: false\n\nCall Log:\n- Timeout 5000ms exceeded while waiting on the predicate"
    },
    {
      "profile": "android-native-raster",
      "version": "baseline",
      "field": "source-zone",
      "error": "Error: expect(received).toBe(expected) // Object.is equality\n\nExpected: true\nReceived: false\n\nCall Log:\n- Timeout 5000ms exceeded while waiting on the predicate"
    },
    {
      "profile": "android-native-raster",
      "version": "candidate",
      "field": "source-zone",
      "error": "Error: expect(received).toBe(expected) // Object.is equality\n\nExpected: true\nReceived: false"
    },
    {
      "profile": "iphone-native-raster",
      "version": "baseline",
      "field": "target-zone",
      "error": "Error: expect(received).toBe(expected) // Object.is equality\n\nExpected: true\nReceived: false\n\nCall Log:\n- Timeout 5000ms exceeded while waiting on the predicate"
    },
    {
      "profile": "iphone-native-raster",
      "version": "baseline",
      "field": "source-zone",
      "error": "Error: expect(received).toBe(expected) // Object.is equality\n\nExpected: true\nReceived: false\n\nCall Log:\n- Timeout 5000ms exceeded while waiting on the predicate"
    },
    {
      "profile": "iphone-native-raster",
      "version": "candidate",
      "field": "target-zone",
      "error": "Error: expect(received).toBe(expected) // Object.is equality\n\nExpected: true\nReceived: false\n\nCall Log:\n- Timeout 5000ms exceeded while waiting on the predicate"
    },
    {
      "profile": "iphone-native-raster",
      "version": "candidate",
      "field": "source-zone",
      "error": "Error: expect(received).toBe(expected) // Object.is equality\n\nExpected: true\nReceived: false"
    },
    {
      "profile": "chromium-short",
      "version": "baseline",
      "field": "target-zone",
      "error": "Error: expect(received).toBe(expected) // Object.is equality\n\nExpected: true\nReceived: false\n\nCall Log:\n- Timeout 5000ms exceeded while waiting on the predicate"
    },
    {
      "profile": "chromium-short",
      "version": "baseline",
      "field": "source-zone",
      "error": "Error: expect(received).toBe(expected) // Object.is equality\n\nExpected: true\nReceived: false\n\nCall Log:\n- Timeout 5000ms exceeded while waiting on the predicate"
    },
    {
      "profile": "chromium-short",
      "version": "candidate",
      "field": "target-zone",
      "error": "Error: expect(received).toBe(expected) // Object.is equality\n\nExpected: true\nReceived: false"
    },
    {
      "profile": "chromium-short",
      "version": "candidate",
      "field": "source-zone",
      "error": "Error: expect(received).toBe(expected) // Object.is equality\n\nExpected: true\nReceived: false"
    },
    {
      "profile": "chromium-narrow",
      "version": "baseline",
      "field": "source-zone",
      "error": "Error: expect(received).toBe(expected) // Object.is equality\n\nExpected: true\nReceived: false\n\nCall Log:\n- Timeout 5000ms exceeded while waiting on the predicate"
    },
    {
      "profile": "chromium-narrow",
      "version": "candidate",
      "field": "source-zone",
      "error": "Error: expect(received).toBe(expected) // Object.is equality\n\nExpected: true\nReceived: false\n\nCall Log:\n- Timeout 5000ms exceeded while waiting on the predicate"
    },
    {
      "profile": "chromium-desktop",
      "field": "target-zone",
      "comparison": "narrowRows",
      "error": "Error: expect(received).toEqual(expected) // deep equality\n\n- Expected  - 6\n+ Received  + 6\n\n@@ -826,11 +826,11 @@\n    Object {\n      \"description\": \"America/Argentina/Rio_Gallegos\",\n      \"descriptionReference\": Array [\n        \"America/Argentina/Rio_Gallegos\",\n      ],\n-     \"height\": 62,\n+     \"height\": 78,\n      \"label\": \"Rio Gallegos\",\n      \"labelReference\": Array [\n        \"Rio Gallegos\",\n      ],\n      \"position\": null,\n@@ -854,11 +854,11 @@\n    Object {\n      \"description\": \"America/Argentina/San_Juan\",\n      \"descriptionReference\": Array [\n        \"America/Argentina/San_Juan\",\n      ],\n-     \"height\": 62,\n+     \"height\": 78,\n      \"label\": \"San Juan\",\n      \"labelReference\": Array [\n        \"San Juan\",\n      ],\n      \"position\": null,\n@@ -1820,11 +1820,11 @@\n    Object {\n      \"description\": \"America/Kentucky/Monticello\",\n      \"descriptionReference\": Array [\n        \"America/Kentucky/Monticello\",\n      ],\n-     \"height\": 62,\n+     \"height\": 78,\n      \"label\": \"Monticello\",\n      \"labelReference\": Array [\n        \"Monticello\",\n      ],\n      \"position\": null,\n@@ -2212,11 +2212,11 @@\n    Object {\n      \"description\": \"America/North_Dakota/Beulah\",\n      \"descriptionReference\": Array [\n        \"America/North_Dakota/Beulah\",\n      ],\n-     \"height\": 62,\n+     \"height\": 78,\n      \"label\": \"Beulah\",\n      \"labelReference\": Array [\n        \"Beulah\",\n      ],\n      \"position\": null,\n@@ -2226,11 +2226,11 @@\n    Object {\n      \"description\": \"America/North_Dakota/Center\",\n      \"descriptionReference\": Array [\n        \"America/North_Dakota/Center\",\n      ],\n-     \"height\": 62,\n+     \"height\": 78,\n      \"label\": \"Center\",\n      \"labelReference\": Array [\n        \"Center\",\n      ],\n      \"position\": null,\n@@ -2240,11 +2240,11 @@\n    Object {\n      \"description\": \"America/North_Dakota/New_Salem\",\n      \"descriptionReference\": Array [\n        \"America/North_Dakota/New_Salem\",\n      ],\n-     \"height\": 62,\n+     \"height\": 78,\n      \"label\": \"New Salem\",\n      \"labelReference\": Array [\n        \"New Salem\",\n      ],\n      \"position\": null,"
    },
    {
      "profile": "android-native-raster",
      "field": "target-zone",
      "comparison": "narrowRows",
      "error": "Error: expect(received).toEqual(expected) // deep equality\n\n- Expected  - 6\n+ Received  + 6\n\n@@ -826,11 +826,11 @@\n    Object {\n      \"description\": \"America/Argentina/Rio_Gallegos\",\n      \"descriptionReference\": Array [\n        \"America/Argentina/Rio_Gallegos\",\n      ],\n-     \"height\": 62,\n+     \"height\": 78,\n      \"label\": \"Rio Gallegos\",\n      \"labelReference\": Array [\n        \"Rio Gallegos\",\n      ],\n      \"position\": null,\n@@ -854,11 +854,11 @@\n    Object {\n      \"description\": \"America/Argentina/San_Juan\",\n      \"descriptionReference\": Array [\n        \"America/Argentina/San_Juan\",\n      ],\n-     \"height\": 62,\n+     \"height\": 78,\n      \"label\": \"San Juan\",\n      \"labelReference\": Array [\n        \"San Juan\",\n      ],\n      \"position\": null,\n@@ -1820,11 +1820,11 @@\n    Object {\n      \"description\": \"America/Kentucky/Monticello\",\n      \"descriptionReference\": Array [\n        \"America/Kentucky/Monticello\",\n      ],\n-     \"height\": 62,\n+     \"height\": 78,\n      \"label\": \"Monticello\",\n      \"labelReference\": Array [\n        \"Monticello\",\n      ],\n      \"position\": null,\n@@ -2212,11 +2212,11 @@\n    Object {\n      \"description\": \"America/North_Dakota/Beulah\",\n      \"descriptionReference\": Array [\n        \"America/North_Dakota/Beulah\",\n      ],\n-     \"height\": 62,\n+     \"height\": 78,\n      \"label\": \"Beulah\",\n      \"labelReference\": Array [\n        \"Beulah\",\n      ],\n      \"position\": null,\n@@ -2226,11 +2226,11 @@\n    Object {\n      \"description\": \"America/North_Dakota/Center\",\n      \"descriptionReference\": Array [\n        \"America/North_Dakota/Center\",\n      ],\n-     \"height\": 62,\n+     \"height\": 78,\n      \"label\": \"Center\",\n      \"labelReference\": Array [\n        \"Center\",\n      ],\n      \"position\": null,\n@@ -2240,11 +2240,11 @@\n    Object {\n      \"description\": \"America/North_Dakota/New_Salem\",\n      \"descriptionReference\": Array [\n        \"America/North_Dakota/New_Salem\",\n      ],\n-     \"height\": 62,\n+     \"height\": 78,\n      \"label\": \"New Salem\",\n      \"labelReference\": Array [\n        \"New Salem\",\n      ],\n      \"position\": null,"
    }
  ]
}
