Refreshing run status every 30 seconds. Press Ctrl+C to quit.

* main GitHub Pages · 37276826095
Triggered via workflow_dispatch about 3 minutes ago

JOBS
✓ prepare in 15s (ID 111655577147)
  ✓ Set up job
  ✓ Run actions/checkout@34e114876b0b11c390a56381ad16ebd13914f8d5
  ✓ Run jdx/mise-action@5228313ee0372e111a38da051671ca30fc5a96db
  - Reuse the exact verified PR artifact
  - Run actions/configure-pages@983d7736d9b0ae728b81ab479565c72886d7745b
  - Upload the verified Pages build
  - Run actions/deploy-pages@d6db90164ac5ed86f2b6aed7e0febac5b3c0c03e
  ✓ Post Run actions/checkout@34e114876b0b11c390a56381ad16ebd13914f8d5
  ✓ Complete job
* verify / web (ID 111655673791)
  ✓ Set up job
  ✓ Initialize containers
  ✓ Run actions/checkout@34e114876b0b11c390a56381ad16ebd13914f8d5
  ✓ Capture the checked-in corpus audit
  ✓ Run jdx/mise-action@5228313ee0372e111a38da051671ca30fc5a96db
  ✓ Run bun install --frozen-lockfile
  ✓ Verify the pinned browser image matches the dependency
  ✓ Run bun run format:check
  ✓ Unit tests and production build
  ✓ Verify the standalone conversion corpus audit
  * Run bun run test:browser
  * Record browser resource usage
  * Retain bounded browser timing metadata
  * Run actions/configure-pages@983d7736d9b0ae728b81ab479565c72886d7745b
  * Verify repository-subpath deployment
  * Upload the verified Pages build
  * Publish failed-attempt diagnostics
  * Post Run actions/checkout@34e114876b0b11c390a56381ad16ebd13914f8d5
  * Stop containers

ANNOTATIONS
! Node.js 20 is deprecated. The following actions target Node.js 20 but are being forced to run on Node.js 24: actions/checkout@34e114876b0b11c390a56381ad16ebd13914f8d5, jdx/mise-action@5228313ee0372e111a38da051671ca30fc5a96db. For more information see: https://github.blog/changelog/2025-09-19-deprecation-of-node-20-on-github-actions-runners/
prepare: .github#5

Refreshing run status every 30 seconds. Press Ctrl+C to quit.

* main GitHub Pages · 37276826095
Triggered via workflow_dispatch about 3 minutes ago

JOBS
✓ prepare in 15s (ID 111655577147)
  ✓ Set up job
  ✓ Run actions/checkout@34e114876b0b11c390a56381ad16ebd13914f8d5
  ✓ Run jdx/mise-action@5228313ee0372e111a38da051671ca30fc5a96db
  - Reuse the exact verified PR artifact
  - Run actions/configure-pages@983d7736d9b0ae728b81ab479565c72886d7745b
  - Upload the verified Pages build
  - Run actions/deploy-pages@d6db90164ac5ed86f2b6aed7e0febac5b3c0c03e
  ✓ Post Run actions/checkout@34e114876b0b11c390a56381ad16ebd13914f8d5
  ✓ Complete job
* verify / web (ID 111655673791)
  ✓ Set up job
  ✓ Initialize containers
  ✓ Run actions/checkout@34e114876b0b11c390a56381ad16ebd13914f8d5
  ✓ Capture the checked-in corpus audit
  ✓ Run jdx/mise-action@5228313ee0372e111a38da051671ca30fc5a96db
  ✓ Run bun install --frozen-lockfile
  ✓ Verify the pinned browser image matches the dependency
  ✓ Run bun run format:check
  ✓ Unit tests and production build
  ✓ Verify the standalone conversion corpus audit
  * Run bun run test:browser
  * Record browser resource usage
  * Retain bounded browser timing metadata
  * Run actions/configure-pages@983d7736d9b0ae728b81ab479565c72886d7745b
  * Verify repository-subpath deployment
  * Upload the verified Pages build
  * Publish failed-attempt diagnostics
  * Post Run actions/checkout@34e114876b0b11c390a56381ad16ebd13914f8d5
  * Stop containers

ANNOTATIONS
! Node.js 20 is deprecated. The following actions target Node.js 20 but are being forced to run on Node.js 24: actions/checkout@34e114876b0b11c390a56381ad16ebd13914f8d5, jdx/mise-action@5228313ee0372e111a38da051671ca30fc5a96db. For more information see: https://github.blog/changelog/2025-09-19-deprecation-of-node-20-on-github-actions-runners/
prepare: .github#5

Refreshing run status every 30 seconds. Press Ctrl+C to quit.

* main GitHub Pages · 37276826095
Triggered via workflow_dispatch about 4 minutes ago

JOBS
✓ prepare in 15s (ID 111655577147)
  ✓ Set up job
  ✓ Run actions/checkout@34e114876b0b11c390a56381ad16ebd13914f8d5
  ✓ Run jdx/mise-action@5228313ee0372e111a38da051671ca30fc5a96db
  - Reuse the exact verified PR artifact
  - Run actions/configure-pages@983d7736d9b0ae728b81ab479565c72886d7745b
  - Upload the verified Pages build
  - Run actions/deploy-pages@d6db90164ac5ed86f2b6aed7e0febac5b3c0c03e
  ✓ Post Run actions/checkout@34e114876b0b11c390a56381ad16ebd13914f8d5
  ✓ Complete job
* verify / web (ID 111655673791)
  ✓ Set up job
  ✓ Initialize containers
  ✓ Run actions/checkout@34e114876b0b11c390a56381ad16ebd13914f8d5
  ✓ Capture the checked-in corpus audit
  ✓ Run jdx/mise-action@5228313ee0372e111a38da051671ca30fc5a96db
  ✓ Run bun install --frozen-lockfile
  ✓ Verify the pinned browser image matches the dependency
  ✓ Run bun run format:check
  ✓ Unit tests and production build
  ✓ Verify the standalone conversion corpus audit
  * Run bun run test:browser
  * Record browser resource usage
  * Retain bounded browser timing metadata
  * Run actions/configure-pages@983d7736d9b0ae728b81ab479565c72886d7745b
  * Verify repository-subpath deployment
  * Upload the verified Pages build
  * Publish failed-attempt diagnostics
  * Post Run actions/checkout@34e114876b0b11c390a56381ad16ebd13914f8d5
  * Stop containers

ANNOTATIONS
! Node.js 20 is deprecated. The following actions target Node.js 20 but are being forced to run on Node.js 24: actions/checkout@34e114876b0b11c390a56381ad16ebd13914f8d5, jdx/mise-action@5228313ee0372e111a38da051671ca30fc5a96db. For more information see: https://github.blog/changelog/2025-09-19-deprecation-of-node-20-on-github-actions-runners/
prepare: .github#5

Refreshing run status every 30 seconds. Press Ctrl+C to quit.

* main GitHub Pages · 37276826095
Triggered via workflow_dispatch about 4 minutes ago

JOBS
✓ prepare in 15s (ID 111655577147)
  ✓ Set up job
  ✓ Run actions/checkout@34e114876b0b11c390a56381ad16ebd13914f8d5
  ✓ Run jdx/mise-action@5228313ee0372e111a38da051671ca30fc5a96db
  - Reuse the exact verified PR artifact
  - Run actions/configure-pages@983d7736d9b0ae728b81ab479565c72886d7745b
  - Upload the verified Pages build
  - Run actions/deploy-pages@d6db90164ac5ed86f2b6aed7e0febac5b3c0c03e
  ✓ Post Run actions/checkout@34e114876b0b11c390a56381ad16ebd13914f8d5
  ✓ Complete job
* verify / web (ID 111655673791)
  ✓ Set up job
  ✓ Initialize containers
  ✓ Run actions/checkout@34e114876b0b11c390a56381ad16ebd13914f8d5
  ✓ Capture the checked-in corpus audit
  ✓ Run jdx/mise-action@5228313ee0372e111a38da051671ca30fc5a96db
  ✓ Run bun install --frozen-lockfile
  ✓ Verify the pinned browser image matches the dependency
  ✓ Run bun run format:check
  ✓ Unit tests and production build
  ✓ Verify the standalone conversion corpus audit
  * Run bun run test:browser
  * Record browser resource usage
  * Retain bounded browser timing metadata
  * Run actions/configure-pages@983d7736d9b0ae728b81ab479565c72886d7745b
  * Verify repository-subpath deployment
  * Upload the verified Pages build
  * Publish failed-attempt diagnostics
  * Post Run actions/checkout@34e114876b0b11c390a56381ad16ebd13914f8d5
  * Stop containers

ANNOTATIONS
! Node.js 20 is deprecated. The following actions target Node.js 20 but are being forced to run on Node.js 24: actions/checkout@34e114876b0b11c390a56381ad16ebd13914f8d5, jdx/mise-action@5228313ee0372e111a38da051671ca30fc5a96db. For more information see: https://github.blog/changelog/2025-09-19-deprecation-of-node-20-on-github-actions-runners/
prepare: .github#5

Refreshing run status every 30 seconds. Press Ctrl+C to quit.

* main GitHub Pages · 37276826095
Triggered via workflow_dispatch about 5 minutes ago

JOBS
✓ prepare in 15s (ID 111655577147)
  ✓ Set up job
  ✓ Run actions/checkout@34e114876b0b11c390a56381ad16ebd13914f8d5
  ✓ Run jdx/mise-action@5228313ee0372e111a38da051671ca30fc5a96db
  - Reuse the exact verified PR artifact
  - Run actions/configure-pages@983d7736d9b0ae728b81ab479565c72886d7745b
  - Upload the verified Pages build
  - Run actions/deploy-pages@d6db90164ac5ed86f2b6aed7e0febac5b3c0c03e
  ✓ Post Run actions/checkout@34e114876b0b11c390a56381ad16ebd13914f8d5
  ✓ Complete job
* verify / web (ID 111655673791)
  ✓ Set up job
  ✓ Initialize containers
  ✓ Run actions/checkout@34e114876b0b11c390a56381ad16ebd13914f8d5
  ✓ Capture the checked-in corpus audit
  ✓ Run jdx/mise-action@5228313ee0372e111a38da051671ca30fc5a96db
  ✓ Run bun install --frozen-lockfile
  ✓ Verify the pinned browser image matches the dependency
  ✓ Run bun run format:check
  ✓ Unit tests and production build
  ✓ Verify the standalone conversion corpus audit
  * Run bun run test:browser
  * Record browser resource usage
  * Retain bounded browser timing metadata
  * Run actions/configure-pages@983d7736d9b0ae728b81ab479565c72886d7745b
  * Verify repository-subpath deployment
  * Upload the verified Pages build
  * Publish failed-attempt diagnostics
  * Post Run actions/checkout@34e114876b0b11c390a56381ad16ebd13914f8d5
  * Stop containers

ANNOTATIONS
! Node.js 20 is deprecated. The following actions target Node.js 20 but are being forced to run on Node.js 24: actions/checkout@34e114876b0b11c390a56381ad16ebd13914f8d5, jdx/mise-action@5228313ee0372e111a38da051671ca30fc5a96db. For more information see: https://github.blog/changelog/2025-09-19-deprecation-of-node-20-on-github-actions-runners/
prepare: .github#5

Refreshing run status every 30 seconds. Press Ctrl+C to quit.

* main GitHub Pages · 37276826095
Triggered via workflow_dispatch about 5 minutes ago

JOBS
✓ prepare in 15s (ID 111655577147)
  ✓ Set up job
  ✓ Run actions/checkout@34e114876b0b11c390a56381ad16ebd13914f8d5
  ✓ Run jdx/mise-action@5228313ee0372e111a38da051671ca30fc5a96db
  - Reuse the exact verified PR artifact
  - Run actions/configure-pages@983d7736d9b0ae728b81ab479565c72886d7745b
  - Upload the verified Pages build
  - Run actions/deploy-pages@d6db90164ac5ed86f2b6aed7e0febac5b3c0c03e
  ✓ Post Run actions/checkout@34e114876b0b11c390a56381ad16ebd13914f8d5
  ✓ Complete job
* verify / web (ID 111655673791)
  ✓ Set up job
  ✓ Initialize containers
  ✓ Run actions/checkout@34e114876b0b11c390a56381ad16ebd13914f8d5
  ✓ Capture the checked-in corpus audit
  ✓ Run jdx/mise-action@5228313ee0372e111a38da051671ca30fc5a96db
  ✓ Run bun install --frozen-lockfile
  ✓ Verify the pinned browser image matches the dependency
  ✓ Run bun run format:check
  ✓ Unit tests and production build
  ✓ Verify the standalone conversion corpus audit
  * Run bun run test:browser
  * Record browser resource usage
  * Retain bounded browser timing metadata
  * Run actions/configure-pages@983d7736d9b0ae728b81ab479565c72886d7745b
  * Verify repository-subpath deployment
  * Upload the verified Pages build
  * Publish failed-attempt diagnostics
  * Post Run actions/checkout@34e114876b0b11c390a56381ad16ebd13914f8d5
  * Stop containers

ANNOTATIONS
! Node.js 20 is deprecated. The following actions target Node.js 20 but are being forced to run on Node.js 24: actions/checkout@34e114876b0b11c390a56381ad16ebd13914f8d5, jdx/mise-action@5228313ee0372e111a38da051671ca30fc5a96db. For more information see: https://github.blog/changelog/2025-09-19-deprecation-of-node-20-on-github-actions-runners/
prepare: .github#5

Refreshing run status every 30 seconds. Press Ctrl+C to quit.

* main GitHub Pages · 37276826095
Triggered via workflow_dispatch about 6 minutes ago

JOBS
✓ prepare in 15s (ID 111655577147)
  ✓ Set up job
  ✓ Run actions/checkout@34e114876b0b11c390a56381ad16ebd13914f8d5
  ✓ Run jdx/mise-action@5228313ee0372e111a38da051671ca30fc5a96db
  - Reuse the exact verified PR artifact
  - Run actions/configure-pages@983d7736d9b0ae728b81ab479565c72886d7745b
  - Upload the verified Pages build
  - Run actions/deploy-pages@d6db90164ac5ed86f2b6aed7e0febac5b3c0c03e
  ✓ Post Run actions/checkout@34e114876b0b11c390a56381ad16ebd13914f8d5
  ✓ Complete job
✓ verify / web in 5m50s (ID 111655673791)
  ✓ Set up job
  ✓ Initialize containers
  ✓ Run actions/checkout@34e114876b0b11c390a56381ad16ebd13914f8d5
  ✓ Capture the checked-in corpus audit
  ✓ Run jdx/mise-action@5228313ee0372e111a38da051671ca30fc5a96db
  ✓ Run bun install --frozen-lockfile
  ✓ Verify the pinned browser image matches the dependency
  ✓ Run bun run format:check
  ✓ Unit tests and production build
  ✓ Verify the standalone conversion corpus audit
  ✓ Run bun run test:browser
  ✓ Record browser resource usage
  - Retain bounded browser timing metadata
  ✓ Run actions/configure-pages@983d7736d9b0ae728b81ab479565c72886d7745b
  ✓ Verify repository-subpath deployment
  ✓ Upload the verified Pages build
  - Publish failed-attempt diagnostics
  ✓ Post Run actions/checkout@34e114876b0b11c390a56381ad16ebd13914f8d5
  ✓ Stop containers
  ✓ Complete job
✓ deploy in 10s (ID 111657388179)
  ✓ Set up job
  ✓ Run actions/deploy-pages@d6db90164ac5ed86f2b6aed7e0febac5b3c0c03e
  ✓ Complete job

ANNOTATIONS
! Node.js 20 is deprecated. The following actions target Node.js 20 but are being forced to run on Node.js 24: actions/checkout@34e114876b0b11c390a56381ad16ebd13914f8d5, jdx/mise-action@5228313ee0372e111a38da051671ca30fc5a96db. For more information see: https://github.blog/changelog/2025-09-19-deprecation-of-node-20-on-github-actions-runners/
prepare: .github#5

! Node.js 20 is deprecated. The following actions target Node.js 20 but are being forced to run on Node.js 24: actions/checkout@34e114876b0b11c390a56381ad16ebd13914f8d5, actions/configure-pages@983d7736d9b0ae728b81ab479565c72886d7745b, actions/upload-artifact@ea165f8d65b6e75b540449e92b4886f43607fa02, jdx/mise-action@5228313ee0372e111a38da051671ca30fc5a96db. For more information see: https://github.blog/changelog/2025-09-19-deprecation-of-node-20-on-github-actions-runners/
verify / web: .github#2

- "The ubuntu-latest label will migrate to Ubuntu 26 beginning October 19, 2026. For more information, see https://github.com/actions/runner-images/issues/14748"
verify / web: .github#1

! Node.js 20 is deprecated. The following actions target Node.js 20 but are being forced to run on Node.js 24: actions/deploy-pages@d6db90164ac5ed86f2b6aed7e0febac5b3c0c03e. For more information see: https://github.blog/changelog/2025-09-19-deprecation-of-node-20-on-github-actions-runners/
deploy: .github#4

- "The ubuntu-latest label will migrate to Ubuntu 26 beginning October 19, 2026. For more information, see https://github.com/actions/runner-images/issues/14748"
deploy: .github#1

✓ main GitHub Pages · 37276826095
Triggered via workflow_dispatch about 7 minutes ago

JOBS
✓ prepare in 15s (ID 111655577147)
  ✓ Set up job
  ✓ Run actions/checkout@34e114876b0b11c390a56381ad16ebd13914f8d5
  ✓ Run jdx/mise-action@5228313ee0372e111a38da051671ca30fc5a96db
  - Reuse the exact verified PR artifact
  - Run actions/configure-pages@983d7736d9b0ae728b81ab479565c72886d7745b
  - Upload the verified Pages build
  - Run actions/deploy-pages@d6db90164ac5ed86f2b6aed7e0febac5b3c0c03e
  ✓ Post Run actions/checkout@34e114876b0b11c390a56381ad16ebd13914f8d5
  ✓ Complete job
✓ verify / web in 5m50s (ID 111655673791)
  ✓ Set up job
  ✓ Initialize containers
  ✓ Run actions/checkout@34e114876b0b11c390a56381ad16ebd13914f8d5
  ✓ Capture the checked-in corpus audit
  ✓ Run jdx/mise-action@5228313ee0372e111a38da051671ca30fc5a96db
  ✓ Run bun install --frozen-lockfile
  ✓ Verify the pinned browser image matches the dependency
  ✓ Run bun run format:check
  ✓ Unit tests and production build
  ✓ Verify the standalone conversion corpus audit
  ✓ Run bun run test:browser
  ✓ Record browser resource usage
  - Retain bounded browser timing metadata
  ✓ Run actions/configure-pages@983d7736d9b0ae728b81ab479565c72886d7745b
  ✓ Verify repository-subpath deployment
  ✓ Upload the verified Pages build
  - Publish failed-attempt diagnostics
  ✓ Post Run actions/checkout@34e114876b0b11c390a56381ad16ebd13914f8d5
  ✓ Stop containers
  ✓ Complete job
✓ deploy in 10s (ID 111657388179)
  ✓ Set up job
  ✓ Run actions/deploy-pages@d6db90164ac5ed86f2b6aed7e0febac5b3c0c03e
  ✓ Complete job

ANNOTATIONS
! Node.js 20 is deprecated. The following actions target Node.js 20 but are being forced to run on Node.js 24: actions/checkout@34e114876b0b11c390a56381ad16ebd13914f8d5, jdx/mise-action@5228313ee0372e111a38da051671ca30fc5a96db. For more information see: https://github.blog/changelog/2025-09-19-deprecation-of-node-20-on-github-actions-runners/
prepare: .github#5

! Node.js 20 is deprecated. The following actions target Node.js 20 but are being forced to run on Node.js 24: actions/checkout@34e114876b0b11c390a56381ad16ebd13914f8d5, actions/configure-pages@983d7736d9b0ae728b81ab479565c72886d7745b, actions/upload-artifact@ea165f8d65b6e75b540449e92b4886f43607fa02, jdx/mise-action@5228313ee0372e111a38da051671ca30fc5a96db. For more information see: https://github.blog/changelog/2025-09-19-deprecation-of-node-20-on-github-actions-runners/
verify / web: .github#2

- "The ubuntu-latest label will migrate to Ubuntu 26 beginning October 19, 2026. For more information, see https://github.com/actions/runner-images/issues/14748"
verify / web: .github#1

! Node.js 20 is deprecated. The following actions target Node.js 20 but are being forced to run on Node.js 24: actions/deploy-pages@d6db90164ac5ed86f2b6aed7e0febac5b3c0c03e. For more information see: https://github.blog/changelog/2025-09-19-deprecation-of-node-20-on-github-actions-runners/
deploy: .github#4

- "The ubuntu-latest label will migrate to Ubuntu 26 beginning October 19, 2026. For more information, see https://github.com/actions/runner-images/issues/14748"
deploy: .github#1

