{
  "startedAt": "2026-10-05T12:02:31.184Z",
  "endedAt": "2026-10-05T12:02:33.526Z",
  "engines": {
    "chromium": {
      "version": "153.0.8010.12",
      "count": 454
    },
    "firefox": {
      "version": "155.0",
      "count": 479
    },
    "webkit": {
      "version": "26.6",
      "count": 479
    }
  },
  "candidateSingleRow": [
    {
      "file": "page-navigation-corrected",
      "engine": "firefox",
      "version": "candidate",
      "field": "target-zone",
      "step": 5,
      "key": "PageDown",
      "beforeValue": "Africa/Conakry",
      "afterValue": "Africa/Dakar",
      "beforePosition": 17,
      "afterPosition": 18,
      "rowAdvance": 1,
      "beforeRow": {
        "top": 316,
        "bottom": 378,
        "left": 54,
        "right": 421,
        "height": 62,
        "width": 367
      },
      "afterRow": {
        "top": 316,
        "bottom": 378,
        "left": 54,
        "right": 421,
        "height": 62,
        "width": 367
      },
      "clientHeight": 320,
      "visible": true
    },
    {
      "file": "page-navigation-corrected",
      "engine": "firefox",
      "version": "candidate",
      "field": "target-zone",
      "step": 7,
      "key": "PageDown",
      "beforeValue": "Africa/El_Aaiun",
      "afterValue": "Africa/Freetown",
      "beforePosition": 22,
      "afterPosition": 23,
      "rowAdvance": 1,
      "beforeRow": {
        "top": 316,
        "bottom": 378,
        "left": 54,
        "right": 421,
        "height": 62,
        "width": 367
      },
      "afterRow": {
        "top": 316,
        "bottom": 378,
        "left": 54,
        "right": 421,
        "height": 62,
        "width": 367
      },
      "clientHeight": 320,
      "visible": true
    },
    {
      "file": "page-navigation-corrected",
      "engine": "firefox",
      "version": "candidate",
      "field": "target-zone",
      "step": 10,
      "key": "PageUp",
      "beforeValue": "mountain",
      "afterValue": "central",
      "beforePosition": 479,
      "afterPosition": 478,
      "rowAdvance": 1,
      "beforeRow": {
        "top": 316,
        "bottom": 378,
        "left": 54,
        "right": 421,
        "height": 62,
        "width": 367
      },
      "afterRow": {
        "top": 254,
        "bottom": 316,
        "left": 54,
        "right": 421,
        "height": 62,
        "width": 367
      },
      "clientHeight": 320,
      "visible": true
    },
    {
      "file": "page-navigation-corrected",
      "engine": "firefox",
      "version": "candidate",
      "field": "target-zone",
      "step": 11,
      "key": "PageUp",
      "beforeValue": "central",
      "afterValue": "eastern",
      "beforePosition": 478,
      "afterPosition": 477,
      "rowAdvance": 1,
      "beforeRow": {
        "top": 254,
        "bottom": 316,
        "left": 54,
        "right": 421,
        "height": 62,
        "width": 367
      },
      "afterRow": {
        "top": 192,
        "bottom": 254,
        "left": 54,
        "right": 421,
        "height": 62,
        "width": 367
      },
      "clientHeight": 320,
      "visible": true
    },
    {
      "file": "page-navigation-corrected",
      "engine": "firefox",
      "version": "candidate",
      "field": "target-zone",
      "step": 26,
      "key": "PageUp",
      "beforeValue": "Africa/Douala",
      "afterValue": "Africa/Djibouti",
      "beforePosition": 21,
      "afterPosition": 20,
      "rowAdvance": 1,
      "beforeRow": {
        "top": 393,
        "bottom": 455,
        "left": 38,
        "right": 242,
        "height": 62,
        "width": 204
      },
      "afterRow": {
        "top": 393,
        "bottom": 455,
        "left": 38,
        "right": 242,
        "height": 62,
        "width": 204
      },
      "clientHeight": 320,
      "visible": true
    },
    {
      "file": "page-navigation-corrected",
      "engine": "firefox",
      "version": "candidate",
      "field": "source-zone",
      "step": 3,
      "key": "PageDown",
      "beforeValue": "Africa/Banjul",
      "afterValue": "Africa/Bissau",
      "beforePosition": 9,
      "afterPosition": 10,
      "rowAdvance": 1,
      "beforeRow": {
        "top": 477,
        "bottom": 539,
        "left": 54,
        "right": 421,
        "height": 62,
        "width": 367
      },
      "afterRow": {
        "top": 477,
        "bottom": 539,
        "left": 54,
        "right": 421,
        "height": 62,
        "width": 367
      },
      "clientHeight": 320,
      "visible": true
    },
    {
      "file": "page-navigation-corrected",
      "engine": "firefox",
      "version": "candidate",
      "field": "source-zone",
      "step": 5,
      "key": "PageDown",
      "beforeValue": "Africa/Cairo",
      "afterValue": "Africa/Casablanca",
      "beforePosition": 14,
      "afterPosition": 15,
      "rowAdvance": 1,
      "beforeRow": {
        "top": 477,
        "bottom": 539,
        "left": 54,
        "right": 421,
        "height": 62,
        "width": 367
      },
      "afterRow": {
        "top": 477,
        "bottom": 539,
        "left": 54,
        "right": 421,
        "height": 62,
        "width": 367
      },
      "clientHeight": 320,
      "visible": true
    },
    {
      "file": "page-navigation-corrected",
      "engine": "firefox",
      "version": "candidate",
      "field": "source-zone",
      "step": 13,
      "key": "PageDown",
      "beforeValue": "UTC",
      "afterValue": "Africa/Abidjan",
      "beforePosition": 1,
      "afterPosition": 2,
      "rowAdvance": 1,
      "beforeRow": {
        "top": 219,
        "bottom": 263,
        "left": 54,
        "right": 421,
        "height": 44,
        "width": 367
      },
      "afterRow": {
        "top": 263,
        "bottom": 325,
        "left": 54,
        "right": 421,
        "height": 62,
        "width": 367
      },
      "clientHeight": 320,
      "visible": true
    },
    {
      "file": "page-navigation-corrected",
      "engine": "firefox",
      "version": "candidate",
      "field": "source-zone",
      "step": 14,
      "key": "PageDown",
      "beforeValue": "Africa/Abidjan",
      "afterValue": "Africa/Accra",
      "beforePosition": 2,
      "afterPosition": 3,
      "rowAdvance": 1,
      "beforeRow": {
        "top": 263,
        "bottom": 325,
        "left": 54,
        "right": 421,
        "height": 62,
        "width": 367
      },
      "afterRow": {
        "top": 325,
        "bottom": 387,
        "left": 54,
        "right": 421,
        "height": 62,
        "width": 367
      },
      "clientHeight": 320,
      "visible": true
    },
    {
      "file": "page-navigation-corrected",
      "engine": "firefox",
      "version": "candidate",
      "field": "source-zone",
      "step": 16,
      "key": "PageDown",
      "beforeValue": "Africa/Bangui",
      "afterValue": "Africa/Banjul",
      "beforePosition": 8,
      "afterPosition": 9,
      "rowAdvance": 1,
      "beforeRow": {
        "top": 477,
        "bottom": 539,
        "left": 54,
        "right": 421,
        "height": 62,
        "width": 367
      },
      "afterRow": {
        "top": 477,
        "bottom": 539,
        "left": 54,
        "right": 421,
        "height": 62,
        "width": 367
      },
      "clientHeight": 320,
      "visible": true
    },
    {
      "file": "page-navigation-corrected",
      "engine": "firefox",
      "version": "candidate",
      "field": "source-zone",
      "step": 19,
      "key": "PageDown",
      "beforeValue": "Africa/Bujumbura",
      "afterValue": "Africa/Cairo",
      "beforePosition": 13,
      "afterPosition": 14,
      "rowAdvance": 1,
      "beforeRow": {
        "top": 811,
        "bottom": 873,
        "left": 38,
        "right": 242,
        "height": 62,
        "width": 204
      },
      "afterRow": {
        "top": 811,
        "bottom": 873,
        "left": 38,
        "right": 242,
        "height": 62,
        "width": 204
      },
      "clientHeight": 320,
      "visible": true
    },
    {
      "file": "page-navigation-tall-control",
      "engine": "chromium",
      "version": "candidate",
      "field": "target-zone",
      "step": 3,
      "key": "PageDown",
      "beforeValue": "Africa/Bissau",
      "afterValue": "Africa/Blantyre",
      "beforePosition": 10,
      "afterPosition": 11,
      "rowAdvance": 1,
      "beforeRow": {
        "top": 706,
        "bottom": 768,
        "left": 54,
        "right": 421,
        "height": 62,
        "width": 367
      },
      "afterRow": {
        "top": 706,
        "bottom": 768,
        "left": 54,
        "right": 421,
        "height": 62,
        "width": 367
      },
      "clientHeight": 320,
      "visible": true
    },
    {
      "file": "page-navigation-tall-control",
      "engine": "chromium",
      "version": "candidate",
      "field": "target-zone",
      "step": 11,
      "key": "PageUp",
      "beforeValue": "munich",
      "afterValue": "milan",
      "beforePosition": 449,
      "afterPosition": 448,
      "rowAdvance": 1,
      "beforeRow": {
        "top": 448,
        "bottom": 510,
        "left": 54,
        "right": 421,
        "height": 62,
        "width": 367
      },
      "afterRow": {
        "top": 448,
        "bottom": 510,
        "left": 54,
        "right": 421,
        "height": 62,
        "width": 367
      },
      "clientHeight": 320,
      "visible": true
    },
    {
      "file": "page-navigation-tall-control",
      "engine": "chromium",
      "version": "candidate",
      "field": "target-zone",
      "step": 17,
      "key": "PageDown",
      "beforeValue": "Africa/Dakar",
      "afterValue": "Africa/Dar_es_Salaam",
      "beforePosition": 18,
      "afterPosition": 19,
      "rowAdvance": 1,
      "beforeRow": {
        "top": 706,
        "bottom": 768,
        "left": 54,
        "right": 421,
        "height": 62,
        "width": 367
      },
      "afterRow": {
        "top": 651,
        "bottom": 713,
        "left": 38,
        "right": 242,
        "height": 62,
        "width": 204
      },
      "clientHeight": 320,
      "visible": true
    },
    {
      "file": "page-navigation-tall-control",
      "engine": "chromium",
      "version": "candidate",
      "field": "target-zone",
      "step": 20,
      "key": "PageDown",
      "beforeValue": "Africa/Freetown",
      "afterValue": "Africa/Gaborone",
      "beforePosition": 23,
      "afterPosition": 24,
      "rowAdvance": 1,
      "beforeRow": {
        "top": 651,
        "bottom": 713,
        "left": 38,
        "right": 242,
        "height": 62,
        "width": 204
      },
      "afterRow": {
        "top": 651,
        "bottom": 713,
        "left": 38,
        "right": 242,
        "height": 62,
        "width": 204
      },
      "clientHeight": 320,
      "visible": true
    },
    {
      "file": "page-navigation-tall-control",
      "engine": "chromium",
      "version": "candidate",
      "field": "target-zone",
      "step": 22,
      "key": "PageDown",
      "beforeValue": "Africa/Kampala",
      "afterValue": "Africa/Khartoum",
      "beforePosition": 28,
      "afterPosition": 29,
      "rowAdvance": 1,
      "beforeRow": {
        "top": 651,
        "bottom": 713,
        "left": 38,
        "right": 242,
        "height": 62,
        "width": 204
      },
      "afterRow": {
        "top": 651,
        "bottom": 713,
        "left": 38,
        "right": 242,
        "height": 62,
        "width": 204
      },
      "clientHeight": 320,
      "visible": true
    },
    {
      "file": "page-navigation-tall-control",
      "engine": "chromium",
      "version": "candidate",
      "field": "source-zone",
      "step": 3,
      "key": "PageDown",
      "beforeValue": "Africa/Bissau",
      "afterValue": "Africa/Blantyre",
      "beforePosition": 10,
      "afterPosition": 11,
      "rowAdvance": 1,
      "beforeRow": {
        "top": 866,
        "bottom": 928,
        "left": 54,
        "right": 421,
        "height": 62,
        "width": 367
      },
      "afterRow": {
        "top": 866,
        "bottom": 928,
        "left": 54,
        "right": 421,
        "height": 62,
        "width": 367
      },
      "clientHeight": 320,
      "visible": true
    },
    {
      "file": "page-navigation-tall-control",
      "engine": "chromium",
      "version": "candidate",
      "field": "source-zone",
      "step": 13,
      "key": "PageDown",
      "beforeValue": "UTC",
      "afterValue": "Africa/Abidjan",
      "beforePosition": 1,
      "afterPosition": 2,
      "rowAdvance": 1,
      "beforeRow": {
        "top": 608,
        "bottom": 652,
        "left": 54,
        "right": 421,
        "height": 44,
        "width": 367
      },
      "afterRow": {
        "top": 652,
        "bottom": 714,
        "left": 54,
        "right": 421,
        "height": 62,
        "width": 367
      },
      "clientHeight": 320,
      "visible": true
    },
    {
      "file": "page-navigation-tall-control",
      "engine": "chromium",
      "version": "candidate",
      "field": "source-zone",
      "step": 14,
      "key": "PageDown",
      "beforeValue": "Africa/Abidjan",
      "afterValue": "Africa/Accra",
      "beforePosition": 2,
      "afterPosition": 3,
      "rowAdvance": 1,
      "beforeRow": {
        "top": 652,
        "bottom": 714,
        "left": 54,
        "right": 421,
        "height": 62,
        "width": 367
      },
      "afterRow": {
        "top": 714,
        "bottom": 776,
        "left": 54,
        "right": 421,
        "height": 62,
        "width": 367
      },
      "clientHeight": 320,
      "visible": true
    },
    {
      "file": "page-navigation-tall-control",
      "engine": "chromium",
      "version": "candidate",
      "field": "source-zone",
      "step": 15,
      "key": "PageDown",
      "beforeValue": "Africa/Accra",
      "afterValue": "Africa/Addis_Ababa",
      "beforePosition": 3,
      "afterPosition": 4,
      "rowAdvance": 1,
      "beforeRow": {
        "top": 714,
        "bottom": 776,
        "left": 54,
        "right": 421,
        "height": 62,
        "width": 367
      },
      "afterRow": {
        "top": 776,
        "bottom": 838,
        "left": 54,
        "right": 421,
        "height": 62,
        "width": 367
      },
      "clientHeight": 320,
      "visible": true
    },
    {
      "file": "page-navigation-tall-control",
      "engine": "chromium",
      "version": "candidate",
      "field": "source-zone",
      "step": 19,
      "key": "PageDown",
      "beforeValue": "Africa/Brazzaville",
      "afterValue": "Africa/Bujumbura",
      "beforePosition": 12,
      "afterPosition": 13,
      "rowAdvance": 1,
      "beforeRow": {
        "top": 811,
        "bottom": 873,
        "left": 17,
        "right": 263,
        "height": 62,
        "width": 246
      },
      "afterRow": {
        "top": 811,
        "bottom": 873,
        "left": 38,
        "right": 242,
        "height": 62,
        "width": 204
      },
      "clientHeight": 320,
      "visible": true
    },
    {
      "file": "page-navigation-tall-control",
      "engine": "chromium",
      "version": "candidate",
      "field": "source-zone",
      "step": 26,
      "key": "PageUp",
      "beforeValue": "Africa/Brazzaville",
      "afterValue": "Africa/Blantyre",
      "beforePosition": 12,
      "afterPosition": 11,
      "rowAdvance": 1,
      "beforeRow": {
        "top": 553,
        "bottom": 615,
        "left": 38,
        "right": 242,
        "height": 62,
        "width": 204
      },
      "afterRow": {
        "top": 553,
        "bottom": 615,
        "left": 38,
        "right": 242,
        "height": 62,
        "width": 204
      },
      "clientHeight": 320,
      "visible": true
    },
    {
      "file": "page-navigation-tall-control",
      "engine": "webkit",
      "version": "candidate",
      "field": "target-zone",
      "step": 3,
      "key": "PageDown",
      "beforeValue": "Africa/Bissau",
      "afterValue": "Africa/Blantyre",
      "beforePosition": 10,
      "afterPosition": 11,
      "rowAdvance": 1,
      "beforeRow": {
        "top": 706,
        "bottom": 768,
        "left": 54,
        "right": 421,
        "height": 62,
        "width": 367
      },
      "afterRow": {
        "top": 706,
        "bottom": 768,
        "left": 54,
        "right": 421,
        "height": 62,
        "width": 367
      },
      "clientHeight": 320,
      "visible": true
    },
    {
      "file": "page-navigation-tall-control",
      "engine": "webkit",
      "version": "candidate",
      "field": "target-zone",
      "step": 5,
      "key": "PageDown",
      "beforeValue": "Africa/Casablanca",
      "afterValue": "Africa/Ceuta",
      "beforePosition": 15,
      "afterPosition": 16,
      "rowAdvance": 1,
      "beforeRow": {
        "top": 706,
        "bottom": 768,
        "left": 54,
        "right": 421,
        "height": 62,
        "width": 367
      },
      "afterRow": {
        "top": 706,
        "bottom": 768,
        "left": 54,
        "right": 421,
        "height": 62,
        "width": 367
      },
      "clientHeight": 320,
      "visible": true
    },
    {
      "file": "page-navigation-tall-control",
      "engine": "webkit",
      "version": "candidate",
      "field": "target-zone",
      "step": 20,
      "key": "PageDown",
      "beforeValue": "Africa/Johannesburg",
      "afterValue": "Africa/Juba",
      "beforePosition": 26,
      "afterPosition": 27,
      "rowAdvance": 1,
      "beforeRow": {
        "top": 651,
        "bottom": 713,
        "left": 38,
        "right": 242,
        "height": 62,
        "width": 204
      },
      "afterRow": {
        "top": 651,
        "bottom": 713,
        "left": 38,
        "right": 242,
        "height": 62,
        "width": 204
      },
      "clientHeight": 320,
      "visible": true
    },
    {
      "file": "page-navigation-tall-control",
      "engine": "webkit",
      "version": "candidate",
      "field": "target-zone",
      "step": 22,
      "key": "PageDown",
      "beforeValue": "Africa/Kinshasa",
      "afterValue": "Africa/Lagos",
      "beforePosition": 31,
      "afterPosition": 32,
      "rowAdvance": 1,
      "beforeRow": {
        "top": 651,
        "bottom": 713,
        "left": 38,
        "right": 242,
        "height": 62,
        "width": 204
      },
      "afterRow": {
        "top": 651,
        "bottom": 713,
        "left": 38,
        "right": 242,
        "height": 62,
        "width": 204
      },
      "clientHeight": 320,
      "visible": true
    },
    {
      "file": "page-navigation-tall-control",
      "engine": "webkit",
      "version": "candidate",
      "field": "target-zone",
      "step": 26,
      "key": "PageUp",
      "beforeValue": "Africa/Dar_es_Salaam",
      "afterValue": "Africa/Dakar",
      "beforePosition": 19,
      "afterPosition": 18,
      "rowAdvance": 1,
      "beforeRow": {
        "top": 393,
        "bottom": 455,
        "left": 38,
        "right": 242,
        "height": 62,
        "width": 204
      },
      "afterRow": {
        "top": 393,
        "bottom": 455,
        "left": 38,
        "right": 242,
        "height": 62,
        "width": 204
      },
      "clientHeight": 320,
      "visible": true
    },
    {
      "file": "page-navigation-tall-control",
      "engine": "webkit",
      "version": "candidate",
      "field": "source-zone",
      "step": 3,
      "key": "PageDown",
      "beforeValue": "Africa/Bissau",
      "afterValue": "Africa/Blantyre",
      "beforePosition": 10,
      "afterPosition": 11,
      "rowAdvance": 1,
      "beforeRow": {
        "top": 866,
        "bottom": 928,
        "left": 54,
        "right": 421,
        "height": 62,
        "width": 367
      },
      "afterRow": {
        "top": 866,
        "bottom": 928,
        "left": 54,
        "right": 421,
        "height": 62,
        "width": 367
      },
      "clientHeight": 320,
      "visible": true
    },
    {
      "file": "page-navigation-tall-control",
      "engine": "webkit",
      "version": "candidate",
      "field": "source-zone",
      "step": 5,
      "key": "PageDown",
      "beforeValue": "Africa/Casablanca",
      "afterValue": "Africa/Ceuta",
      "beforePosition": 15,
      "afterPosition": 16,
      "rowAdvance": 1,
      "beforeRow": {
        "top": 866,
        "bottom": 928,
        "left": 54,
        "right": 421,
        "height": 62,
        "width": 367
      },
      "afterRow": {
        "top": 866,
        "bottom": 928,
        "left": 54,
        "right": 421,
        "height": 62,
        "width": 367
      },
      "clientHeight": 320,
      "visible": true
    },
    {
      "file": "page-navigation-tall-control",
      "engine": "webkit",
      "version": "candidate",
      "field": "source-zone",
      "step": 11,
      "key": "PageUp",
      "beforeValue": "munich",
      "afterValue": "milan",
      "beforePosition": 474,
      "afterPosition": 473,
      "rowAdvance": 1,
      "beforeRow": {
        "top": 608,
        "bottom": 670,
        "left": 54,
        "right": 421,
        "height": 62,
        "width": 367
      },
      "afterRow": {
        "top": 608,
        "bottom": 670,
        "left": 54,
        "right": 421,
        "height": 62,
        "width": 367
      },
      "clientHeight": 320,
      "visible": true
    },
    {
      "file": "page-navigation-tall-control",
      "engine": "webkit",
      "version": "candidate",
      "field": "source-zone",
      "step": 13,
      "key": "PageDown",
      "beforeValue": "UTC",
      "afterValue": "Africa/Abidjan",
      "beforePosition": 1,
      "afterPosition": 2,
      "rowAdvance": 1,
      "beforeRow": {
        "top": 608,
        "bottom": 652,
        "left": 54,
        "right": 421,
        "height": 44,
        "width": 367
      },
      "afterRow": {
        "top": 652,
        "bottom": 714,
        "left": 54,
        "right": 421,
        "height": 62,
        "width": 367
      },
      "clientHeight": 320,
      "visible": true
    },
    {
      "file": "page-navigation-tall-control",
      "engine": "webkit",
      "version": "candidate",
      "field": "source-zone",
      "step": 14,
      "key": "PageDown",
      "beforeValue": "Africa/Abidjan",
      "afterValue": "Africa/Accra",
      "beforePosition": 2,
      "afterPosition": 3,
      "rowAdvance": 1,
      "beforeRow": {
        "top": 652,
        "bottom": 714,
        "left": 54,
        "right": 421,
        "height": 62,
        "width": 367
      },
      "afterRow": {
        "top": 714,
        "bottom": 776,
        "left": 54,
        "right": 421,
        "height": 62,
        "width": 367
      },
      "clientHeight": 320,
      "visible": true
    },
    {
      "file": "page-navigation-tall-control",
      "engine": "webkit",
      "version": "candidate",
      "field": "source-zone",
      "step": 20,
      "key": "PageDown",
      "beforeValue": "Africa/Djibouti",
      "afterValue": "Africa/Douala",
      "beforePosition": 20,
      "afterPosition": 21,
      "rowAdvance": 1,
      "beforeRow": {
        "top": 811,
        "bottom": 873,
        "left": 38,
        "right": 242,
        "height": 62,
        "width": 204
      },
      "afterRow": {
        "top": 811,
        "bottom": 873,
        "left": 38,
        "right": 242,
        "height": 62,
        "width": 204
      },
      "clientHeight": 320,
      "visible": true
    },
    {
      "file": "page-navigation-tall-control",
      "engine": "webkit",
      "version": "candidate",
      "field": "source-zone",
      "step": 25,
      "key": "PageUp",
      "beforeValue": "Africa/Djibouti",
      "afterValue": "Africa/Dar_es_Salaam",
      "beforePosition": 20,
      "afterPosition": 19,
      "rowAdvance": 1,
      "beforeRow": {
        "top": 553,
        "bottom": 615,
        "left": 38,
        "right": 242,
        "height": 62,
        "width": 204
      },
      "afterRow": {
        "top": 553,
        "bottom": 615,
        "left": 38,
        "right": 242,
        "height": 62,
        "width": 204
      },
      "clientHeight": 320,
      "visible": true
    }
  ],
  "baselineSingleRow": []
}
