{
  "startedAt": "2026-10-05T12:01:16.610Z",
  "endedAt": "2026-10-05T12:01:31.538Z",
  "environment": {
    "platform": "darwin",
    "arch": "arm64",
    "bun": "1.4.0",
    "chromium": "153.0.8010.12",
    "webkit": "26.6"
  },
  "cases": [
    {
      "engine": "chromium",
      "version": "baseline",
      "field": "target-zone",
      "pass": true,
      "pageErrors": [],
      "csp": [],
      "console": []
    },
    {
      "engine": "chromium",
      "version": "baseline",
      "field": "source-zone",
      "pass": true,
      "pageErrors": [],
      "csp": [],
      "console": []
    },
    {
      "engine": "chromium",
      "version": "candidate",
      "field": "target-zone",
      "pass": true,
      "pageErrors": [],
      "csp": [],
      "console": []
    },
    {
      "engine": "chromium",
      "version": "candidate",
      "field": "source-zone",
      "pass": true,
      "pageErrors": [],
      "csp": [],
      "console": []
    },
    {
      "engine": "webkit",
      "version": "baseline",
      "field": "target-zone",
      "pass": true,
      "pageErrors": [],
      "csp": [],
      "console": []
    },
    {
      "engine": "webkit",
      "version": "baseline",
      "field": "source-zone",
      "pass": true,
      "pageErrors": [],
      "csp": [],
      "console": []
    },
    {
      "engine": "webkit",
      "version": "candidate",
      "field": "target-zone",
      "pass": true,
      "pageErrors": [],
      "csp": [],
      "console": []
    },
    {
      "engine": "webkit",
      "version": "candidate",
      "field": "source-zone",
      "pass": true,
      "pageErrors": [],
      "csp": [],
      "console": []
    }
  ]
}
