web	Run bun run test:browser	﻿2026-10-04T20:01:06.3597260Z ##[group]Run bun run test:browser
web	Run bun run test:browser	2026-10-04T20:01:06.3597780Z ^[[36;1mbun run test:browser^[[0m
web	Run bun run test:browser	2026-10-04T20:01:06.3598237Z shell: bash --noprofile --norc -e -o pipefail {0}
web	Run bun run test:browser	2026-10-04T20:01:06.3598565Z env:
web	Run bun run test:browser	2026-10-04T20:01:06.3598800Z   PLAYWRIGHT_BROWSERS_PATH: /ms-playwright
web	Run bun run test:browser	2026-10-04T20:01:06.3599121Z   PLAYWRIGHT_IMAGE_VERSION: 1.63.0
web	Run bun run test:browser	2026-10-04T20:01:06.3599395Z   PUBLISH_PAGES: true
web	Run bun run test:browser	2026-10-04T20:01:06.3599635Z   MISE_LOG_LEVEL: info
web	Run bun run test:browser	2026-10-04T20:01:06.3602571Z   MISE_GITHUB_TOKEN: ***
web	Run bun run test:browser	2026-10-04T20:01:06.3602949Z   MISE_TRUSTED_CONFIG_PATHS: /__w/ChronoShift/ChronoShift
web	Run bun run test:browser	2026-10-04T20:01:06.3603288Z   MISE_YES: 1
web	Run bun run test:browser	2026-10-04T20:01:06.3604444Z   PATH: /github/home/.local/share/mise/installs/bun/1.4.0/bin:/github/home/.local/share/mise/installs/node/26.8.1/bin:/github/home/.local/share/mise/installs/gh/2.100.0/gh_2.100.0_linux_amd64/bin:/github/home/.local/share/mise/shims:/github/home/.local/share/mise/bin:/usr/local/sbin:/usr/local/bin:/usr/sbin:/usr/bin:/sbin:/bin
web	Run bun run test:browser	2026-10-04T20:01:06.3605650Z ##[endgroup]
web	Run bun run test:browser	2026-10-04T20:01:06.4245529Z $ bunx --bun playwright test
web	Run bun run test:browser	2026-10-04T20:01:07.6804547Z 
web	Run bun run test:browser	2026-10-04T20:01:07.6805321Z Running 238 tests using 4 workers
web	Run bun run test:browser	2026-10-04T20:01:07.6805778Z 
web	Run bun run test:browser	2026-10-04T20:01:10.2445050Z   ✓    1 [foldable] › e2e/foldable.spec.ts:112:0 › notch and home-indicator safe areas inset the task (1.4s)
web	Run bun run test:browser	2026-10-04T20:01:11.0580447Z   ✓    4 [foldable] › e2e/foldable.spec.ts:70:0 › tabletop posture confines the scrollable task to the upper screen (2.2s)
web	Run bun run test:browser	2026-10-04T20:01:11.1538550Z   ✓    2 [foldable] › e2e/foldable.spec.ts:4:0 › input and results avoid a vertical hinge and survive folding (2.3s)
web	Run bun run test:browser	2026-10-04T20:01:13.2687724Z   ✓    3 [chromium] › e2e/app.spec.ts:6:0 › worker failure recovers and a late response cannot resurrect cleared input (4.4s)
web	Run bun run test:browser	2026-10-04T20:01:14.5142561Z   ✓    7 [chromium] › e2e/app.spec.ts:130:0 › missing cache reports incomplete and reconnect repairs the complete offline app (2.2s)
web	Run bun run test:browser	2026-10-04T20:01:14.6410476Z   ✓    6 [chromium] › e2e/app.spec.ts:90:0 › a delayed failed readiness probe cannot overwrite a newer successful check (2.5s)
web	Run bun run test:browser	2026-10-04T20:01:15.1076141Z   ✓    8 [chromium] › e2e/app.spec.ts:162:0 › pasted HTML cannot execute or fetch its URL (1.8s)
web	Run bun run test:browser	2026-10-04T20:01:15.2447861Z   ✓    5 [chromium] › e2e/app.spec.ts:67:0 › an intact offline app survives a failed registration check while changing target zones (3.9s)
web	Run bun run test:browser	2026-10-04T20:01:16.8847656Z   ✓    9 [chromium] › e2e/app.spec.ts:182:0 › convert, inspect ambiguity, copy manually and protect privacy (2.4s)
web	Run bun run test:browser	2026-10-04T20:01:17.0885249Z   ✓   10 [chromium] › e2e/app.spec.ts:215:0 › close and reopen offline, then convert previously unseen input (2.4s)
web	Run bun run test:browser	2026-10-04T20:01:18.1790707Z   ✓   11 [chromium] › e2e/app.spec.ts:239:0 › preferences persist, input does not; denied storage still converts (3.1s)
web	Run bun run test:browser	2026-10-04T20:01:18.4672175Z   ✓   14 [chromium] › e2e/app.spec.ts:340:0 › offline POST share is single-use and never places message in URL (1.4s)
web	Run bun run test:browser	2026-10-04T20:01:19.6468326Z   ✓   12 [chromium] › e2e/app.spec.ts:267:0 › input errors recover, edits invalidate results, keyboard keeps multiline input (4.4s)
web	Run bun run test:browser	2026-10-04T20:01:22.5525369Z   ✓   15 [chromium] › e2e/app.spec.ts:378:0 › an update waits, preserves draft on opt-in, and survives a partial next update (4.4s)
web	Run bun run test:browser	2026-10-04T20:01:22.6743911Z   ✓   13 [chromium] › e2e/app.spec.ts:286:0 › readable at 320px, dark mode, with no serious accessibility violations (5.8s)
web	Run bun run test:browser	2026-10-04T20:01:25.9517678Z   ✓   19 [chromium] › e2e/diagnostics.spec.ts:12:0 › detailed logs are opt-in, local, exclude message and selected zones, and stop when disabled (3.3s)
web	Run bun run test:browser	2026-10-04T20:01:27.2852687Z   ✓   20 [chromium] › e2e/diagnostics.spec.ts:84:0 › detailed logging survives a tab reload and reset preferences disables it (1.3s)
web	Run bun run test:browser	2026-10-04T20:01:27.3596903Z   ✓   17 [chromium] › e2e/controls.spec.ts:232:0 › choice menus support keyboard selection, nested Escape and pointer dismissal (7.7s)
web	Run bun run test:browser	2026-10-04T20:01:28.0984368Z   ✓   18 [chromium] › e2e/controls.spec.ts:339:0 › timezone search preserves freeform offsets and recovers from empty and invalid choices (5.5s)
web	Run bun run test:browser	2026-10-04T20:01:29.2033333Z   ✓   21 [chromium] › e2e/diagnostics.spec.ts:114:0 › detailed logs still work in memory when session storage is denied (1.9s)
web	Run bun run test:browser	2026-10-04T20:01:29.6853314Z   ✓   23 [chromium] › e2e/diagnostics.spec.ts:191:0 › corrupt cached files fail integrity checks and detailed logs identify bounded repair failure (1.6s)
web	Run bun run test:browser	2026-10-04T20:01:30.5243578Z   ✓   22 [chromium] › e2e/diagnostics.spec.ts:145:0 › a retired release repairs only missing files using its intact cached assets (3.1s)
web	Run bun run test:browser	2026-10-04T20:01:30.6733199Z   ✓   16 [chromium] › e2e/controls.spec.ts:55:0 › themed choices align and their opened menus fit every breakpoint without losing work (12.2s)
web	Run bun run test:browser	2026-10-04T20:01:31.9197738Z   ✓   25 [chromium] › e2e/engine.spec.ts:4:0 › independent exact fixture expectations run in the production browser worker (2.2s)
web	Run bun run test:browser	2026-10-04T20:01:34.8367998Z   ✓   26 [chromium] › e2e/imports.spec.ts:5:2 › delayed clipboard offers replacement instead of overwriting edited or cleared work (4.3s)
web	Run bun run test:browser	2026-10-04T20:01:35.2815676Z   ✓   28 [chromium] › e2e/imports.spec.ts:171:0 › an unresolved target hides copyable fallback results and correction restores the source interpretation (3.3s)
web	Run bun run test:browser	2026-10-04T20:01:35.8259314Z   ✓   24 [chromium] › e2e/diagnostics.spec.ts:232:0 › waiting updates remain actionable when a current cache probe times out (6.6s)
web	Run bun run test:browser	2026-10-04T20:01:37.4383506Z   ✓   27 [chromium] › e2e/imports.spec.ts:5:2 › delayed share offers replacement instead of overwriting edited or cleared work (6.8s)
web	Run bun run test:browser	2026-10-04T20:01:38.1733064Z   ✓   31 [chromium] › e2e/offline-install.spec.ts:31:0 › a transient initial registration failure retries before any controller exists (2.3s)
web	Run bun run test:browser	2026-10-04T20:01:39.2985059Z   ✓   29 [chromium] › e2e/live.spec.ts:4:0 › typing, pasted text and conversion settings update without submission (4.5s)
web	Run bun run test:browser	2026-10-04T20:01:39.4340198Z   ✓   33 [chromium] › e2e/offline-install.spec.ts:82:0 › a stale mutable release marker is refetched and checked before offline readiness (1.2s)
web	Run bun run test:browser	2026-10-04T20:01:39.6372424Z   ✓   32 [chromium] › e2e/offline-install.spec.ts:59:0 › slow first installation clears its expired warning without losing conversion (2.2s)
web	Run bun run test:browser	2026-10-04T20:01:40.6633746Z   ✓   30 [chromium] › e2e/live.spec.ts:30:0 › composition defers conversion and queued work cannot overwrite a newer draft (5.4s)
web	Run bun run test:browser	2026-10-04T20:01:41.5265637Z   ✓   34 [chromium] › e2e/offline-install.spec.ts:106:0 › a rejected first installation retries without reloading or clearing input (2.2s)
web	Run bun run test:browser	2026-10-04T20:01:42.3888310Z   ✓   36 [chromium] › e2e/offline-install.spec.ts:155:0 › HTML response rewriting cannot break first installation or offline navigation (2.7s)
web	Run bun run test:browser	2026-10-04T20:01:43.4174913Z   ✓   37 [chromium] › e2e/privacy.spec.ts:6:2 › legacy lens preferences migrate, reset removes them and quota failures keep conversion usable (2.7s)
web	Run bun run test:browser	2026-10-04T20:01:43.6970258Z   ✓   38 [chromium] › e2e/privacy.spec.ts:6:2 › legacy command preferences migrate, reset removes them and quota failures keep conversion usable (2.2s)
web	Run bun run test:browser	2026-10-04T20:01:44.0631297Z   ✓   39 [chromium] › e2e/privacy.spec.ts:85:0 › invalid and oversized local shares return a paste fallback without storing text (1.7s)
web	Run bun run test:browser	2026-10-04T20:01:45.6630155Z   ✓   40 [chromium] › e2e/privacy.spec.ts:119:0 › expired and invalid temporary text is consumed and erased without restoring it (2.2s)
web	Run bun run test:browser	2026-10-04T20:01:45.8089647Z   ✓   35 [chromium] › e2e/offline-install.spec.ts:126:0 › persistently wrong release bytes never activate or claim offline readiness (6.4s)
web	Run bun run test:browser	2026-10-04T20:01:46.7870422Z   ✓   43 [chromium] › e2e/responsive.spec.ts:83:0 › touch-sized controls and keyboard navigation remain usable in a short viewport (1.1s)
web	Run bun run test:browser	2026-10-04T20:01:47.3718590Z   ✓   41 [chromium] › e2e/privacy.spec.ts:223:0 › denied update storage keeps the draft active and requires clearing before reload (3.7s)
web	Run bun run test:browser	2026-10-04T20:01:47.6620673Z   ✓   42 [chromium] › e2e/responsive.spec.ts:4:0 › reflows across cover screens, phones, tablets and desktops without losing work (3.6s)
web	Run bun run test:browser	2026-10-04T20:01:49.2255098Z   ✓   44 [chromium] › e2e/uncontrolled.spec.ts:43:0 › an activated worker reclaims a hard-refreshed tab without reloading its draft (3.4s)
web	Run bun run test:browser	2026-10-04T20:01:49.6436149Z   ✓   46 [chromium] › e2e/updates.spec.ts:6:0 › repair refuses another release and leaves the existing offline shell intact (2.3s)
web	Run bun run test:browser	2026-10-04T20:01:52.6888561Z   ✓   47 [chromium] › e2e/updates.spec.ts:45:0 › an interrupted rollback preserves a retained cache and its old tab worker (5.0s)
web	Run bun run test:browser	2026-10-04T20:01:52.9959331Z   ✓   48 [chromium] › e2e/updates.spec.ts:93:0 › oversized drafts block an update until they can be safely preserved (3.8s)
web	Run bun run test:browser	2026-10-04T20:01:53.0665729Z   ✓   45 [chromium] › e2e/uncontrolled.spec.ts:76:0 › an older active worker cannot mark an uncontrolled tab ready or activate its waiting update (6.3s)
web	Run bun run test:browser	2026-10-04T20:01:59.3265355Z   ✓   49 [chromium] › e2e/updates.spec.ts:209:0 › old and new tabs retain their own workers across successive releases and offline restart (9.7s)
web	Run bun run test:browser	2026-10-04T20:01:59.9640568Z   ✓   51 [firefox] › e2e/app.spec.ts:6:0 › worker failure recovers and a late response cannot resurrect cleared input (5.5s)
web	Run bun run test:browser	2026-10-04T20:02:00.9826231Z   ✓   52 [firefox] › e2e/app.spec.ts:67:0 › an intact offline app survives a failed registration check while changing target zones (5.7s)
web	Run bun run test:browser	2026-10-04T20:02:02.8980977Z   ✓   50 [chromium] › e2e/updates.spec.ts:270:0 › rollback preserves draft and preferences and removes obsolete caches with one remaining tab (10.2s)
web	Run bun run test:browser	2026-10-04T20:02:03.7844673Z   ✓   55 [firefox] › e2e/app.spec.ts:162:0 › pasted HTML cannot execute or fetch its URL (2.8s)
web	Run bun run test:browser	2026-10-04T20:02:04.1392709Z   ✓   54 [firefox] › e2e/app.spec.ts:130:0 › missing cache reports incomplete and reconnect repairs the complete offline app (4.2s)
web	Run bun run test:browser	2026-10-04T20:02:05.5711502Z   ✓   53 [firefox] › e2e/app.spec.ts:90:0 › a delayed failed readiness probe cannot overwrite a newer successful check (5.0s)
web	Run bun run test:browser	2026-10-04T20:02:08.0572140Z   ✓   57 [firefox] › e2e/app.spec.ts:215:0 › close and reopen offline, then convert previously unseen input (4.3s)
web	Run bun run test:browser	2026-10-04T20:02:09.1314829Z   ✓   56 [firefox] › e2e/app.spec.ts:182:0 › convert, inspect ambiguity, copy manually and protect privacy (4.6s)
web	Run bun run test:browser	2026-10-04T20:02:09.4466074Z   ✓   58 [firefox] › e2e/app.spec.ts:239:0 › preferences persist, input does not; denied storage still converts (5.3s)
web	Run bun run test:browser	2026-10-04T20:02:11.0378333Z   ✓   59 [firefox] › e2e/app.spec.ts:267:0 › input errors recover, edits invalidate results, keyboard keeps multiline input (5.4s)
web	Run bun run test:browser	2026-10-04T20:02:11.7688044Z   ✓   61 [firefox] › e2e/app.spec.ts:340:0 › offline POST share is single-use and never places message in URL (2.6s)
web	Run bun run test:browser	2026-10-04T20:02:14.0552974Z   ✓   60 [firefox] › e2e/app.spec.ts:286:0 › readable at 320px, dark mode, with no serious accessibility violations (6.0s)
web	Run bun run test:browser	2026-10-04T20:02:16.4486253Z   ✓   62 [firefox] › e2e/app.spec.ts:378:0 › an update waits, preserves draft on opt-in, and survives a partial next update (7.0s)
web	Run bun run test:browser	2026-10-04T20:02:21.2374984Z   ✓   66 [firefox] › e2e/diagnostics.spec.ts:12:0 › detailed logs are opt-in, local, exclude message and selected zones, and stop when disabled (4.8s)
web	Run bun run test:browser	2026-10-04T20:02:21.6979981Z   ✓   65 [firefox] › e2e/controls.spec.ts:339:0 › timezone search preserves freeform offsets and recovers from empty and invalid choices (7.6s)
web	Run bun run test:browser	2026-10-04T20:02:21.8873921Z   ✓   64 [firefox] › e2e/controls.spec.ts:232:0 › choice menus support keyboard selection, nested Escape and pointer dismissal (10.1s)
web	Run bun run test:browser	2026-10-04T20:02:24.2588909Z   ✓   67 [firefox] › e2e/diagnostics.spec.ts:84:0 › detailed logging survives a tab reload and reset preferences disables it (3.0s)
web	Run bun run test:browser	2026-10-04T20:02:24.3119039Z   ✓   68 [firefox] › e2e/diagnostics.spec.ts:114:0 › detailed logs still work in memory when session storage is denied (2.6s)
web	Run bun run test:browser	2026-10-04T20:02:25.1312602Z   ✓   69 [firefox] › e2e/diagnostics.spec.ts:145:0 › a retired release repairs only missing files using its intact cached assets (3.2s)
web	Run bun run test:browser	2026-10-04T20:02:26.6009087Z   ✓   70 [firefox] › e2e/diagnostics.spec.ts:191:0 › corrupt cached files fail integrity checks and detailed logs identify bounded repair failure (2.3s)
web	Run bun run test:browser	2026-10-04T20:02:27.1087146Z   ✓   72 [firefox] › e2e/engine.spec.ts:4:0 › independent exact fixture expectations run in the production browser worker (2.0s)
web	Run bun run test:browser	2026-10-04T20:02:30.9573410Z   ✓   71 [firefox] › e2e/diagnostics.spec.ts:232:0 › waiting updates remain actionable when a current cache probe times out (6.6s)
web	Run bun run test:browser	2026-10-04T20:02:32.4235877Z   ✓   73 [firefox] › e2e/imports.spec.ts:5:2 › delayed clipboard offers replacement instead of overwriting edited or cleared work (5.8s)
web	Run bun run test:browser	2026-10-04T20:02:34.7704895Z   ✓   63 [firefox] › e2e/controls.spec.ts:55:0 › themed choices align and their opened menus fit every breakpoint without losing work (23.7s)
web	Run bun run test:browser	2026-10-04T20:02:35.3603617Z   ✓   75 [firefox] › e2e/imports.spec.ts:171:0 › an unresolved target hides copyable fallback results and correction restores the source interpretation (4.3s)
web	Run bun run test:browser	2026-10-04T20:02:37.2066529Z   ✓   74 [firefox] › e2e/imports.spec.ts:5:2 › delayed share offers replacement instead of overwriting edited or cleared work (10.1s)
web	Run bun run test:browser	2026-10-04T20:02:37.8699592Z   ✓   76 [firefox] › e2e/live.spec.ts:4:0 › typing, pasted text and conversion settings update without submission (5.4s)
web	Run bun run test:browser	2026-10-04T20:02:38.0392818Z   ✓   78 [firefox] › e2e/offline-install.spec.ts:31:0 › a transient initial registration failure retries before any controller exists (2.7s)
web	Run bun run test:browser	2026-10-04T20:02:40.6395468Z   ✓   79 [firefox] › e2e/offline-install.spec.ts:59:0 › slow first installation clears its expired warning without losing conversion (3.4s)
web	Run bun run test:browser	2026-10-04T20:02:40.8579396Z   ✓   77 [firefox] › e2e/live.spec.ts:30:0 › composition defers conversion and queued work cannot overwrite a newer draft (6.1s)
web	Run bun run test:browser	2026-10-04T20:02:41.8274976Z   ✓   80 [firefox] › e2e/offline-install.spec.ts:82:0 › a stale mutable release marker is refetched and checked before offline readiness (3.9s)
web	Run bun run test:browser	2026-10-04T20:02:42.7690378Z   ✓   81 [firefox] › e2e/offline-install.spec.ts:106:0 › a rejected first installation retries without reloading or clearing input (4.7s)
web	Run bun run test:browser	2026-10-04T20:02:45.4527034Z   ✓   83 [firefox] › e2e/offline-install.spec.ts:155:0 › HTML response rewriting cannot break first installation or offline navigation (4.6s)
web	Run bun run test:browser	2026-10-04T20:02:46.7543413Z   ✓   85 [firefox] › e2e/privacy.spec.ts:6:2 › legacy command preferences migrate, reset removes them and quota failures keep conversion usable (4.0s)
web	Run bun run test:browser	2026-10-04T20:02:47.3339673Z   ✓   84 [firefox] › e2e/privacy.spec.ts:6:2 › legacy lens preferences migrate, reset removes them and quota failures keep conversion usable (5.5s)
web	Run bun run test:browser	2026-10-04T20:02:47.7013654Z   ✓   86 [firefox] › e2e/privacy.spec.ts:85:0 › invalid and oversized local shares return a paste fallback without storing text (2.2s)
web	Run bun run test:browser	2026-10-04T20:02:48.2100397Z   ✓   82 [firefox] › e2e/offline-install.spec.ts:126:0 › persistently wrong release bytes never activate or claim offline readiness (7.5s)
web	Run bun run test:browser	2026-10-04T20:02:51.0095112Z   ✓   90 [firefox] › e2e/responsive.spec.ts:83:0 › touch-sized controls and keyboard navigation remain usable in a short viewport (2.8s)
web	Run bun run test:browser	2026-10-04T20:02:51.5682751Z   ✓   88 [firefox] › e2e/privacy.spec.ts:223:0 › denied update storage keeps the draft active and requires clearing before reload (4.2s)
web	Run bun run test:browser	2026-10-04T20:02:52.1639056Z   -   92 [firefox] › e2e/uncontrolled.spec.ts:76:0 › an older active worker cannot mark an uncontrolled tab ready or activate its waiting update
web	Run bun run test:browser	2026-10-04T20:02:52.5762632Z   ✓   87 [firefox] › e2e/privacy.spec.ts:119:0 › expired and invalid temporary text is consumed and erased without restoring it (5.8s)
web	Run bun run test:browser	2026-10-04T20:02:52.9876659Z   -   91 [firefox] › e2e/uncontrolled.spec.ts:43:0 › an activated worker reclaims a hard-refreshed tab without reloading its draft
web	Run bun run test:browser	2026-10-04T20:02:53.1878274Z   ✓   89 [firefox] › e2e/responsive.spec.ts:4:0 › reflows across cover screens, phones, tablets and desktops without losing work (5.5s)
web	Run bun run test:browser	2026-10-04T20:02:55.8863392Z   ✓   93 [firefox] › e2e/updates.spec.ts:6:0 › repair refuses another release and leaves the existing offline shell intact (3.7s)
web	Run bun run test:browser	2026-10-04T20:02:57.4861517Z   ✓   95 [firefox] › e2e/updates.spec.ts:93:0 › oversized drafts block an update until they can be safely preserved (4.5s)
web	Run bun run test:browser	2026-10-04T20:02:59.5070131Z   ✓   94 [firefox] › e2e/updates.spec.ts:45:0 › an interrupted rollback preserves a retained cache and its old tab worker (6.9s)
web	Run bun run test:browser	2026-10-04T20:03:05.7078350Z   ✓   98 [webkit] › e2e/app.spec.ts:6:0 › worker failure recovers and a late response cannot resurrect cleared input (6.3s)
web	Run bun run test:browser	2026-10-04T20:03:05.8370289Z   ✓   99 [webkit] › e2e/app.spec.ts:67:0 › an intact offline app survives a failed registration check while changing target zones (4.5s)
web	Run bun run test:browser	2026-10-04T20:03:07.6310655Z   ✓   97 [firefox] › e2e/updates.spec.ts:270:0 › rollback preserves draft and preferences and removes obsolete caches with one remaining tab (11.7s)
web	Run bun run test:browser	2026-10-04T20:03:07.8058846Z   ✓   96 [firefox] › e2e/updates.spec.ts:209:0 › old and new tabs retain their own workers across successive releases and offline restart (14.6s)
web	Run bun run test:browser	2026-10-04T20:03:09.9754111Z   ✓  100 [webkit] › e2e/app.spec.ts:90:0 › a delayed failed readiness probe cannot overwrite a newer successful check (4.2s)
web	Run bun run test:browser	2026-10-04T20:03:10.7793696Z   ✓  101 [webkit] › e2e/app.spec.ts:130:0 › missing cache reports incomplete and reconnect repairs the complete offline app (4.9s)
web	Run bun run test:browser	2026-10-04T20:03:12.7706983Z   ✓  102 [webkit] › e2e/app.spec.ts:162:0 › pasted HTML cannot execute or fetch its URL (3.5s)
web	Run bun run test:browser	2026-10-04T20:03:14.1636170Z   ✓  103 [webkit] › e2e/app.spec.ts:182:0 › convert, inspect ambiguity, copy manually and protect privacy (4.3s)
web	Run bun run test:browser	2026-10-04T20:03:14.9018200Z   ✓  104 [webkit] › e2e/app.spec.ts:215:0 › close and reopen offline, then convert previously unseen input (4.9s)
web	Run bun run test:browser	2026-10-04T20:03:16.8951392Z   ✓  105 [webkit] › e2e/app.spec.ts:239:0 › preferences persist, input does not; denied storage still converts (6.1s)
web	Run bun run test:browser	2026-10-04T20:03:17.8990089Z   ✓  106 [webkit] › e2e/app.spec.ts:267:0 › input errors recover, edits invalidate results, keyboard keeps multiline input (5.1s)
web	Run bun run test:browser	2026-10-04T20:03:18.1817625Z   ✓  108 [webkit] › e2e/app.spec.ts:340:0 › offline POST share is single-use and never places message in URL (3.2s)
web	Run bun run test:browser	2026-10-04T20:03:22.5474193Z   ✓  107 [webkit] › e2e/app.spec.ts:286:0 › readable at 320px, dark mode, with no serious accessibility violations (8.4s)
web	Run bun run test:browser	2026-10-04T20:03:23.6866462Z   ✓  109 [webkit] › e2e/app.spec.ts:378:0 › an update waits, preserves draft on opt-in, and survives a partial next update (6.8s)
web	Run bun run test:browser	2026-10-04T20:03:30.3133375Z   ✓  113 [webkit] › e2e/diagnostics.spec.ts:12:0 › detailed logs are opt-in, local, exclude message and selected zones, and stop when disabled (6.6s)
web	Run bun run test:browser	2026-10-04T20:03:32.6139211Z   ✓  112 [webkit] › e2e/controls.spec.ts:339:0 › timezone search preserves freeform offsets and recovers from empty and invalid choices (10.0s)
web	Run bun run test:browser	2026-10-04T20:03:34.0016114Z   ✓  111 [webkit] › e2e/controls.spec.ts:232:0 › choice menus support keyboard selection, nested Escape and pointer dismissal (15.8s)
web	Run bun run test:browser	2026-10-04T20:03:35.9877998Z   ✓  114 [webkit] › e2e/diagnostics.spec.ts:84:0 › detailed logging survives a tab reload and reset preferences disables it (5.7s)
web	Run bun run test:browser	2026-10-04T20:03:36.2902178Z   ✓  115 [webkit] › e2e/diagnostics.spec.ts:114:0 › detailed logs still work in memory when session storage is denied (3.6s)
web	Run bun run test:browser	2026-10-04T20:03:37.1580919Z   ✓  116 [webkit] › e2e/diagnostics.spec.ts:145:0 › a retired release repairs only missing files using its intact cached assets (3.1s)
web	Run bun run test:browser	2026-10-04T20:03:39.4528500Z   ✓  117 [webkit] › e2e/diagnostics.spec.ts:191:0 › corrupt cached files fail integrity checks and detailed logs identify bounded repair failure (3.4s)
web	Run bun run test:browser	2026-10-04T20:03:40.6880627Z   ✓  119 [webkit] › e2e/engine.spec.ts:4:0 › independent exact fixture expectations run in the production browser worker (3.5s)
web	Run bun run test:browser	2026-10-04T20:03:42.3428104Z   ✓  118 [webkit] › e2e/diagnostics.spec.ts:232:0 › waiting updates remain actionable when a current cache probe times out (6.0s)
web	Run bun run test:browser	2026-10-04T20:03:46.8598473Z   ✓  120 [webkit] › e2e/imports.spec.ts:5:2 › delayed clipboard offers replacement instead of overwriting edited or cleared work (7.4s)
web	Run bun run test:browser	2026-10-04T20:03:48.1544364Z   ✓  122 [webkit] › e2e/imports.spec.ts:171:0 › an unresolved target hides copyable fallback results and correction restores the source interpretation (5.8s)
web	Run bun run test:browser	2026-10-04T20:03:53.3979206Z   ✓  121 [webkit] › e2e/imports.spec.ts:5:2 › delayed share offers replacement instead of overwriting edited or cleared work (12.7s)
web	Run bun run test:browser	2026-10-04T20:03:54.5722288Z   ✓  123 [webkit] › e2e/live.spec.ts:4:0 › typing, pasted text and conversion settings update without submission (7.7s)
web	Run bun run test:browser	2026-10-04T20:03:55.1459093Z   ✓  124 [webkit] › e2e/live.spec.ts:30:0 › composition defers conversion and queued work cannot overwrite a newer draft (7.0s)
web	Run bun run test:browser	2026-10-04T20:03:56.4146140Z   ✓  125 [webkit] › e2e/offline-install.spec.ts:31:0 › a transient initial registration failure retries before any controller exists (3.0s)
web	Run bun run test:browser	2026-10-04T20:03:58.8488163Z   ✓  127 [webkit] › e2e/offline-install.spec.ts:82:0 › a stale mutable release marker is refetched and checked before offline readiness (3.7s)
web	Run bun run test:browser	2026-10-04T20:04:00.2386705Z   ✓  126 [webkit] › e2e/offline-install.spec.ts:59:0 › slow first installation clears its expired warning without losing conversion (5.6s)
web	Run bun run test:browser	2026-10-04T20:04:00.5298253Z   ✓  110 [webkit] › e2e/controls.spec.ts:55:0 › themed choices align and their opened menus fit every breakpoint without losing work (42.6s)
web	Run bun run test:browser	2026-10-04T20:04:00.6908214Z   ✓  128 [webkit] › e2e/offline-install.spec.ts:106:0 › a rejected first installation retries without reloading or clearing input (4.3s)
web	Run bun run test:browser	2026-10-04T20:04:05.8294135Z   ✓  132 [webkit] › e2e/privacy.spec.ts:6:2 › legacy command preferences migrate, reset removes them and quota failures keep conversion usable (5.1s)
web	Run bun run test:browser	2026-10-04T20:04:05.9358832Z   ✓  130 [webkit] › e2e/offline-install.spec.ts:155:0 › HTML response rewriting cannot break first installation or offline navigation (5.7s)
web	Run bun run test:browser	2026-10-04T20:04:06.7751221Z   ✓  131 [webkit] › e2e/privacy.spec.ts:6:2 › legacy lens preferences migrate, reset removes them and quota failures keep conversion usable (6.2s)
web	Run bun run test:browser	2026-10-04T20:04:07.3514836Z   ✓  129 [webkit] › e2e/offline-install.spec.ts:126:0 › persistently wrong release bytes never activate or claim offline readiness (8.5s)
web	Run bun run test:browser	2026-10-04T20:04:08.0707606Z   ✓  133 [webkit] › e2e/privacy.spec.ts:85:0 › invalid and oversized local shares return a paste fallback without storing text (2.2s)
web	Run bun run test:browser	2026-10-04T20:04:11.1590042Z   ✓  137 [webkit] › e2e/responsive.spec.ts:83:0 › touch-sized controls and keyboard navigation remain usable in a short viewport (3.1s)
web	Run bun run test:browser	2026-10-04T20:04:11.8168309Z   ✓  135 [webkit] › e2e/privacy.spec.ts:223:0 › denied update storage keeps the draft active and requires clearing before reload (5.0s)
web	Run bun run test:browser	2026-10-04T20:04:12.0974120Z   -  138 [webkit] › e2e/uncontrolled.spec.ts:43:0 › an activated worker reclaims a hard-refreshed tab without reloading its draft
web	Run bun run test:browser	2026-10-04T20:04:12.9634766Z   -  139 [webkit] › e2e/uncontrolled.spec.ts:76:0 › an older active worker cannot mark an uncontrolled tab ready or activate its waiting update
web	Run bun run test:browser	2026-10-04T20:04:13.5977834Z   ✓  134 [webkit] › e2e/privacy.spec.ts:119:0 › expired and invalid temporary text is consumed and erased without restoring it (7.6s)
web	Run bun run test:browser	2026-10-04T20:04:15.7910184Z   ✓  140 [webkit] › e2e/updates.spec.ts:6:0 › repair refuses another release and leaves the existing offline shell intact (3.7s)
web	Run bun run test:browser	2026-10-04T20:04:18.3457416Z   ✓  136 [webkit] › e2e/responsive.spec.ts:4:0 › reflows across cover screens, phones, tablets and desktops without losing work (11.0s)
web	Run bun run test:browser	2026-10-04T20:04:18.4256089Z   ✓  142 [webkit] › e2e/updates.spec.ts:93:0 › oversized drafts block an update until they can be safely preserved (4.8s)
web	Run bun run test:browser	2026-10-04T20:04:20.1259245Z   ✓  141 [webkit] › e2e/updates.spec.ts:45:0 › an interrupted rollback preserves a retained cache and its old tab worker (7.1s)
web	Run bun run test:browser	2026-10-04T20:04:24.4789903Z   ✓  145 [android-emulation] › e2e/app.spec.ts:6:0 › worker failure recovers and a late response cannot resurrect cleared input (4.4s)
web	Run bun run test:browser	2026-10-04T20:04:25.8971829Z   ✓  146 [android-emulation] › e2e/app.spec.ts:67:0 › an intact offline app survives a failed registration check while changing target zones (4.3s)
web	Run bun run test:browser	2026-10-04T20:04:27.9259679Z   ✓  147 [android-emulation] › e2e/app.spec.ts:90:0 › a delayed failed readiness probe cannot overwrite a newer successful check (3.4s)
web	Run bun run test:browser	2026-10-04T20:04:28.7929014Z   ✓  144 [webkit] › e2e/updates.spec.ts:270:0 › rollback preserves draft and preferences and removes obsolete caches with one remaining tab (10.4s)
web	Run bun run test:browser	2026-10-04T20:04:28.9405547Z   ✓  143 [webkit] › e2e/updates.spec.ts:209:0 › old and new tabs retain their own workers across successive releases and offline restart (13.1s)
web	Run bun run test:browser	2026-10-04T20:04:29.8062834Z   ✓  148 [android-emulation] › e2e/app.spec.ts:130:0 › missing cache reports incomplete and reconnect repairs the complete offline app (3.9s)
web	Run bun run test:browser	2026-10-04T20:04:30.7758323Z   ✓  149 [android-emulation] › e2e/app.spec.ts:162:0 › pasted HTML cannot execute or fetch its URL (2.8s)
web	Run bun run test:browser	2026-10-04T20:04:32.4092176Z   ✓  150 [android-emulation] › e2e/app.spec.ts:182:0 › convert, inspect ambiguity, copy manually and protect privacy (2.8s)
web	Run bun run test:browser	2026-10-04T20:04:32.9365979Z   ✓  151 [android-emulation] › e2e/app.spec.ts:215:0 › close and reopen offline, then convert previously unseen input (3.2s)
web	Run bun run test:browser	2026-10-04T20:04:33.8783474Z   ✓  152 [android-emulation] › e2e/app.spec.ts:239:0 › preferences persist, input does not; denied storage still converts (4.1s)
web	Run bun run test:browser	2026-10-04T20:04:34.1361944Z   ✓  155 [android-emulation] › e2e/app.spec.ts:340:0 › offline POST share is single-use and never places message in URL (1.2s)
web	Run bun run test:browser	2026-10-04T20:04:34.8770786Z   ✓  153 [android-emulation] › e2e/app.spec.ts:267:0 › input errors recover, edits invalidate results, keyboard keeps multiline input (4.1s)
web	Run bun run test:browser	2026-10-04T20:04:36.4016002Z   ✓  154 [android-emulation] › e2e/app.spec.ts:286:0 › readable at 320px, dark mode, with no serious accessibility violations (4.0s)
web	Run bun run test:browser	2026-10-04T20:04:38.7788745Z   ✓  156 [android-emulation] › e2e/app.spec.ts:378:0 › an update waits, preserves draft on opt-in, and survives a partial next update (4.9s)
web	Run bun run test:browser	2026-10-04T20:04:41.5072303Z   ✓  159 [android-emulation] › e2e/controls.spec.ts:339:0 › timezone search preserves freeform offsets and recovers from empty and invalid choices (5.1s)
web	Run bun run test:browser	2026-10-04T20:04:42.1683484Z   ✓  158 [android-emulation] › e2e/controls.spec.ts:232:0 › choice menus support keyboard selection, nested Escape and pointer dismissal (7.3s)
web	Run bun run test:browser	2026-10-04T20:04:42.3778253Z   ✓  160 [android-emulation] › e2e/diagnostics.spec.ts:12:0 › detailed logs are opt-in, local, exclude message and selected zones, and stop when disabled (3.6s)
web	Run bun run test:browser	2026-10-04T20:04:42.9459025Z   ✓  161 [android-emulation] › e2e/diagnostics.spec.ts:84:0 › detailed logging survives a tab reload and reset preferences disables it (1.4s)
web	Run bun run test:browser	2026-10-04T20:04:44.1489271Z   ✓  162 [android-emulation] › e2e/diagnostics.spec.ts:114:0 › detailed logs still work in memory when session storage is denied (2.0s)
web	Run bun run test:browser	2026-10-04T20:04:44.2974882Z   ✓  164 [android-emulation] › e2e/diagnostics.spec.ts:191:0 › corrupt cached files fail integrity checks and detailed logs identify bounded repair failure (1.3s)
web	Run bun run test:browser	2026-10-04T20:04:44.6914451Z   ✓  163 [android-emulation] › e2e/diagnostics.spec.ts:145:0 › a retired release repairs only missing files using its intact cached assets (2.3s)
web	Run bun run test:browser	2026-10-04T20:04:46.0693634Z   ✓  157 [android-emulation] › e2e/controls.spec.ts:55:0 › themed choices align and their opened menus fit every breakpoint without losing work (11.9s)
web	Run bun run test:browser	2026-10-04T20:04:46.2148178Z   ✓  166 [android-emulation] › e2e/engine.spec.ts:4:0 › independent exact fixture expectations run in the production browser worker (1.9s)
web	Run bun run test:browser	2026-10-04T20:04:48.4237970Z   ✓  167 [android-emulation] › e2e/imports.spec.ts:5:2 › delayed clipboard offers replacement instead of overwriting edited or cleared work (3.7s)
web	Run bun run test:browser	2026-10-04T20:04:48.9014002Z   ✓  169 [android-emulation] › e2e/imports.spec.ts:171:0 › an unresolved target hides copyable fallback results and correction restores the source interpretation (2.7s)
web	Run bun run test:browser	2026-10-04T20:04:49.4107260Z   ✓  165 [android-emulation] › e2e/diagnostics.spec.ts:232:0 › waiting updates remain actionable when a current cache probe times out (5.2s)
web	Run bun run test:browser	2026-10-04T20:04:51.2732280Z   ✓  168 [android-emulation] › e2e/imports.spec.ts:5:2 › delayed share offers replacement instead of overwriting edited or cleared work (5.2s)
web	Run bun run test:browser	2026-10-04T20:04:51.3058778Z   ✓  172 [android-emulation] › e2e/offline-install.spec.ts:31:0 › a transient initial registration failure retries before any controller exists (1.9s)
web	Run bun run test:browser	2026-10-04T20:04:52.1212095Z   ✓  170 [android-emulation] › e2e/live.spec.ts:4:0 › typing, pasted text and conversion settings update without submission (3.7s)
web	Run bun run test:browser	2026-10-04T20:04:53.2029050Z   ✓  174 [android-emulation] › e2e/offline-install.spec.ts:82:0 › a stale mutable release marker is refetched and checked before offline readiness (1.9s)
web	Run bun run test:browser	2026-10-04T20:04:53.6175852Z   ✓  173 [android-emulation] › e2e/offline-install.spec.ts:59:0 › slow first installation clears its expired warning without losing conversion (2.3s)
web	Run bun run test:browser	2026-10-04T20:04:53.8538168Z   ✓  171 [android-emulation] › e2e/live.spec.ts:30:0 › composition defers conversion and queued work cannot overwrite a newer draft (4.9s)
web	Run bun run test:browser	2026-10-04T20:04:54.6223664Z   ✓  175 [android-emulation] › e2e/offline-install.spec.ts:106:0 › a rejected first installation retries without reloading or clearing input (2.5s)
web	Run bun run test:browser	2026-10-04T20:04:56.3158419Z   ✓  177 [android-emulation] › e2e/offline-install.spec.ts:155:0 › HTML response rewriting cannot break first installation or offline navigation (2.7s)
web	Run bun run test:browser	2026-10-04T20:04:56.7229694Z   ✓  178 [android-emulation] › e2e/privacy.spec.ts:6:2 › legacy lens preferences migrate, reset removes them and quota failures keep conversion usable (2.9s)
web	Run bun run test:browser	2026-10-04T20:04:57.8601826Z   ✓  179 [android-emulation] › e2e/privacy.spec.ts:6:2 › legacy command preferences migrate, reset removes them and quota failures keep conversion usable (3.2s)
web	Run bun run test:browser	2026-10-04T20:04:57.9524799Z   ✓  180 [android-emulation] › e2e/privacy.spec.ts:85:0 › invalid and oversized local shares return a paste fallback without storing text (1.6s)
web	Run bun run test:browser	2026-10-04T20:04:58.9753507Z   ✓  181 [android-emulation] › e2e/privacy.spec.ts:119:0 › expired and invalid temporary text is consumed and erased without restoring it (2.2s)
web	Run bun run test:browser	2026-10-04T20:04:59.4979606Z   ✓  176 [android-emulation] › e2e/offline-install.spec.ts:126:0 › persistently wrong release bytes never activate or claim offline readiness (6.3s)
web	Run bun run test:browser	2026-10-04T20:05:00.5138327Z   ✓  184 [android-emulation] › e2e/responsive.spec.ts:83:0 › touch-sized controls and keyboard navigation remain usable in a short viewport (1.5s)
web	Run bun run test:browser	2026-10-04T20:05:00.9449712Z   ✓  183 [android-emulation] › e2e/responsive.spec.ts:4:0 › reflows across cover screens, phones, tablets and desktops without losing work (3.0s)
web	Run bun run test:browser	2026-10-04T20:05:02.2662108Z   ✓  182 [android-emulation] › e2e/privacy.spec.ts:223:0 › denied update storage keeps the draft active and requires clearing before reload (4.4s)
web	Run bun run test:browser	2026-10-04T20:05:02.6812281Z   ✓  185 [android-emulation] › e2e/uncontrolled.spec.ts:43:0 › an activated worker reclaims a hard-refreshed tab without reloading its draft (3.2s)
web	Run bun run test:browser	2026-10-04T20:05:03.3267958Z   ✓  187 [android-emulation] › e2e/updates.spec.ts:6:0 › repair refuses another release and leaves the existing offline shell intact (2.4s)
web	Run bun run test:browser	2026-10-04T20:05:06.3573877Z   ✓  189 [android-emulation] › e2e/updates.spec.ts:93:0 › oversized drafts block an update until they can be safely preserved (3.7s)
web	Run bun run test:browser	2026-10-04T20:05:06.3858164Z   ✓  186 [android-emulation] › e2e/uncontrolled.spec.ts:76:0 › an older active worker cannot mark an uncontrolled tab ready or activate its waiting update (5.8s)
web	Run bun run test:browser	2026-10-04T20:05:07.2358481Z   ✓  188 [android-emulation] › e2e/updates.spec.ts:45:0 › an interrupted rollback preserves a retained cache and its old tab worker (5.0s)
web	Run bun run test:browser	2026-10-04T20:05:10.8309866Z   ✓  192 [iphone-emulation] › e2e/app.spec.ts:6:0 › worker failure recovers and a late response cannot resurrect cleared input (3.5s)
web	Run bun run test:browser	2026-10-04T20:05:11.6017548Z   ✓  193 [iphone-emulation] › e2e/app.spec.ts:67:0 › an intact offline app survives a failed registration check while changing target zones (3.1s)
web	Run bun run test:browser	2026-10-04T20:05:13.4780103Z   ✓  190 [android-emulation] › e2e/updates.spec.ts:209:0 › old and new tabs retain their own workers across successive releases and offline restart (10.1s)
web	Run bun run test:browser	2026-10-04T20:05:13.6644800Z   ✓  194 [iphone-emulation] › e2e/app.spec.ts:90:0 › a delayed failed readiness probe cannot overwrite a newer successful check (2.8s)
web	Run bun run test:browser	2026-10-04T20:05:14.8130448Z   ✓  195 [iphone-emulation] › e2e/app.spec.ts:130:0 › missing cache reports incomplete and reconnect repairs the complete offline app (3.2s)
web	Run bun run test:browser	2026-10-04T20:05:16.2537330Z   ✓  196 [iphone-emulation] › e2e/app.spec.ts:182:0 › convert, inspect ambiguity, copy manually and protect privacy (2.6s)
web	Run bun run test:browser	2026-10-04T20:05:16.5102203Z   ✓  191 [android-emulation] › e2e/updates.spec.ts:270:0 › rollback preserves draft and preferences and removes obsolete caches with one remaining tab (10.1s)
web	Run bun run test:browser	2026-10-04T20:05:16.8284381Z   ✓  197 [iphone-emulation] › e2e/app.spec.ts:162:0 › pasted HTML cannot execute or fetch its URL (2.4s)
web	Run bun run test:browser	2026-10-04T20:05:18.5336805Z   ✓  198 [iphone-emulation] › e2e/app.spec.ts:215:0 › close and reopen offline, then convert previously unseen input (3.7s)
web	Run bun run test:browser	2026-10-04T20:05:20.8008841Z   ✓  202 [iphone-emulation] › e2e/app.spec.ts:340:0 › offline POST share is single-use and never places message in URL (2.3s)
web	Run bun run test:browser	2026-10-04T20:05:21.0443924Z   ✓  199 [iphone-emulation] › e2e/app.spec.ts:239:0 › preferences persist, input does not; denied storage still converts (4.8s)
web	Run bun run test:browser	2026-10-04T20:05:21.9413771Z   ✓  201 [iphone-emulation] › e2e/app.spec.ts:267:0 › input errors recover, edits invalidate results, keyboard keeps multiline input (4.0s)
web	Run bun run test:browser	2026-10-04T20:05:22.9304797Z   ✓  200 [iphone-emulation] › e2e/app.spec.ts:286:0 › readable at 320px, dark mode, with no serious accessibility violations (6.1s)
web	Run bun run test:browser	2026-10-04T20:05:26.7478857Z   ✓  203 [iphone-emulation] › e2e/app.spec.ts:378:0 › an update waits, preserves draft on opt-in, and survives a partial next update (5.9s)
web	Run bun run test:browser	2026-10-04T20:05:31.5923061Z   ✓  206 [iphone-emulation] › e2e/controls.spec.ts:339:0 › timezone search preserves freeform offsets and recovers from empty and invalid choices (8.6s)
web	Run bun run test:browser	2026-10-04T20:05:32.0386434Z   ✓  207 [iphone-emulation] › e2e/diagnostics.spec.ts:12:0 › detailed logs are opt-in, local, exclude message and selected zones, and stop when disabled (5.3s)
web	Run bun run test:browser	2026-10-04T20:05:32.5294460Z   ✓  205 [iphone-emulation] › e2e/controls.spec.ts:232:0 › choice menus support keyboard selection, nested Escape and pointer dismissal (10.6s)
web	Run bun run test:browser	2026-10-04T20:05:34.6498784Z   ✓  208 [iphone-emulation] › e2e/diagnostics.spec.ts:84:0 › detailed logging survives a tab reload and reset preferences disables it (3.0s)
web	Run bun run test:browser	2026-10-04T20:05:34.6791952Z   ✓  209 [iphone-emulation] › e2e/diagnostics.spec.ts:114:0 › detailed logs still work in memory when session storage is denied (2.6s)
web	Run bun run test:browser	2026-10-04T20:05:35.6240176Z   ✓  210 [iphone-emulation] › e2e/diagnostics.spec.ts:145:0 › a retired release repairs only missing files using its intact cached assets (3.1s)
web	Run bun run test:browser	2026-10-04T20:05:36.6375416Z   ✓  211 [iphone-emulation] › e2e/diagnostics.spec.ts:191:0 › corrupt cached files fail integrity checks and detailed logs identify bounded repair failure (2.0s)
web	Run bun run test:browser	2026-10-04T20:05:38.0448367Z   ✓  213 [iphone-emulation] › e2e/engine.spec.ts:4:0 › independent exact fixture expectations run in the production browser worker (2.4s)
web	Run bun run test:browser	2026-10-04T20:05:40.0297336Z   ✓  212 [iphone-emulation] › e2e/diagnostics.spec.ts:232:0 › waiting updates remain actionable when a current cache probe times out (5.3s)
web	Run bun run test:browser	2026-10-04T20:05:42.3266631Z   ✓  214 [iphone-emulation] › e2e/imports.spec.ts:5:2 › delayed clipboard offers replacement instead of overwriting edited or cleared work (5.7s)
web	Run bun run test:browser	2026-10-04T20:05:44.5416975Z   ✓  216 [iphone-emulation] › e2e/imports.spec.ts:171:0 › an unresolved target hides copyable fallback results and correction restores the source interpretation (4.5s)
web	Run bun run test:browser	2026-10-04T20:05:46.4785546Z   ✓  204 [iphone-emulation] › e2e/controls.spec.ts:55:0 › themed choices align and their opened menus fit every breakpoint without losing work (25.4s)
web	Run bun run test:browser	2026-10-04T20:05:47.6060338Z   ✓  217 [iphone-emulation] › e2e/live.spec.ts:4:0 › typing, pasted text and conversion settings update without submission (5.3s)
web	Run bun run test:browser	2026-10-04T20:05:48.8245567Z   ✓  219 [iphone-emulation] › e2e/offline-install.spec.ts:31:0 › a transient initial registration failure retries before any controller exists (2.3s)
web	Run bun run test:browser	2026-10-04T20:05:50.2036656Z   ✓  220 [iphone-emulation] › e2e/offline-install.spec.ts:59:0 › slow first installation clears its expired warning without losing conversion (2.6s)
web	Run bun run test:browser	2026-10-04T20:05:50.3251749Z   ✓  221 [iphone-emulation] › e2e/offline-install.spec.ts:82:0 › a stale mutable release marker is refetched and checked before offline readiness (1.5s)
web	Run bun run test:browser	2026-10-04T20:05:50.6856412Z   ✓  218 [iphone-emulation] › e2e/live.spec.ts:30:0 › composition defers conversion and queued work cannot overwrite a newer draft (6.1s)
web	Run bun run test:browser	2026-10-04T20:05:52.8433614Z   ✓  222 [iphone-emulation] › e2e/offline-install.spec.ts:106:0 › a rejected first installation retries without reloading or clearing input (2.6s)
web	Run bun run test:browser	2026-10-04T20:05:53.9754356Z   ✓  224 [iphone-emulation] › e2e/offline-install.spec.ts:155:0 › HTML response rewriting cannot break first installation or offline navigation (3.3s)
web	Run bun run test:browser	2026-10-04T20:05:56.1145468Z   ✓  225 [iphone-emulation] › e2e/privacy.spec.ts:6:2 › legacy lens preferences migrate, reset removes them and quota failures keep conversion usable (3.3s)
web	Run bun run test:browser	2026-10-04T20:05:57.1081721Z   ✓  223 [iphone-emulation] › e2e/offline-install.spec.ts:126:0 › persistently wrong release bytes never activate or claim offline readiness (6.8s)
web	Run bun run test:browser	2026-10-04T20:05:57.2111997Z   ✓  226 [iphone-emulation] › e2e/privacy.spec.ts:6:2 › legacy command preferences migrate, reset removes them and quota failures keep conversion usable (3.2s)
web	Run bun run test:browser	2026-10-04T20:05:57.3546039Z   ✘  215 [iphone-emulation] › e2e/imports.spec.ts:5:2 › delayed share offers replacement instead of overwriting edited or cleared work (19.2s)
web	Run bun run test:browser	2026-10-04T20:05:57.8079167Z   ✓  227 [iphone-emulation] › e2e/privacy.spec.ts:85:0 › invalid and oversized local shares return a paste fallback without storing text (1.7s)
web	Run bun run test:browser	2026-10-04T20:06:00.6454835Z   ✓  229 [iphone-emulation] › e2e/privacy.spec.ts:223:0 › denied update storage keeps the draft active and requires clearing before reload (3.4s)
web	Run bun run test:browser	2026-10-04T20:06:03.1047260Z   ✓  232 [iphone-emulation] › e2e/responsive.spec.ts:83:0 › touch-sized controls and keyboard navigation remain usable in a short viewport (2.4s)
web	Run bun run test:browser	2026-10-04T20:06:03.4317865Z   ✓  228 [iphone-emulation] › e2e/privacy.spec.ts:119:0 › expired and invalid temporary text is consumed and erased without restoring it (6.3s)
web	Run bun run test:browser	2026-10-04T20:06:03.9348262Z   -  233 [iphone-emulation] › e2e/uncontrolled.spec.ts:43:0 › an activated worker reclaims a hard-refreshed tab without reloading its draft
web	Run bun run test:browser	2026-10-04T20:06:04.3393613Z   -  234 [iphone-emulation] › e2e/uncontrolled.spec.ts:76:0 › an older active worker cannot mark an uncontrolled tab ready or activate its waiting update
web	Run bun run test:browser	2026-10-04T20:06:04.4439484Z   ✓  230 [iphone-emulation] › e2e/responsive.spec.ts:4:0 › reflows across cover screens, phones, tablets and desktops without losing work (6.6s)
web	Run bun run test:browser	2026-10-04T20:06:06.9234692Z   ✓  235 [iphone-emulation] › e2e/updates.spec.ts:6:0 › repair refuses another release and leaves the existing offline shell intact (3.0s)
web	Run bun run test:browser	2026-10-04T20:06:07.7224149Z   ✓  237 [iphone-emulation] › e2e/updates.spec.ts:93:0 › oversized drafts block an update until they can be safely preserved (3.3s)
web	Run bun run test:browser	2026-10-04T20:06:10.7923730Z   ✓  236 [iphone-emulation] › e2e/updates.spec.ts:45:0 › an interrupted rollback preserves a retained cache and its old tab worker (6.4s)
web	Run bun run test:browser	2026-10-04T20:06:13.9539382Z   ✓  239 [iphone-emulation] › e2e/updates.spec.ts:270:0 › rollback preserves draft and preferences and removes obsolete caches with one remaining tab (6.2s)
web	Run bun run test:browser	2026-10-04T20:06:15.3806895Z   ✓  238 [iphone-emulation] › e2e/updates.spec.ts:209:0 › old and new tabs retain their own workers across successive releases and offline restart (8.4s)
web	Run bun run test:browser	2026-10-04T20:06:20.3476098Z   ✘  231 [iphone-emulation] › e2e/imports.spec.ts:5:2 › delayed share offers replacement instead of overwriting edited or cleared work (retry #1) (21.6s)
web	Run bun run test:browser	2026-10-04T20:06:20.3733142Z 
web	Run bun run test:browser	2026-10-04T20:06:20.3738797Z 
web	Run bun run test:browser	2026-10-04T20:06:20.3755389Z   1) [iphone-emulation] › e2e/imports.spec.ts:5:2 › delayed share offers replacement instead of overwriting edited or cleared work 
web	Run bun run test:browser	2026-10-04T20:06:20.3756308Z 
web	Run bun run test:browser	2026-10-04T20:06:20.3756760Z     Error: expect(locator).toHaveCount(expected) failed
web	Run bun run test:browser	2026-10-04T20:06:20.3757221Z 
web	Run bun run test:browser	2026-10-04T20:06:20.3757589Z     Locator:  locator('.result')
web	Run bun run test:browser	2026-10-04T20:06:20.3758075Z     Expected: 0
web	Run bun run test:browser	2026-10-04T20:06:20.3758464Z     Received: 1
web	Run bun run test:browser	2026-10-04T20:06:20.3758832Z     Timeout:  10000ms
web	Run bun run test:browser	2026-10-04T20:06:20.3759088Z 
web	Run bun run test:browser	2026-10-04T20:06:20.3759233Z     Call log:
web	Run bun run test:browser	2026-10-04T20:06:20.3759724Z       - Expect "toHaveCount" locator('.result') with timeout 10000ms
web	Run bun run test:browser	2026-10-04T20:06:20.3760377Z       - waiting for locator('.result')
web	Run bun run test:browser	2026-10-04T20:06:20.3761470Z         24 × locator resolved to 1 element
web	Run bun run test:browser	2026-10-04T20:06:20.3762041Z            - unexpected value "1"
web	Run bun run test:browser	2026-10-04T20:06:20.3762426Z 
web	Run bun run test:browser	2026-10-04T20:06:20.3762435Z 
web	Run bun run test:browser	2026-10-04T20:06:20.3762611Z       120 |       ).toBeVisible();
web	Run bun run test:browser	2026-10-04T20:06:20.3763274Z       121 |       await expect(input).toHaveValue(action === "clear" ? "" : newer);
web	Run bun run test:browser	2026-10-04T20:06:20.3764119Z     > 122 |       await expect(page.locator(".result")).toHaveCount(
web	Run bun run test:browser	2026-10-04T20:06:20.3764756Z           |                                            ^
web	Run bun run test:browser	2026-10-04T20:06:20.3765273Z       123 |         action === "convert" ? 1 : 0,
web	Run bun run test:browser	2026-10-04T20:06:20.3765771Z       124 |       );
web	Run bun run test:browser	2026-10-04T20:06:20.3766173Z       125 |       if (action === "convert") {
web	Run bun run test:browser	2026-10-04T20:06:20.3766796Z         at /__w/ChronoShift/ChronoShift/e2e/imports.spec.ts:122:44
web	Run bun run test:browser	2026-10-04T20:06:20.3767247Z 
web	Run bun run test:browser	2026-10-04T20:06:20.3767945Z     attachment #1: screenshot (image/png) ──────────────────────────────────────────────────────────
web	Run bun run test:browser	2026-10-04T20:06:20.3769344Z     test-results/imports-delayed-share-offe-8f77e-ting-edited-or-cleared-work-iphone-emulation/test-failed-1.png
web	Run bun run test:browser	2026-10-04T20:06:20.3770930Z     ────────────────────────────────────────────────────────────────────────────────────────────────
web	Run bun run test:browser	2026-10-04T20:06:20.3771824Z 
web	Run bun run test:browser	2026-10-04T20:06:20.3772740Z     Error Context: test-results/imports-delayed-share-offe-8f77e-ting-edited-or-cleared-work-iphone-emulation/error-context.md
web	Run bun run test:browser	2026-10-04T20:06:20.3773770Z 
web	Run bun run test:browser	2026-10-04T20:06:20.3774409Z     Retry #1 ───────────────────────────────────────────────────────────────────────────────────────
web	Run bun run test:browser	2026-10-04T20:06:20.3774991Z 
web	Run bun run test:browser	2026-10-04T20:06:20.3775257Z     Error: expect(locator).toHaveCount(expected) failed
web	Run bun run test:browser	2026-10-04T20:06:20.3775651Z 
web	Run bun run test:browser	2026-10-04T20:06:20.3775842Z     Locator:  locator('.result')
web	Run bun run test:browser	2026-10-04T20:06:20.3776311Z     Expected: 0
web	Run bun run test:browser	2026-10-04T20:06:20.3776690Z     Received: 1
web	Run bun run test:browser	2026-10-04T20:06:20.3777078Z     Timeout:  10000ms
web	Run bun run test:browser	2026-10-04T20:06:20.3777323Z 
web	Run bun run test:browser	2026-10-04T20:06:20.3777479Z     Call log:
web	Run bun run test:browser	2026-10-04T20:06:20.3778014Z       - Expect "toHaveCount" locator('.result') with timeout 10000ms
web	Run bun run test:browser	2026-10-04T20:06:20.3779349Z       - waiting for locator('.result')
web	Run bun run test:browser	2026-10-04T20:06:20.3780017Z         24 × locator resolved to 1 element
web	Run bun run test:browser	2026-10-04T20:06:20.3780543Z            - unexpected value "1"
web	Run bun run test:browser	2026-10-04T20:06:20.3780852Z 
web	Run bun run test:browser	2026-10-04T20:06:20.3780862Z 
web	Run bun run test:browser	2026-10-04T20:06:20.3781278Z       120 |       ).toBeVisible();
web	Run bun run test:browser	2026-10-04T20:06:20.3781981Z       121 |       await expect(input).toHaveValue(action === "clear" ? "" : newer);
web	Run bun run test:browser	2026-10-04T20:06:20.3782829Z     > 122 |       await expect(page.locator(".result")).toHaveCount(
web	Run bun run test:browser	2026-10-04T20:06:20.3783472Z           |                                            ^
web	Run bun run test:browser	2026-10-04T20:06:20.3784041Z       123 |         action === "convert" ? 1 : 0,
web	Run bun run test:browser	2026-10-04T20:06:20.3784548Z       124 |       );
web	Run bun run test:browser	2026-10-04T20:06:20.3784975Z       125 |       if (action === "convert") {
web	Run bun run test:browser	2026-10-04T20:06:20.3785616Z         at /__w/ChronoShift/ChronoShift/e2e/imports.spec.ts:122:44
web	Run bun run test:browser	2026-10-04T20:06:20.3786082Z 
web	Run bun run test:browser	2026-10-04T20:06:20.3786779Z     attachment #1: screenshot (image/png) ──────────────────────────────────────────────────────────
web	Run bun run test:browser	2026-10-04T20:06:20.3788227Z     test-results/imports-delayed-share-offe-8f77e-ting-edited-or-cleared-work-iphone-emulation-retry1/test-failed-1.png
web	Run bun run test:browser	2026-10-04T20:06:20.3789805Z     ────────────────────────────────────────────────────────────────────────────────────────────────
web	Run bun run test:browser	2026-10-04T20:06:20.3790351Z 
web	Run bun run test:browser	2026-10-04T20:06:20.3791476Z     Error Context: test-results/imports-delayed-share-offe-8f77e-ting-edited-or-cleared-work-iphone-emulation-retry1/error-context.md
web	Run bun run test:browser	2026-10-04T20:06:20.3792545Z 
web	Run bun run test:browser	2026-10-04T20:06:20.3793206Z     attachment #3: trace (application/zip) ─────────────────────────────────────────────────────────
web	Run bun run test:browser	2026-10-04T20:06:20.3794564Z     test-results/imports-delayed-share-offe-8f77e-ting-edited-or-cleared-work-iphone-emulation-retry1/trace.zip
web	Run bun run test:browser	2026-10-04T20:06:20.3795601Z     Usage:
web	Run bun run test:browser	2026-10-04T20:06:20.3795803Z 
web	Run bun run test:browser	2026-10-04T20:06:20.3796707Z         npx playwright show-trace test-results/imports-delayed-share-offe-8f77e-ting-edited-or-cleared-work-iphone-emulation-retry1/trace.zip
web	Run bun run test:browser	2026-10-04T20:06:20.3797817Z 
web	Run bun run test:browser	2026-10-04T20:06:20.3798390Z     ────────────────────────────────────────────────────────────────────────────────────────────────
web	Run bun run test:browser	2026-10-04T20:06:20.3798870Z 
web	Run bun run test:browser	2026-10-04T20:06:20.3799022Z   1 failed
web	Run bun run test:browser	2026-10-04T20:06:20.3800077Z     [iphone-emulation] › e2e/imports.spec.ts:5:2 › delayed share offers replacement instead of overwriting edited or cleared work 
web	Run bun run test:browser	2026-10-04T20:06:20.3801323Z   6 skipped
web	Run bun run test:browser	2026-10-04T20:06:20.3801693Z   231 passed (5.2m)
web	Run bun run test:browser	2026-10-04T20:06:20.6405033Z error: script "test:browser" exited with code 1
web	Run bun run test:browser	2026-10-04T20:06:20.6537682Z ##[error]Process completed with exit code 1.
