{
  "began": "2026-10-05T05:39:23.823Z",
  "ended": "2026-10-05T05:39:37.470Z",
  "verdict": "approved: exact trusted tested artifact and reviewed source tree deployed",
  "checks": [
    {
      "name": "trusted complete successful Web PR run",
      "passed": true
    },
    {
      "name": "successful main Pages push",
      "passed": true
    },
    {
      "name": "PR merged exactly the reviewed candidate",
      "passed": true
    },
    {
      "name": "ci artifact list complete",
      "passed": true
    },
    {
      "name": "ci exactly one Pages artifact",
      "passed": true
    },
    {
      "name": "ci nonexpired digest metadata",
      "passed": true
    },
    {
      "name": "pages artifact list complete",
      "passed": true
    },
    {
      "name": "pages exactly one Pages artifact",
      "passed": true
    },
    {
      "name": "pages nonexpired digest metadata",
      "passed": true
    },
    {
      "name": "pages zip digest matches GitHub",
      "passed": true
    },
    {
      "name": "pages single artifact.tar wrapper",
      "passed": true
    },
    {
      "name": "pages bounded tar",
      "passed": true
    },
    {
      "name": "pages safe unique tar names",
      "passed": true
    },
    {
      "name": "pages no tar links or special entries",
      "passed": true
    },
    {
      "name": "extracted member regular or directory index.html",
      "passed": true
    },
    {
      "name": "extracted member regular or directory icon-192.png",
      "passed": true
    },
    {
      "name": "extracted member regular or directory icon.svg",
      "passed": true
    },
    {
      "name": "extracted member regular or directory release.json",
      "passed": true
    },
    {
      "name": "extracted member regular or directory third-party-notices.txt",
      "passed": true
    },
    {
      "name": "extracted member regular or directory manifest.webmanifest",
      "passed": true
    },
    {
      "name": "extracted member regular or directory fonts",
      "passed": true
    },
    {
      "name": "extracted member regular or directory fonts/README.txt",
      "passed": true
    },
    {
      "name": "extracted member regular or directory fonts/geist-OFL.txt",
      "passed": true
    },
    {
      "name": "extracted member regular or directory assets",
      "passed": true
    },
    {
      "name": "extracted member regular or directory assets/index-CzXW0WLz.js",
      "passed": true
    },
    {
      "name": "extracted member regular or directory assets/index-CQJea-JE.css",
      "passed": true
    },
    {
      "name": "extracted member regular or directory assets/worker-C690IjaR.js",
      "passed": true
    },
    {
      "name": "extracted member regular or directory assets/geist-latin-variable-Dm3htQBi.woff2",
      "passed": true
    },
    {
      "name": "extracted member regular or directory sw.js",
      "passed": true
    },
    {
      "name": "extracted member regular or directory icon-512.png",
      "passed": true
    },
    {
      "name": "ci zip digest matches GitHub",
      "passed": true
    },
    {
      "name": "ci single artifact.tar wrapper",
      "passed": true
    },
    {
      "name": "ci bounded tar",
      "passed": true
    },
    {
      "name": "ci safe unique tar names",
      "passed": true
    },
    {
      "name": "ci no tar links or special entries",
      "passed": true
    },
    {
      "name": "extracted member regular or directory index.html",
      "passed": true
    },
    {
      "name": "extracted member regular or directory icon-192.png",
      "passed": true
    },
    {
      "name": "extracted member regular or directory icon.svg",
      "passed": true
    },
    {
      "name": "extracted member regular or directory release.json",
      "passed": true
    },
    {
      "name": "extracted member regular or directory third-party-notices.txt",
      "passed": true
    },
    {
      "name": "extracted member regular or directory manifest.webmanifest",
      "passed": true
    },
    {
      "name": "extracted member regular or directory fonts",
      "passed": true
    },
    {
      "name": "extracted member regular or directory fonts/README.txt",
      "passed": true
    },
    {
      "name": "extracted member regular or directory fonts/geist-OFL.txt",
      "passed": true
    },
    {
      "name": "extracted member regular or directory assets",
      "passed": true
    },
    {
      "name": "extracted member regular or directory assets/index-CzXW0WLz.js",
      "passed": true
    },
    {
      "name": "extracted member regular or directory assets/index-CQJea-JE.css",
      "passed": true
    },
    {
      "name": "extracted member regular or directory assets/worker-C690IjaR.js",
      "passed": true
    },
    {
      "name": "extracted member regular or directory assets/geist-latin-variable-Dm3htQBi.woff2",
      "passed": true
    },
    {
      "name": "extracted member regular or directory sw.js",
      "passed": true
    },
    {
      "name": "extracted member regular or directory icon-512.png",
      "passed": true
    },
    {
      "name": "complete CI job inventory",
      "passed": true
    },
    {
      "name": "all full gate steps success",
      "passed": true
    },
    {
      "name": "candidate successful Web check present",
      "passed": true
    },
    {
      "name": "complete Pages job inventory",
      "passed": true
    },
    {
      "name": "prepare and deploy succeeded",
      "passed": true
    },
    {
      "name": "Pages logs exact trusted artifact reuse",
      "passed": true
    },
    {
      "name": "CI and Pages extracted file inventories match",
      "passed": true
    },
    {
      "name": "CI and Pages release metadata match",
      "passed": true
    },
    {
      "name": "release expected base and source shape",
      "passed": true
    },
    {
      "name": "reviewed head tested release merge and current main exact trees",
      "passed": true
    },
    {
      "name": "every public artifact file exact bytes",
      "passed": true
    },
    {
      "name": "public root exact index bytes",
      "passed": true
    }
  ],
  "trees": {
    "head": {
      "ref": "9c7965acfbcbe034471ad427625eb624792812eb",
      "sha": "9c7965acfbcbe034471ad427625eb624792812eb",
      "tree": "7a2253291a47837fab35a27d9dc0af9c615d5408",
      "parents": [
        "22f751511a0fafa4dbdcf9b151b67803ba8e3f67"
      ]
    },
    "merge": {
      "ref": "67be6094afd71dc512e001df632cb8157bc71d45",
      "sha": "67be6094afd71dc512e001df632cb8157bc71d45",
      "tree": "7a2253291a47837fab35a27d9dc0af9c615d5408",
      "parents": [
        "9373729d8de979a9d7b07e0adfa12a8d6ec49066"
      ]
    },
    "main": {
      "ref": "main",
      "sha": "67be6094afd71dc512e001df632cb8157bc71d45",
      "tree": "7a2253291a47837fab35a27d9dc0af9c615d5408",
      "parents": [
        "9373729d8de979a9d7b07e0adfa12a8d6ec49066"
      ]
    },
    "tested": {
      "ref": "59a182b393e339234f8bfbd1f803b512e8a3c2d8",
      "sha": "59a182b393e339234f8bfbd1f803b512e8a3c2d8",
      "tree": "7a2253291a47837fab35a27d9dc0af9c615d5408",
      "parents": [
        "9373729d8de979a9d7b07e0adfa12a8d6ec49066",
        "9c7965acfbcbe034471ad427625eb624792812eb"
      ]
    }
  },
  "publicFiles": [
    {
      "path": "assets/geist-latin-variable-Dm3htQBi.woff2",
      "matched": true
    },
    {
      "path": "assets/index-CQJea-JE.css",
      "matched": true
    },
    {
      "path": "assets/index-CzXW0WLz.js",
      "matched": true
    },
    {
      "path": "assets/worker-C690IjaR.js",
      "matched": true
    },
    {
      "path": "fonts/geist-OFL.txt",
      "matched": true
    },
    {
      "path": "fonts/README.txt",
      "matched": true
    },
    {
      "path": "icon-192.png",
      "matched": true
    },
    {
      "path": "icon-512.png",
      "matched": true
    },
    {
      "path": "icon.svg",
      "matched": true
    },
    {
      "path": "index.html",
      "matched": true
    },
    {
      "path": "manifest.webmanifest",
      "matched": true
    },
    {
      "path": "release.json",
      "matched": true
    },
    {
      "path": "sw.js",
      "matched": true
    },
    {
      "path": "third-party-notices.txt",
      "matched": true
    }
  ],
  "gaps": [
    "main has no branch-protection required status checks (HTTP404 Branch not protected); full named gate steps and Web check independently verified.",
    "This audit establishes byte/source/workflow identity only; hosted behavior, browser lifecycle/device acceptance remain in separate evidence."
  ]
}
