2026-10-05T05:31:46Z

Running 15 tests using 4 workers

(node:68472) Warning: The 'NO_COLOR' env is ignored due to the 'FORCE_COLOR' env being set.
(Use `node --trace-warnings ...` to show where the warning was created)
(node:68469) Warning: The 'NO_COLOR' env is ignored due to the 'FORCE_COLOR' env being set.
(Use `node --trace-warnings ...` to show where the warning was created)
(node:68471) Warning: The 'NO_COLOR' env is ignored due to the 'FORCE_COLOR' env being set.
(Use `node --trace-warnings ...` to show where the warning was created)
(node:68470) Warning: The 'NO_COLOR' env is ignored due to the 'FORCE_COLOR' env being set.
(Use `node --trace-warnings ...` to show where the warning was created)
  ✓   1 [chromium] › e2e/controls.spec.ts:407:1 › hovering timezone suggestions preserves typed values while explicit selections still commit (1.5s)
(node:68509) Warning: The 'NO_COLOR' env is ignored due to the 'FORCE_COLOR' env being set.
(Use `node --trace-warnings ...` to show where the warning was created)
  ✓   3 [chromium] › e2e/imports.spec.ts:173:1 › an unresolved target hides copyable fallback results and correction restores the source interpretation (1.8s)
(node:68511) Warning: The 'NO_COLOR' env is ignored due to the 'FORCE_COLOR' env being set.
(Use `node --trace-warnings ...` to show where the warning was created)
  ✓   4 [chromium] › e2e/controls.spec.ts:339:1 › timezone search preserves freeform offsets and recovers from empty and invalid choices (2.7s)
(node:68525) Warning: The 'NO_COLOR' env is ignored due to the 'FORCE_COLOR' env being set.
(Use `node --trace-warnings ...` to show where the warning was created)
  ✓   2 [firefox] › e2e/controls.spec.ts:339:1 › timezone search preserves freeform offsets and recovers from empty and invalid choices (3.8s)
  ✓   5 [firefox] › e2e/controls.spec.ts:407:1 › hovering timezone suggestions preserves typed values while explicit selections still commit (2.2s)
(node:68549) Warning: The 'NO_COLOR' env is ignored due to the 'FORCE_COLOR' env being set.
(Use `node --trace-warnings ...` to show where the warning was created)
(node:68566) Warning: The 'NO_COLOR' env is ignored due to the 'FORCE_COLOR' env being set.
(Use `node --trace-warnings ...` to show where the warning was created)
  ✓   6 [firefox] › e2e/imports.spec.ts:173:1 › an unresolved target hides copyable fallback results and correction restores the source interpretation (2.5s)
(node:68592) Warning: The 'NO_COLOR' env is ignored due to the 'FORCE_COLOR' env being set.
(Use `node --trace-warnings ...` to show where the warning was created)
  ✓   7 [webkit] › e2e/controls.spec.ts:339:1 › timezone search preserves freeform offsets and recovers from empty and invalid choices (2.9s)
(node:68598) Warning: The 'NO_COLOR' env is ignored due to the 'FORCE_COLOR' env being set.
(Use `node --trace-warnings ...` to show where the warning was created)
  ✓   8 [webkit] › e2e/controls.spec.ts:407:1 › hovering timezone suggestions preserves typed values while explicit selections still commit (1.7s)
(node:68603) Warning: The 'NO_COLOR' env is ignored due to the 'FORCE_COLOR' env being set.
(Use `node --trace-warnings ...` to show where the warning was created)
  ✓   9 [webkit] › e2e/imports.spec.ts:173:1 › an unresolved target hides copyable fallback results and correction restores the source interpretation (2.0s)
(node:68608) Warning: The 'NO_COLOR' env is ignored due to the 'FORCE_COLOR' env being set.
(Use `node --trace-warnings ...` to show where the warning was created)
  ✓  11 [android-emulation] › e2e/controls.spec.ts:407:1 › hovering timezone suggestions preserves typed values while explicit selections still commit (1.5s)
(node:68630) Warning: The 'NO_COLOR' env is ignored due to the 'FORCE_COLOR' env being set.
(Use `node --trace-warnings ...` to show where the warning was created)
  ✓  10 [android-emulation] › e2e/controls.spec.ts:339:1 › timezone search preserves freeform offsets and recovers from empty and invalid choices (2.9s)
  ✓  12 [android-emulation] › e2e/imports.spec.ts:173:1 › an unresolved target hides copyable fallback results and correction restores the source interpretation (1.8s)
(node:68651) Warning: The 'NO_COLOR' env is ignored due to the 'FORCE_COLOR' env being set.
(Use `node --trace-warnings ...` to show where the warning was created)
  ✓  14 [iphone-emulation] › e2e/controls.spec.ts:407:1 › hovering timezone suggestions preserves typed values while explicit selections still commit (1.7s)
  ✓  13 [iphone-emulation] › e2e/controls.spec.ts:339:1 › timezone search preserves freeform offsets and recovers from empty and invalid choices (2.8s)
  ✓  15 [iphone-emulation] › e2e/imports.spec.ts:173:1 › an unresolved target hides copyable fallback results and correction restores the source interpretation (1.9s)

  15 passed (11.0s)
2026-10-05T05:31:57Z
