{
  "observedAt": "2026-10-05T09:55:58.886Z",
  "run": {
    "id": 37292552858,
    "attempt": 1,
    "head": "7631906bdd654fd696596f74b733cf87d415cebf",
    "event": "pull_request",
    "status": "completed",
    "conclusion": "success",
    "createdAt": "2026-10-05T09:49:20Z",
    "updatedAt": "2026-10-05T09:55:05Z",
    "url": "https://github.com/Tien-Lam/ChronoShift/actions/runs/37292552858"
  },
  "jobs": [
    {
      "id": 111706138750,
      "name": "web",
      "conclusion": "success",
      "startedAt": "2026-10-05T09:49:22Z",
      "completedAt": "2026-10-05T09:55:04Z",
      "seconds": 342,
      "roundedMinutes": 6,
      "beforeFirstStepSeconds": 1,
      "steps": [
        {
          "name": "Set up job",
          "conclusion": "success",
          "startedAt": "2026-10-05T09:49:23Z",
          "completedAt": "2026-10-05T09:49:25Z",
          "seconds": 2
        },
        {
          "name": "Initialize containers",
          "conclusion": "success",
          "startedAt": "2026-10-05T09:49:25Z",
          "completedAt": "2026-10-05T09:49:56Z",
          "seconds": 31
        },
        {
          "name": "Run actions/checkout@3d3c42e5aac5ba805825da76410c181273ba90b1",
          "conclusion": "success",
          "startedAt": "2026-10-05T09:49:56Z",
          "completedAt": "2026-10-05T09:50:00Z",
          "seconds": 4
        },
        {
          "name": "Capture the checked-in corpus audit",
          "conclusion": "success",
          "startedAt": "2026-10-05T09:50:00Z",
          "completedAt": "2026-10-05T09:50:01Z",
          "seconds": 1
        },
        {
          "name": "Run jdx/mise-action@7a4e45a543138629540c9a1616d08632b893e492",
          "conclusion": "success",
          "startedAt": "2026-10-05T09:50:01Z",
          "completedAt": "2026-10-05T09:50:06Z",
          "seconds": 5
        },
        {
          "name": "Run bun install --frozen-lockfile",
          "conclusion": "success",
          "startedAt": "2026-10-05T09:50:06Z",
          "completedAt": "2026-10-05T09:50:07Z",
          "seconds": 1
        },
        {
          "name": "Verify the pinned browser image matches the dependency",
          "conclusion": "success",
          "startedAt": "2026-10-05T09:50:07Z",
          "completedAt": "2026-10-05T09:50:08Z",
          "seconds": 1
        },
        {
          "name": "Run bun run format:check",
          "conclusion": "success",
          "startedAt": "2026-10-05T09:50:08Z",
          "completedAt": "2026-10-05T09:50:09Z",
          "seconds": 1
        },
        {
          "name": "Unit tests and production build",
          "conclusion": "success",
          "startedAt": "2026-10-05T09:50:09Z",
          "completedAt": "2026-10-05T09:50:11Z",
          "seconds": 2
        },
        {
          "name": "Verify the standalone conversion corpus audit",
          "conclusion": "success",
          "startedAt": "2026-10-05T09:50:11Z",
          "completedAt": "2026-10-05T09:50:11Z",
          "seconds": 0
        },
        {
          "name": "Run bun run test:browser",
          "conclusion": "success",
          "startedAt": "2026-10-05T09:50:11Z",
          "completedAt": "2026-10-05T09:54:56Z",
          "seconds": 285
        },
        {
          "name": "Record browser resource usage",
          "conclusion": "success",
          "startedAt": "2026-10-05T09:54:56Z",
          "completedAt": "2026-10-05T09:54:56Z",
          "seconds": 0
        },
        {
          "name": "Retain bounded browser timing metadata",
          "conclusion": "skipped",
          "startedAt": "2026-10-05T09:54:56Z",
          "completedAt": "2026-10-05T09:54:56Z",
          "seconds": null
        },
        {
          "name": "Run actions/configure-pages@45bfe0192ca1faeb007ade9deae92b16b8254a0d",
          "conclusion": "skipped",
          "startedAt": "2026-10-05T09:54:56Z",
          "completedAt": "2026-10-05T09:54:56Z",
          "seconds": null
        },
        {
          "name": "Verify repository-subpath deployment",
          "conclusion": "success",
          "startedAt": "2026-10-05T09:54:56Z",
          "completedAt": "2026-10-05T09:54:59Z",
          "seconds": 3
        },
        {
          "name": "Upload the verified Pages build",
          "conclusion": "success",
          "startedAt": "2026-10-05T09:54:59Z",
          "completedAt": "2026-10-05T09:55:00Z",
          "seconds": 1
        },
        {
          "name": "Publish failed-attempt diagnostics",
          "conclusion": "skipped",
          "startedAt": "2026-10-05T09:55:00Z",
          "completedAt": "2026-10-05T09:55:00Z",
          "seconds": null
        },
        {
          "name": "Post Run actions/checkout@3d3c42e5aac5ba805825da76410c181273ba90b1",
          "conclusion": "success",
          "startedAt": "2026-10-05T09:55:00Z",
          "completedAt": "2026-10-05T09:55:00Z",
          "seconds": 0
        },
        {
          "name": "Stop containers",
          "conclusion": "success",
          "startedAt": "2026-10-05T09:55:00Z",
          "completedAt": "2026-10-05T09:55:01Z",
          "seconds": 1
        },
        {
          "name": "Complete job",
          "conclusion": "success",
          "startedAt": "2026-10-05T09:55:01Z",
          "completedAt": "2026-10-05T09:55:01Z",
          "seconds": 0
        }
      ]
    }
  ],
  "gates": [
    {
      "name": "Run actions/checkout@3d3c42e5aac5ba805825da76410c181273ba90b1",
      "conclusion": "success"
    },
    {
      "name": "Capture the checked-in corpus audit",
      "conclusion": "success"
    },
    {
      "name": "Run jdx/mise-action@7a4e45a543138629540c9a1616d08632b893e492",
      "conclusion": "success"
    },
    {
      "name": "Run bun install --frozen-lockfile",
      "conclusion": "success"
    },
    {
      "name": "Verify the pinned browser image matches the dependency",
      "conclusion": "success"
    },
    {
      "name": "Run bun run format:check",
      "conclusion": "success"
    },
    {
      "name": "Unit tests and production build",
      "conclusion": "success"
    },
    {
      "name": "Verify the standalone conversion corpus audit",
      "conclusion": "success"
    },
    {
      "name": "Run bun run test:browser",
      "conclusion": "success"
    },
    {
      "name": "Record browser resource usage",
      "conclusion": "success"
    },
    {
      "name": "Verify repository-subpath deployment",
      "conclusion": "success"
    },
    {
      "name": "Upload the verified Pages build",
      "conclusion": "success"
    }
  ],
  "allRequiredGatesSuccessful": true,
  "browser": {
    "attempts": 273,
    "distinctCases": 273,
    "firstPasses": 264,
    "skipped": 9,
    "failed": 0,
    "retries": 0,
    "byProject": {
      "foldable": {
        "passed": 3,
        "skipped": 0,
        "failed": 0,
        "retries": 0
      },
      "chromium": {
        "passed": 54,
        "skipped": 0,
        "failed": 0,
        "retries": 0
      },
      "firefox": {
        "passed": 51,
        "skipped": 3,
        "failed": 0,
        "retries": 0
      },
      "webkit": {
        "passed": 51,
        "skipped": 3,
        "failed": 0,
        "retries": 0
      },
      "android-emulation": {
        "passed": 54,
        "skipped": 0,
        "failed": 0,
        "retries": 0
      },
      "iphone-emulation": {
        "passed": 51,
        "skipped": 3,
        "failed": 0,
        "retries": 0
      }
    },
    "expectedCases": 273,
    "originalCaseCount": 258,
    "addedCases": 15,
    "titles": [
      "a deferred manual-copy focus frame cannot steal a new target keyboard edit",
      "an unchanged copy owner still receives selected manual fallback text",
      "same-owner keyboard intent keeps the newer owner"
    ],
    "missingCases": [],
    "extraCases": [],
    "sameSkipIdentities": true
  },
  "unitEvidence": [
    "web\tUnit tests and production build\t2026-10-05T09:50:10.0457277Z  116 pass",
    "web\tUnit tests and production build\t2026-10-05T09:50:10.0457491Z  0 fail",
    "web\tUnit tests and production build\t2026-10-05T09:50:10.0457989Z Ran 116 tests across 6 files. [388.00ms]"
  ],
  "browserSummaryEvidence": [
    "web\tRun bun run test:browser\t2026-10-05T09:50:12.5309005Z Running 273 tests using 4 workers",
    "web\tRun bun run test:browser\t2026-10-05T09:54:56.1978331Z   9 skipped",
    "web\tRun bun run test:browser\t2026-10-05T09:54:56.1978725Z   264 passed (4.7m)"
  ],
  "subpathEvidence": [
    "web\tVerify repository-subpath deployment\t2026-10-05T09:54:59.4772934Z   1 passed (1.8s)"
  ],
  "timingDisabled": true,
  "timingArtifactStep": {
    "name": "Retain bounded browser timing metadata",
    "conclusion": "skipped",
    "startedAt": "2026-10-05T09:54:56Z",
    "completedAt": "2026-10-05T09:54:56Z",
    "seconds": null
  },
  "failureDiagnosticStep": {
    "name": "Publish failed-attempt diagnostics",
    "conclusion": "skipped",
    "startedAt": "2026-10-05T09:55:00Z",
    "completedAt": "2026-10-05T09:55:00Z",
    "seconds": null
  },
  "totalArtifactCount": 1,
  "artifacts": [
    {
      "id": 11337229220,
      "node_id": "MDg6QXJ0aWZhY3QxMTMzNzIyOTIyMA==",
      "name": "github-pages",
      "size_in_bytes": 374912,
      "url": "https://api.github.com/repos/Tien-Lam/ChronoShift/actions/artifacts/11337229220",
      "archive_download_url": "https://api.github.com/repos/Tien-Lam/ChronoShift/actions/artifacts/11337229220/zip",
      "expired": false,
      "digest": "sha256:774e7a3ca686661be286d80634c96d5810b5174dbab1b7d7fe91dff11e13d73e",
      "created_at": "2026-10-05T09:55:00Z",
      "updated_at": "2026-10-05T09:55:00Z",
      "expires_at": "2026-10-06T09:54:59Z",
      "workflow_run": {
        "id": 37292552858,
        "repository_id": 1206473449,
        "head_repository_id": 1206473449,
        "head_branch": "dependabot/github_actions/actions-maintenance-69fc19fed9",
        "head_sha": "7631906bdd654fd696596f74b733cf87d415cebf"
      },
      "nominalRetentionHours": 24,
      "nominalProjectedByteHours": 8997888
    }
  ],
  "source": {
    "head": "7631906bdd654fd696596f74b733cf87d415cebf",
    "expectedTree": "44a2096e710983603a85193c2cd33c05461145cb",
    "headTree": "44a2096e710983603a85193c2cd33c05461145cb",
    "testedMerge": "24a9d920a3c3bb71edcc860b8207442f462d9b8a",
    "testedTree": "44a2096e710983603a85193c2cd33c05461145cb",
    "testedShaInCheckoutLog": true,
    "identities": [
      {
        "path": "web",
        "previous": "78dbdbf65b5328416f0b169cc52d3ed9541d02f9",
        "head": "e8a7963096c8dcb09de5a259a966cf1b7aa595d9"
      },
      {
        "path": "e2e",
        "previous": "295d14434adb5ad70b272aa80b012efc90f572ff",
        "head": "a65df7f50cf7d504debf32a4a45562c0d0b5ae1a"
      },
      {
        "path": "tests",
        "previous": "39aaa930e5002536108aabce7b2d445d0a9bd429",
        "head": "39aaa930e5002536108aabce7b2d445d0a9bd429"
      },
      {
        "path": "scripts",
        "previous": "213342d4e83321aabf46bd2a280fae54ca6b4299",
        "head": "213342d4e83321aabf46bd2a280fae54ca6b4299"
      },
      {
        "path": "playwright.config.ts",
        "previous": "7a1c28db0dc15faaff76e2b02d72dc65962c9268",
        "head": "7a1c28db0dc15faaff76e2b02d72dc65962c9268"
      },
      {
        "path": "playwright.subpath.config.ts",
        "previous": "38acbcbda958e58264b5b71b70dc4fce3f0793aa",
        "head": "38acbcbda958e58264b5b71b70dc4fce3f0793aa"
      },
      {
        "path": "package.json",
        "previous": "5627cebee4d2062dadbf7536572981e5b9337fc4",
        "head": "5627cebee4d2062dadbf7536572981e5b9337fc4"
      },
      {
        "path": "bun.lock",
        "previous": "e418e7c65172b9b563f34a7c9f898bb3f0e988da",
        "head": "e418e7c65172b9b563f34a7c9f898bb3f0e988da"
      },
      {
        "path": ".github/dependabot.yml",
        "previous": "4cf4ca1242df077d8a625f55ffc6213a6bdd33b5",
        "head": "4cf4ca1242df077d8a625f55ffc6213a6bdd33b5"
      },
      {
        "path": ".github/workflows/web.yml",
        "previous": "4a2d098605337417b84965f2227d1cda67a981d7",
        "head": "4a2d098605337417b84965f2227d1cda67a981d7"
      },
      {
        "path": ".github/workflows/pages.yml",
        "previous": "403f2d3a603847520efc76033141f272e3094fdb",
        "head": "403f2d3a603847520efc76033141f272e3094fdb"
      }
    ],
    "approvedApp": "35e11bac657a0c379fda48af9b454e674d2ea854",
    "approvedAppWebTree": "e8a7963096c8dcb09de5a259a966cf1b7aa595d9",
    "finalWebTree": "e8a7963096c8dcb09de5a259a966cf1b7aa595d9",
    "workflowBytesUnchanged": true,
    "nonDocsDelta": [
      "e2e/copy-focus.spec.ts",
      "web/src/App.tsx"
    ],
    "finalTestSha256": "6467c3acb6f5da55573678ac9e64b846fd3f8eba1cdb04b4df6ea59c0bfb429e"
  },
  "resource": {
    "bracketSeconds": 285.018,
    "cpuDelta": {
      "usage_usec": 958767629,
      "user_usec": 832675272,
      "system_usec": 126092357,
      "nice_usec": 54028000,
      "core_sched.force_idle_usec": 0,
      "nr_periods": 0,
      "nr_throttled": 0,
      "throttled_usec": 0,
      "nr_bursts": 0,
      "burst_usec": 0
    },
    "memoryEventsDelta": {
      "low": 0,
      "high": 0,
      "max": 0,
      "oom": 0,
      "oom_kill": 0,
      "oom_group_kill": 0
    }
  },
  "limitations": [
    "Job spans and rounded minutes are proxies, not account billing or complete paired publication.",
    "Nominal artifact byte-hours do not establish actual storage billing or expiration.",
    "Root owns artifact extraction/public verification; no publication claimed here.",
    "Ordinary mode intentionally has no structured timing artifact or green marker file. Full raw attempt inventory and skipped diagnostic branch supply bounded retry/marker evidence.",
    "No causal performance or TIE375 acceptance claim; workload grew by fifteen regression cases."
  ]
}
