{
  "measuredAt": "2026-10-05T07:23:38.520Z",
  "configuredLine": "verify / web\tUNKNOWN STEP\t2026-10-05T07:17:45.4406160Z Running 258 tests using 4 workers",
  "attempts": 0,
  "uniqueCases": 0,
  "initialAttempts": 0,
  "retriedAttempts": 0,
  "failedAttempts": 0,
  "byProject": {},
  "profileDurations": [],
  "summaryLines": [],
  "unitSummaryLines": [],
  "subpathSummaryLines": [],
  "otherGatesMatch": false,
  "missing": [
    "foldable\u0000e2e/foldable.spec.ts\u0000notch and home-indicator safe areas inset the task",
    "foldable\u0000e2e/foldable.spec.ts\u0000tabletop posture confines the scrollable task to the upper screen",
    "foldable\u0000e2e/foldable.spec.ts\u0000input and results avoid a vertical hinge and survive folding",
    "chromium\u0000e2e/app.spec.ts\u0000worker failure recovers and a late response cannot resurrect cleared input",
    "chromium\u0000e2e/app.spec.ts\u0000a delayed failed readiness probe cannot overwrite a newer successful check",
    "chromium\u0000e2e/app.spec.ts\u0000pasted HTML cannot execute or fetch its URL",
    "chromium\u0000e2e/app.spec.ts\u0000an intact offline app survives a failed registration check while changing target zones",
    "chromium\u0000e2e/app.spec.ts\u0000missing cache reports incomplete and reconnect repairs the complete offline app",
    "chromium\u0000e2e/app.spec.ts\u0000convert, inspect ambiguity, copy manually and protect privacy",
    "chromium\u0000e2e/app.spec.ts\u0000close and reopen offline, then convert previously unseen input",
    "chromium\u0000e2e/app.spec.ts\u0000offline POST share is single-use and never places message in URL",
    "chromium\u0000e2e/app.spec.ts\u0000preferences persist, input does not; denied storage still converts",
    "chromium\u0000e2e/app.spec.ts\u0000input errors recover, edits invalidate results, keyboard keeps multiline input",
    "chromium\u0000e2e/app.spec.ts\u0000readable at 320px, dark mode, with no serious accessibility violations",
    "chromium\u0000e2e/app.spec.ts\u0000an update waits, preserves draft on opt-in, and survives a partial next update",
    "chromium\u0000e2e/controls.spec.ts\u0000hovering timezone suggestions preserves typed values while explicit selections still commit",
    "chromium\u0000e2e/controls.spec.ts\u0000timezone search preserves freeform offsets and recovers from empty and invalid choices",
    "chromium\u0000e2e/controls.spec.ts\u0000choice menus support keyboard selection, nested Escape and pointer dismissal",
    "chromium\u0000e2e/diagnostics.spec.ts\u0000detailed logging survives a tab reload and reset preferences disables it",
    "chromium\u0000e2e/diagnostics.spec.ts\u0000detailed logs still work in memory when session storage is denied",
    "chromium\u0000e2e/diagnostics.spec.ts\u0000detailed logs are opt-in, local, exclude message and selected zones, and stop when disabled",
    "chromium\u0000e2e/diagnostics.spec.ts\u0000a retired release repairs only missing files using its intact cached assets",
    "chromium\u0000e2e/diagnostics.spec.ts\u0000corrupt cached files fail integrity checks and detailed logs identify bounded repair failure",
    "chromium\u0000e2e/engine.spec.ts\u0000independent exact fixture expectations run in the production browser worker",
    "chromium\u0000e2e/controls.spec.ts\u0000themed choices align and their opened menus fit every breakpoint without losing work",
    "chromium\u0000e2e/diagnostics.spec.ts\u0000waiting updates remain actionable when a current cache probe times out",
    "chromium\u0000e2e/imports.spec.ts\u0000delayed clipboard offers replacement instead of overwriting edited or cleared work",
    "chromium\u0000e2e/imports.spec.ts\u0000delayed share offers replacement instead of overwriting edited or cleared work",
    "chromium\u0000e2e/imports.spec.ts\u0000an unresolved target hides copyable fallback results and correction restores the source interpretation",
    "chromium\u0000e2e/motion.spec.ts\u0000reduced motion keeps live feedback and usable results without animation",
    "chromium\u0000e2e/live.spec.ts\u0000typing, pasted text and conversion settings update without submission",
    "chromium\u0000e2e/offline-install.spec.ts\u0000a transient initial registration failure retries before any controller exists",
    "chromium\u0000e2e/live.spec.ts\u0000composition defers conversion and queued work cannot overwrite a newer draft",
    "chromium\u0000e2e/offline-install.spec.ts\u0000slow first installation clears its expired warning without losing conversion",
    "chromium\u0000e2e/offline-install.spec.ts\u0000a stale mutable release marker is refetched and checked before offline readiness",
    "chromium\u0000e2e/motion.spec.ts\u0000live feedback covers debounce and worker completion, then settles or cancels",
    "chromium\u0000e2e/offline-install.spec.ts\u0000a rejected first installation retries without reloading or clearing input",
    "chromium\u0000e2e/offline-install.spec.ts\u0000HTML response rewriting cannot break first installation or offline navigation",
    "chromium\u0000e2e/privacy.spec.ts\u0000invalid and oversized local shares return a paste fallback without storing text",
    "chromium\u0000e2e/privacy.spec.ts\u0000legacy command preferences migrate, reset removes them and quota failures keep conversion usable",
    "chromium\u0000e2e/privacy.spec.ts\u0000legacy lens preferences migrate, reset removes them and quota failures keep conversion usable",
    "chromium\u0000e2e/offline-install.spec.ts\u0000persistently wrong release bytes never activate or claim offline readiness",
    "chromium\u0000e2e/privacy.spec.ts\u0000expired and invalid temporary text is consumed and erased without restoring it",
    "chromium\u0000e2e/responsive.spec.ts\u0000touch-sized controls and keyboard navigation remain usable in a short viewport",
    "chromium\u0000e2e/responsive.spec.ts\u0000reflows across cover screens, phones, tablets and desktops without losing work",
    "chromium\u0000e2e/privacy.spec.ts\u0000denied update storage keeps the draft active and requires clearing before reload",
    "chromium\u0000e2e/uncontrolled.spec.ts\u0000an activated worker reclaims a hard-refreshed tab without reloading its draft",
    "chromium\u0000e2e/updates.spec.ts\u0000repair refuses another release and leaves the existing offline shell intact",
    "chromium\u0000e2e/updates.spec.ts\u0000oversized drafts block an update until they can be safely preserved",
    "chromium\u0000e2e/uncontrolled.spec.ts\u0000an older active worker cannot mark an uncontrolled tab ready or activate its waiting update",
    "chromium\u0000e2e/updates.spec.ts\u0000an interrupted rollback preserves a retained cache and its old tab worker",
    "chromium\u0000e2e/uncontrolled.spec.ts\u0000an explicit update recovers a timed-out readiness probe without another reload",
    "firefox\u0000e2e/app.spec.ts\u0000worker failure recovers and a late response cannot resurrect cleared input",
    "firefox\u0000e2e/app.spec.ts\u0000an intact offline app survives a failed registration check while changing target zones",
    "firefox\u0000e2e/app.spec.ts\u0000a delayed failed readiness probe cannot overwrite a newer successful check",
    "chromium\u0000e2e/updates.spec.ts\u0000old and new tabs retain their own workers across successive releases and offline restart",
    "firefox\u0000e2e/app.spec.ts\u0000missing cache reports incomplete and reconnect repairs the complete offline app",
    "chromium\u0000e2e/updates.spec.ts\u0000rollback preserves draft and preferences and removes obsolete caches with one remaining tab",
    "firefox\u0000e2e/app.spec.ts\u0000pasted HTML cannot execute or fetch its URL",
    "firefox\u0000e2e/app.spec.ts\u0000close and reopen offline, then convert previously unseen input",
    "firefox\u0000e2e/app.spec.ts\u0000convert, inspect ambiguity, copy manually and protect privacy",
    "firefox\u0000e2e/app.spec.ts\u0000input errors recover, edits invalidate results, keyboard keeps multiline input",
    "firefox\u0000e2e/app.spec.ts\u0000offline POST share is single-use and never places message in URL",
    "firefox\u0000e2e/app.spec.ts\u0000preferences persist, input does not; denied storage still converts",
    "firefox\u0000e2e/app.spec.ts\u0000readable at 320px, dark mode, with no serious accessibility violations",
    "firefox\u0000e2e/app.spec.ts\u0000an update waits, preserves draft on opt-in, and survives a partial next update",
    "firefox\u0000e2e/controls.spec.ts\u0000timezone search preserves freeform offsets and recovers from empty and invalid choices",
    "firefox\u0000e2e/controls.spec.ts\u0000choice menus support keyboard selection, nested Escape and pointer dismissal",
    "firefox\u0000e2e/controls.spec.ts\u0000hovering timezone suggestions preserves typed values while explicit selections still commit",
    "firefox\u0000e2e/diagnostics.spec.ts\u0000detailed logging survives a tab reload and reset preferences disables it",
    "firefox\u0000e2e/diagnostics.spec.ts\u0000detailed logs still work in memory when session storage is denied",
    "firefox\u0000e2e/diagnostics.spec.ts\u0000detailed logs are opt-in, local, exclude message and selected zones, and stop when disabled",
    "firefox\u0000e2e/diagnostics.spec.ts\u0000corrupt cached files fail integrity checks and detailed logs identify bounded repair failure",
    "firefox\u0000e2e/diagnostics.spec.ts\u0000a retired release repairs only missing files using its intact cached assets",
    "firefox\u0000e2e/engine.spec.ts\u0000independent exact fixture expectations run in the production browser worker",
    "firefox\u0000e2e/diagnostics.spec.ts\u0000waiting updates remain actionable when a current cache probe times out",
    "firefox\u0000e2e/imports.spec.ts\u0000delayed clipboard offers replacement instead of overwriting edited or cleared work",
    "firefox\u0000e2e/controls.spec.ts\u0000themed choices align and their opened menus fit every breakpoint without losing work",
    "firefox\u0000e2e/imports.spec.ts\u0000an unresolved target hides copyable fallback results and correction restores the source interpretation",
    "firefox\u0000e2e/imports.spec.ts\u0000delayed share offers replacement instead of overwriting edited or cleared work",
    "firefox\u0000e2e/motion.spec.ts\u0000reduced motion keeps live feedback and usable results without animation",
    "firefox\u0000e2e/live.spec.ts\u0000typing, pasted text and conversion settings update without submission",
    "firefox\u0000e2e/live.spec.ts\u0000composition defers conversion and queued work cannot overwrite a newer draft",
    "firefox\u0000e2e/offline-install.spec.ts\u0000a transient initial registration failure retries before any controller exists",
    "firefox\u0000e2e/offline-install.spec.ts\u0000a stale mutable release marker is refetched and checked before offline readiness",
    "firefox\u0000e2e/offline-install.spec.ts\u0000slow first installation clears its expired warning without losing conversion",
    "firefox\u0000e2e/motion.spec.ts\u0000live feedback covers debounce and worker completion, then settles or cancels",
    "firefox\u0000e2e/offline-install.spec.ts\u0000a rejected first installation retries without reloading or clearing input",
    "firefox\u0000e2e/offline-install.spec.ts\u0000HTML response rewriting cannot break first installation or offline navigation",
    "firefox\u0000e2e/privacy.spec.ts\u0000legacy lens preferences migrate, reset removes them and quota failures keep conversion usable",
    "firefox\u0000e2e/privacy.spec.ts\u0000legacy command preferences migrate, reset removes them and quota failures keep conversion usable",
    "firefox\u0000e2e/offline-install.spec.ts\u0000persistently wrong release bytes never activate or claim offline readiness",
    "firefox\u0000e2e/privacy.spec.ts\u0000invalid and oversized local shares return a paste fallback without storing text",
    "firefox\u0000e2e/responsive.spec.ts\u0000touch-sized controls and keyboard navigation remain usable in a short viewport",
    "firefox\u0000e2e/privacy.spec.ts\u0000denied update storage keeps the draft active and requires clearing before reload",
    "firefox\u0000e2e/uncontrolled.spec.ts\u0000an activated worker reclaims a hard-refreshed tab without reloading its draft",
    "firefox\u0000e2e/privacy.spec.ts\u0000expired and invalid temporary text is consumed and erased without restoring it",
    "firefox\u0000e2e/uncontrolled.spec.ts\u0000an explicit update recovers a timed-out readiness probe without another reload",
    "firefox\u0000e2e/responsive.spec.ts\u0000reflows across cover screens, phones, tablets and desktops without losing work",
    "firefox\u0000e2e/uncontrolled.spec.ts\u0000an older active worker cannot mark an uncontrolled tab ready or activate its waiting update",
    "firefox\u0000e2e/updates.spec.ts\u0000repair refuses another release and leaves the existing offline shell intact",
    "firefox\u0000e2e/updates.spec.ts\u0000oversized drafts block an update until they can be safely preserved",
    "firefox\u0000e2e/updates.spec.ts\u0000an interrupted rollback preserves a retained cache and its old tab worker",
    "webkit\u0000e2e/app.spec.ts\u0000worker failure recovers and a late response cannot resurrect cleared input",
    "webkit\u0000e2e/app.spec.ts\u0000an intact offline app survives a failed registration check while changing target zones",
    "firefox\u0000e2e/updates.spec.ts\u0000old and new tabs retain their own workers across successive releases and offline restart",
    "firefox\u0000e2e/updates.spec.ts\u0000rollback preserves draft and preferences and removes obsolete caches with one remaining tab",
    "webkit\u0000e2e/app.spec.ts\u0000a delayed failed readiness probe cannot overwrite a newer successful check",
    "webkit\u0000e2e/app.spec.ts\u0000missing cache reports incomplete and reconnect repairs the complete offline app",
    "webkit\u0000e2e/app.spec.ts\u0000pasted HTML cannot execute or fetch its URL",
    "webkit\u0000e2e/app.spec.ts\u0000convert, inspect ambiguity, copy manually and protect privacy",
    "webkit\u0000e2e/app.spec.ts\u0000close and reopen offline, then convert previously unseen input",
    "webkit\u0000e2e/app.spec.ts\u0000input errors recover, edits invalidate results, keyboard keeps multiline input",
    "webkit\u0000e2e/app.spec.ts\u0000preferences persist, input does not; denied storage still converts",
    "webkit\u0000e2e/app.spec.ts\u0000offline POST share is single-use and never places message in URL",
    "webkit\u0000e2e/app.spec.ts\u0000readable at 320px, dark mode, with no serious accessibility violations",
    "webkit\u0000e2e/app.spec.ts\u0000an update waits, preserves draft on opt-in, and survives a partial next update",
    "webkit\u0000e2e/controls.spec.ts\u0000hovering timezone suggestions preserves typed values while explicit selections still commit",
    "webkit\u0000e2e/controls.spec.ts\u0000timezone search preserves freeform offsets and recovers from empty and invalid choices",
    "webkit\u0000e2e/controls.spec.ts\u0000choice menus support keyboard selection, nested Escape and pointer dismissal",
    "webkit\u0000e2e/diagnostics.spec.ts\u0000detailed logs are opt-in, local, exclude message and selected zones, and stop when disabled",
    "webkit\u0000e2e/diagnostics.spec.ts\u0000detailed logging survives a tab reload and reset preferences disables it",
    "webkit\u0000e2e/diagnostics.spec.ts\u0000detailed logs still work in memory when session storage is denied",
    "webkit\u0000e2e/diagnostics.spec.ts\u0000a retired release repairs only missing files using its intact cached assets",
    "webkit\u0000e2e/diagnostics.spec.ts\u0000corrupt cached files fail integrity checks and detailed logs identify bounded repair failure",
    "webkit\u0000e2e/engine.spec.ts\u0000independent exact fixture expectations run in the production browser worker",
    "webkit\u0000e2e/diagnostics.spec.ts\u0000waiting updates remain actionable when a current cache probe times out",
    "webkit\u0000e2e/imports.spec.ts\u0000delayed clipboard offers replacement instead of overwriting edited or cleared work",
    "webkit\u0000e2e/imports.spec.ts\u0000an unresolved target hides copyable fallback results and correction restores the source interpretation",
    "webkit\u0000e2e/imports.spec.ts\u0000delayed share offers replacement instead of overwriting edited or cleared work",
    "webkit\u0000e2e/live.spec.ts\u0000composition defers conversion and queued work cannot overwrite a newer draft",
    "webkit\u0000e2e/live.spec.ts\u0000typing, pasted text and conversion settings update without submission",
    "webkit\u0000e2e/controls.spec.ts\u0000themed choices align and their opened menus fit every breakpoint without losing work",
    "webkit\u0000e2e/motion.spec.ts\u0000reduced motion keeps live feedback and usable results without animation",
    "webkit\u0000e2e/offline-install.spec.ts\u0000a transient initial registration failure retries before any controller exists",
    "webkit\u0000e2e/motion.spec.ts\u0000live feedback covers debounce and worker completion, then settles or cancels",
    "webkit\u0000e2e/offline-install.spec.ts\u0000a stale mutable release marker is refetched and checked before offline readiness",
    "webkit\u0000e2e/offline-install.spec.ts\u0000slow first installation clears its expired warning without losing conversion",
    "webkit\u0000e2e/offline-install.spec.ts\u0000a rejected first installation retries without reloading or clearing input",
    "webkit\u0000e2e/offline-install.spec.ts\u0000HTML response rewriting cannot break first installation or offline navigation",
    "webkit\u0000e2e/privacy.spec.ts\u0000legacy lens preferences migrate, reset removes them and quota failures keep conversion usable",
    "webkit\u0000e2e/privacy.spec.ts\u0000legacy command preferences migrate, reset removes them and quota failures keep conversion usable",
    "webkit\u0000e2e/privacy.spec.ts\u0000invalid and oversized local shares return a paste fallback without storing text",
    "webkit\u0000e2e/offline-install.spec.ts\u0000persistently wrong release bytes never activate or claim offline readiness",
    "webkit\u0000e2e/responsive.spec.ts\u0000touch-sized controls and keyboard navigation remain usable in a short viewport",
    "webkit\u0000e2e/privacy.spec.ts\u0000denied update storage keeps the draft active and requires clearing before reload",
    "webkit\u0000e2e/uncontrolled.spec.ts\u0000an activated worker reclaims a hard-refreshed tab without reloading its draft",
    "webkit\u0000e2e/privacy.spec.ts\u0000expired and invalid temporary text is consumed and erased without restoring it",
    "webkit\u0000e2e/uncontrolled.spec.ts\u0000an explicit update recovers a timed-out readiness probe without another reload",
    "webkit\u0000e2e/uncontrolled.spec.ts\u0000an older active worker cannot mark an uncontrolled tab ready or activate its waiting update",
    "webkit\u0000e2e/responsive.spec.ts\u0000reflows across cover screens, phones, tablets and desktops without losing work",
    "webkit\u0000e2e/updates.spec.ts\u0000repair refuses another release and leaves the existing offline shell intact",
    "webkit\u0000e2e/updates.spec.ts\u0000oversized drafts block an update until they can be safely preserved",
    "webkit\u0000e2e/updates.spec.ts\u0000an interrupted rollback preserves a retained cache and its old tab worker",
    "android-emulation\u0000e2e/app.spec.ts\u0000worker failure recovers and a late response cannot resurrect cleared input",
    "android-emulation\u0000e2e/app.spec.ts\u0000an intact offline app survives a failed registration check while changing target zones",
    "android-emulation\u0000e2e/app.spec.ts\u0000a delayed failed readiness probe cannot overwrite a newer successful check",
    "webkit\u0000e2e/updates.spec.ts\u0000rollback preserves draft and preferences and removes obsolete caches with one remaining tab",
    "webkit\u0000e2e/updates.spec.ts\u0000old and new tabs retain their own workers across successive releases and offline restart",
    "android-emulation\u0000e2e/app.spec.ts\u0000missing cache reports incomplete and reconnect repairs the complete offline app",
    "android-emulation\u0000e2e/app.spec.ts\u0000pasted HTML cannot execute or fetch its URL",
    "android-emulation\u0000e2e/app.spec.ts\u0000convert, inspect ambiguity, copy manually and protect privacy",
    "android-emulation\u0000e2e/app.spec.ts\u0000close and reopen offline, then convert previously unseen input",
    "android-emulation\u0000e2e/app.spec.ts\u0000preferences persist, input does not; denied storage still converts",
    "android-emulation\u0000e2e/app.spec.ts\u0000input errors recover, edits invalidate results, keyboard keeps multiline input",
    "android-emulation\u0000e2e/app.spec.ts\u0000offline POST share is single-use and never places message in URL",
    "android-emulation\u0000e2e/app.spec.ts\u0000readable at 320px, dark mode, with no serious accessibility violations",
    "android-emulation\u0000e2e/app.spec.ts\u0000an update waits, preserves draft on opt-in, and survives a partial next update",
    "android-emulation\u0000e2e/controls.spec.ts\u0000timezone search preserves freeform offsets and recovers from empty and invalid choices",
    "android-emulation\u0000e2e/controls.spec.ts\u0000hovering timezone suggestions preserves typed values while explicit selections still commit",
    "android-emulation\u0000e2e/controls.spec.ts\u0000choice menus support keyboard selection, nested Escape and pointer dismissal",
    "android-emulation\u0000e2e/diagnostics.spec.ts\u0000detailed logging survives a tab reload and reset preferences disables it",
    "android-emulation\u0000e2e/diagnostics.spec.ts\u0000detailed logs still work in memory when session storage is denied",
    "android-emulation\u0000e2e/diagnostics.spec.ts\u0000detailed logs are opt-in, local, exclude message and selected zones, and stop when disabled",
    "android-emulation\u0000e2e/diagnostics.spec.ts\u0000a retired release repairs only missing files using its intact cached assets",
    "android-emulation\u0000e2e/diagnostics.spec.ts\u0000corrupt cached files fail integrity checks and detailed logs identify bounded repair failure",
    "android-emulation\u0000e2e/engine.spec.ts\u0000independent exact fixture expectations run in the production browser worker",
    "android-emulation\u0000e2e/controls.spec.ts\u0000themed choices align and their opened menus fit every breakpoint without losing work",
    "android-emulation\u0000e2e/imports.spec.ts\u0000delayed clipboard offers replacement instead of overwriting edited or cleared work",
    "android-emulation\u0000e2e/diagnostics.spec.ts\u0000waiting updates remain actionable when a current cache probe times out",
    "android-emulation\u0000e2e/imports.spec.ts\u0000delayed share offers replacement instead of overwriting edited or cleared work",
    "android-emulation\u0000e2e/imports.spec.ts\u0000an unresolved target hides copyable fallback results and correction restores the source interpretation",
    "android-emulation\u0000e2e/live.spec.ts\u0000typing, pasted text and conversion settings update without submission",
    "android-emulation\u0000e2e/motion.spec.ts\u0000reduced motion keeps live feedback and usable results without animation",
    "android-emulation\u0000e2e/live.spec.ts\u0000composition defers conversion and queued work cannot overwrite a newer draft",
    "android-emulation\u0000e2e/offline-install.spec.ts\u0000slow first installation clears its expired warning without losing conversion",
    "android-emulation\u0000e2e/offline-install.spec.ts\u0000a transient initial registration failure retries before any controller exists",
    "android-emulation\u0000e2e/offline-install.spec.ts\u0000a stale mutable release marker is refetched and checked before offline readiness",
    "android-emulation\u0000e2e/offline-install.spec.ts\u0000a rejected first installation retries without reloading or clearing input",
    "android-emulation\u0000e2e/motion.spec.ts\u0000live feedback covers debounce and worker completion, then settles or cancels",
    "android-emulation\u0000e2e/offline-install.spec.ts\u0000HTML response rewriting cannot break first installation or offline navigation",
    "android-emulation\u0000e2e/privacy.spec.ts\u0000legacy lens preferences migrate, reset removes them and quota failures keep conversion usable",
    "android-emulation\u0000e2e/privacy.spec.ts\u0000legacy command preferences migrate, reset removes them and quota failures keep conversion usable",
    "android-emulation\u0000e2e/privacy.spec.ts\u0000invalid and oversized local shares return a paste fallback without storing text",
    "android-emulation\u0000e2e/offline-install.spec.ts\u0000persistently wrong release bytes never activate or claim offline readiness",
    "android-emulation\u0000e2e/privacy.spec.ts\u0000expired and invalid temporary text is consumed and erased without restoring it",
    "android-emulation\u0000e2e/responsive.spec.ts\u0000touch-sized controls and keyboard navigation remain usable in a short viewport",
    "android-emulation\u0000e2e/privacy.spec.ts\u0000denied update storage keeps the draft active and requires clearing before reload",
    "android-emulation\u0000e2e/responsive.spec.ts\u0000reflows across cover screens, phones, tablets and desktops without losing work",
    "android-emulation\u0000e2e/uncontrolled.spec.ts\u0000an activated worker reclaims a hard-refreshed tab without reloading its draft",
    "android-emulation\u0000e2e/updates.spec.ts\u0000repair refuses another release and leaves the existing offline shell intact",
    "android-emulation\u0000e2e/updates.spec.ts\u0000oversized drafts block an update until they can be safely preserved",
    "android-emulation\u0000e2e/uncontrolled.spec.ts\u0000an older active worker cannot mark an uncontrolled tab ready or activate its waiting update",
    "android-emulation\u0000e2e/updates.spec.ts\u0000an interrupted rollback preserves a retained cache and its old tab worker",
    "android-emulation\u0000e2e/uncontrolled.spec.ts\u0000an explicit update recovers a timed-out readiness probe without another reload",
    "iphone-emulation\u0000e2e/app.spec.ts\u0000worker failure recovers and a late response cannot resurrect cleared input",
    "iphone-emulation\u0000e2e/app.spec.ts\u0000an intact offline app survives a failed registration check while changing target zones",
    "iphone-emulation\u0000e2e/app.spec.ts\u0000a delayed failed readiness probe cannot overwrite a newer successful check",
    "iphone-emulation\u0000e2e/app.spec.ts\u0000missing cache reports incomplete and reconnect repairs the complete offline app",
    "iphone-emulation\u0000e2e/app.spec.ts\u0000pasted HTML cannot execute or fetch its URL",
    "android-emulation\u0000e2e/updates.spec.ts\u0000old and new tabs retain their own workers across successive releases and offline restart",
    "android-emulation\u0000e2e/updates.spec.ts\u0000rollback preserves draft and preferences and removes obsolete caches with one remaining tab",
    "iphone-emulation\u0000e2e/app.spec.ts\u0000convert, inspect ambiguity, copy manually and protect privacy",
    "iphone-emulation\u0000e2e/app.spec.ts\u0000close and reopen offline, then convert previously unseen input",
    "iphone-emulation\u0000e2e/app.spec.ts\u0000offline POST share is single-use and never places message in URL",
    "iphone-emulation\u0000e2e/app.spec.ts\u0000input errors recover, edits invalidate results, keyboard keeps multiline input",
    "iphone-emulation\u0000e2e/app.spec.ts\u0000readable at 320px, dark mode, with no serious accessibility violations",
    "iphone-emulation\u0000e2e/app.spec.ts\u0000preferences persist, input does not; denied storage still converts",
    "iphone-emulation\u0000e2e/app.spec.ts\u0000an update waits, preserves draft on opt-in, and survives a partial next update",
    "iphone-emulation\u0000e2e/controls.spec.ts\u0000hovering timezone suggestions preserves typed values while explicit selections still commit",
    "iphone-emulation\u0000e2e/controls.spec.ts\u0000timezone search preserves freeform offsets and recovers from empty and invalid choices",
    "iphone-emulation\u0000e2e/controls.spec.ts\u0000choice menus support keyboard selection, nested Escape and pointer dismissal",
    "iphone-emulation\u0000e2e/diagnostics.spec.ts\u0000detailed logs still work in memory when session storage is denied",
    "iphone-emulation\u0000e2e/diagnostics.spec.ts\u0000detailed logging survives a tab reload and reset preferences disables it",
    "iphone-emulation\u0000e2e/diagnostics.spec.ts\u0000detailed logs are opt-in, local, exclude message and selected zones, and stop when disabled",
    "iphone-emulation\u0000e2e/diagnostics.spec.ts\u0000corrupt cached files fail integrity checks and detailed logs identify bounded repair failure",
    "iphone-emulation\u0000e2e/diagnostics.spec.ts\u0000a retired release repairs only missing files using its intact cached assets",
    "iphone-emulation\u0000e2e/engine.spec.ts\u0000independent exact fixture expectations run in the production browser worker",
    "iphone-emulation\u0000e2e/diagnostics.spec.ts\u0000waiting updates remain actionable when a current cache probe times out",
    "iphone-emulation\u0000e2e/imports.spec.ts\u0000delayed clipboard offers replacement instead of overwriting edited or cleared work",
    "iphone-emulation\u0000e2e/imports.spec.ts\u0000an unresolved target hides copyable fallback results and correction restores the source interpretation",
    "iphone-emulation\u0000e2e/controls.spec.ts\u0000themed choices align and their opened menus fit every breakpoint without losing work",
    "iphone-emulation\u0000e2e/imports.spec.ts\u0000delayed share offers replacement instead of overwriting edited or cleared work",
    "iphone-emulation\u0000e2e/motion.spec.ts\u0000reduced motion keeps live feedback and usable results without animation",
    "iphone-emulation\u0000e2e/live.spec.ts\u0000typing, pasted text and conversion settings update without submission",
    "iphone-emulation\u0000e2e/live.spec.ts\u0000composition defers conversion and queued work cannot overwrite a newer draft",
    "iphone-emulation\u0000e2e/offline-install.spec.ts\u0000a transient initial registration failure retries before any controller exists",
    "iphone-emulation\u0000e2e/offline-install.spec.ts\u0000slow first installation clears its expired warning without losing conversion",
    "iphone-emulation\u0000e2e/offline-install.spec.ts\u0000a stale mutable release marker is refetched and checked before offline readiness",
    "iphone-emulation\u0000e2e/motion.spec.ts\u0000live feedback covers debounce and worker completion, then settles or cancels",
    "iphone-emulation\u0000e2e/offline-install.spec.ts\u0000a rejected first installation retries without reloading or clearing input",
    "iphone-emulation\u0000e2e/offline-install.spec.ts\u0000HTML response rewriting cannot break first installation or offline navigation",
    "iphone-emulation\u0000e2e/privacy.spec.ts\u0000legacy lens preferences migrate, reset removes them and quota failures keep conversion usable",
    "iphone-emulation\u0000e2e/privacy.spec.ts\u0000legacy command preferences migrate, reset removes them and quota failures keep conversion usable",
    "iphone-emulation\u0000e2e/privacy.spec.ts\u0000invalid and oversized local shares return a paste fallback without storing text",
    "iphone-emulation\u0000e2e/offline-install.spec.ts\u0000persistently wrong release bytes never activate or claim offline readiness",
    "iphone-emulation\u0000e2e/privacy.spec.ts\u0000denied update storage keeps the draft active and requires clearing before reload",
    "iphone-emulation\u0000e2e/uncontrolled.spec.ts\u0000an activated worker reclaims a hard-refreshed tab without reloading its draft",
    "iphone-emulation\u0000e2e/uncontrolled.spec.ts\u0000an explicit update recovers a timed-out readiness probe without another reload",
    "iphone-emulation\u0000e2e/uncontrolled.spec.ts\u0000an older active worker cannot mark an uncontrolled tab ready or activate its waiting update",
    "iphone-emulation\u0000e2e/responsive.spec.ts\u0000touch-sized controls and keyboard navigation remain usable in a short viewport",
    "iphone-emulation\u0000e2e/privacy.spec.ts\u0000expired and invalid temporary text is consumed and erased without restoring it",
    "iphone-emulation\u0000e2e/updates.spec.ts\u0000repair refuses another release and leaves the existing offline shell intact",
    "iphone-emulation\u0000e2e/responsive.spec.ts\u0000reflows across cover screens, phones, tablets and desktops without losing work",
    "iphone-emulation\u0000e2e/updates.spec.ts\u0000oversized drafts block an update until they can be safely preserved",
    "iphone-emulation\u0000e2e/updates.spec.ts\u0000an interrupted rollback preserves a retained cache and its old tab worker",
    "iphone-emulation\u0000e2e/updates.spec.ts\u0000rollback preserves draft and preferences and removes obsolete caches with one remaining tab",
    "iphone-emulation\u0000e2e/updates.spec.ts\u0000old and new tabs retain their own workers across successive releases and offline restart"
  ],
  "added": [],
  "skippedChanges": [],
  "equalInventory": false,
  "passedAttemptSumMs": 0,
  "durationLimit": "List reporter durations are rounded, overlap concurrent workers and include waits; skipped attempt duration is not printed. Not CPU time."
}
