{"startedAt":"2026-10-05T10:27:30.070Z","endedAt":"2026-10-05T10:27:37.030Z","rows":0,"errors":1}
8583 | 
8584 | // packages/utils/stackTrace.ts
8585 | function captureRawStack() {
8586 |   const stackTraceLimit = Error.stackTraceLimit;
8587 |   Error.stackTraceLimit = 50;
8588 |   const error = new Error();
                           ^
error: expect(locator).toHaveText(expected) failed

Locator:  locator('.result-zone')
Expected: "UTC+00:00 UTC"
Received: "UTC"
Timeout:  5000ms

Call log:
  - Expect "toHaveText" locator('.result-zone') with timeout 5000ms
  - waiting for locator('.result-zone')
    14 × locator resolved to <p class="result-zone">UTC</p>
       - unexpected value "UTC"

 matcherResult: {
  name: "toHaveText",
  expected: "UTC+00:00 UTC",
  message: "expect(locator).toHaveText(expected) failed\n\nLocator:  locator('.result-zone')\nExpected: \"UTC+00:00 UTC\"\nReceived: \"UTC\"\nTimeout:  5000ms\n\nCall log:\n  - Expect \"toHaveText\" locator('.result-zone') with timeout 5000ms\n  - waiting for locator('.result-zone')\n    14 × locator resolved to <p class=\"result-zone\">UTC</p>\n       - unexpected value \"UTC\"\n",
  pass: false,
  actual: "UTC",
  log: [ "  - Expect \"toHaveText\" locator('.result-zone') with timeout 5000ms", "  - waiting for locator('.result-zone')",
    "    14 × locator resolved to <p class=\"result-zone\">UTC</p>", "       - unexpected value \"UTC\""
  ],
  timeout: 5000,
  ariaSnapshot: "- paragraph: UTC",
},

      at captureRawStack (/Users/tien/Developer/ChronoShift/node_modules/playwright-core/lib/coreBundle.js:8588:21)
      at callMatcherAsStep (/Users/tien/Developer/ChronoShift/node_modules/playwright/lib/matchers/expect.js:13310:57)

Bun v1.4.0 (macOS arm64)
