Refreshing run status every 30 seconds. Press Ctrl+C to quit.

* main GitHub Pages · 37293327085
Triggered via push less than a minute ago

JOBS
* prepare (ID 111708648721)
  ✓ Set up job
  ✓ Run actions/checkout@3d3c42e5aac5ba805825da76410c181273ba90b1
  * Run jdx/mise-action@7a4e45a543138629540c9a1616d08632b893e492
  * Reuse the exact verified PR artifact
  * Run actions/configure-pages@45bfe0192ca1faeb007ade9deae92b16b8254a0d
  * Upload the verified Pages build
  * Run actions/deploy-pages@368f82528645a54fb793d4d04e342629a3f51346
  * Post Run actions/checkout@3d3c42e5aac5ba805825da76410c181273ba90b1
✓ main GitHub Pages · 37293327085
Triggered via push less than a minute ago

JOBS
✓ prepare in 44s (ID 111708648721)
  ✓ Set up job
  ✓ Run actions/checkout@3d3c42e5aac5ba805825da76410c181273ba90b1
  ✓ Run jdx/mise-action@7a4e45a543138629540c9a1616d08632b893e492
  ✓ Reuse the exact verified PR artifact
  ✓ Run actions/configure-pages@45bfe0192ca1faeb007ade9deae92b16b8254a0d
  ✓ Upload the verified Pages build
  ✓ Run actions/deploy-pages@368f82528645a54fb793d4d04e342629a3f51346
  ✓ Post Run actions/checkout@3d3c42e5aac5ba805825da76410c181273ba90b1
  ✓ Complete job
- verify in 0s (ID 111708931466)
- deploy (ID 111708932884)
